12-29 01:52:14.028  1790  1826 E ApplicationHelper: Fail to get PackageManager
12-29 01:52:14.028  1790  1826 E ApplicationHelper: Fail to get PackageManager
12-29 01:52:14.030  1790  1826 E ApplicationHelper: Fail to get PackageManager
12-29 01:52:14.030  1790  1826 E ApplicationHelper: Fail to get PackageManager
12-29 01:52:14.030  1790  1826 E ApplicationHelper: Fail to get PackageManager
12-29 01:52:15.521  1790  1826 E ApplicationHelper: Fail to get PackageManager
12-29 01:52:17.435  1790  1974 E TranDynamicBarAnimControllerImpl: TranDynamicBarAnimControllerImpl setFromDynamicIslandToWindow pkgName:com.facebook.services
12-29 01:52:17.435  1790  1974 E TranDynamicBarAnimControllerImpl: start setFromDynamicIslandToWindow startFromDynamicIsland:false
12-29 01:52:17.435  1790  1974 E TranDynamicBarAnimControllerImpl: end setFromDynamicIslandToWindow mDynamicIslandPkgName:com.facebook.services mStartFromDynamicIsland:false
12-29 01:52:17.442  1790  1826 E ApplicationHelper: Fail to get PackageManager
12-29 01:52:17.457  1790  1826 E ApplicationHelper: Fail to get PackageManager
12-29 01:52:19.239  1790  1826 E ApplicationHelper: Fail to get PackageManager
12-29 01:52:19.239  1790  1826 E ApplicationHelper: Fail to get PackageManager
12-29 01:52:19.239  1790  1826 E ApplicationHelper: Fail to get PackageManager
12-29 01:52:19.242  1790  1826 E ApplicationHelper: Fail to get PackageManager
12-29 01:52:19.242  1790  1826 E ApplicationHelper: Fail to get PackageManager
12-29 01:52:19.242  1790  1826 E ApplicationHelper: Fail to get PackageManager
12-29 01:52:19.248  1790  1826 E ApplicationHelper: Fail to get PackageManager
12-29 01:52:19.249  1790  1826 E ApplicationHelper: Fail to get PackageManager
12-29 01:52:22.462  1790  1974 E TranDynamicBarAnimControllerImpl: TranDynamicBarAnimControllerImpl setFromDynamicIslandToWindow pkgName:com.facebook.services
12-29 01:52:22.462  1790  1974 E TranDynamicBarAnimControllerImpl: start setFromDynamicIslandToWindow startFromDynamicIsland:false
12-29 01:52:22.463  1790  1974 E TranDynamicBarAnimControllerImpl: end setFromDynamicIslandToWindow mDynamicIslandPkgName:com.facebook.services mStartFromDynamicIsland:false
12-29 01:52:22.466  1790  1826 E ApplicationHelper: Fail to get PackageManager
12-29 01:52:22.475  1790  1826 E ApplicationHelper: Fail to get PackageManager
12-29 01:52:22.483  1790  1826 E ApplicationHelper: Fail to get PackageManager
12-29 01:52:22.486  1790  1826 E ApplicationHelper: Fail to get PackageManager
12-29 01:52:22.487  1790  1826 E ApplicationHelper: Fail to get PackageManager
12-29 01:52:22.491  1790  1826 E ApplicationHelper: Fail to get PackageManager
12-29 01:52:22.500  1790  1826 E ApplicationHelper: Fail to get PackageManager
12-29 01:52:22.504  1790  1826 E ApplicationHelper: Fail to get PackageManager
12-29 01:52:22.514  1790  1826 E ApplicationHelper: Fail to get PackageManager
12-29 01:52:22.515  1790  1826 E ApplicationHelper: Fail to get PackageManager
12-29 01:52:22.517  1790  1907 E ActivityManager: Sending non-protected broadcast com.mediatek.action.UNREAD_CHANGED from system 30051:com.android.settings/1000 pkg com.android.settings
12-29 01:52:22.517  1790  1907 E ActivityManager: java.lang.Throwable
12-29 01:52:22.517  1790  1907 E ActivityManager:       at com.android.server.am.ActivityManagerService.checkBroadcastFromSystem(ActivityManagerService.java:16941)
12-29 01:52:22.517  1790  1907 E ActivityManager:       at com.android.server.am.ActivityManagerService.broadcastIntentLockedTraced(ActivityManagerService.java:17951)
12-29 01:52:22.517  1790  1907 E ActivityManager:       at com.android.server.am.ActivityManagerService.broadcastIntentLocked(ActivityManagerService.java:17110)
12-29 01:52:22.517  1790  1907 E ActivityManager:       at com.android.server.am.ActivityManagerService.broadcastIntentWithFeature(ActivityManagerService.java:18202)
12-29 01:52:22.517  1790  1907 E ActivityManager:       at android.app.IActivityManager$Stub.onTransact$broadcastIntentWithFeature$(IActivityManager.java:13167)
12-29 01:52:22.517  1790  1907 E ActivityManager:       at android.app.IActivityManager$Stub.onTransact(IActivityManager.java:3384)
12-29 01:52:22.517  1790  1907 E ActivityManager:       at com.android.server.am.ActivityManagerService.onTransact(ActivityManagerService.java:3149)
12-29 01:52:22.517  1790  1907 E ActivityManager:       at android.os.Binder.execTransactInternal(Binder.java:1534)
12-29 01:52:22.517  1790  1907 E ActivityManager:       at android.os.Binder.execTransact(Binder.java:1460)
12-29 01:52:22.517  1790  1861 E TranExceptionReporterComponentImpl: init: ro.product.succ.bbcollect.log.support==1
12-29 01:52:22.517  1790  1861 E TranExceptionReporterComponentImpl: init: ro.product.succ.bbcollect.log.support==1
12-29 01:52:22.520  1790  1826 E ApplicationHelper: Fail to get PackageManager
12-29 01:52:22.521  1790  1826 E ApplicationHelper: Fail to get PackageManager
12-29 01:52:22.521  1790  1826 E ApplicationHelper: Fail to get PackageManager
12-29 01:52:25.980 23138 23139 E artd    : Unable to resolve path '/data/app/~~DQeqWFf0VYdd4CZI2X5HXA==/net.bat.store-bybf__pivJubLMlIOjWmIA==/base.apk': No such file or directory
12-29 01:52:27.482  1790  1974 E TranDynamicBarAnimControllerImpl: TranDynamicBarAnimControllerImpl setFromDynamicIslandToWindow pkgName:android
12-29 01:52:27.482  1790  1974 E TranDynamicBarAnimControllerImpl: start setFromDynamicIslandToWindow startFromDynamicIsland:false
12-29 01:52:27.482  1790  1974 E TranDynamicBarAnimControllerImpl: end setFromDynamicIslandToWindow mDynamicIslandPkgName:android mStartFromDynamicIsland:false
12-29 01:52:27.486  1790  1974 E TranDynamicBarAnimControllerImpl: TranDynamicBarAnimControllerImpl setFromDynamicIslandToWindow pkgName:com.facebook.services
12-29 01:52:27.486  1790  1974 E TranDynamicBarAnimControllerImpl: start setFromDynamicIslandToWindow startFromDynamicIsland:false
12-29 01:52:27.487  1790  1974 E TranDynamicBarAnimControllerImpl: end setFromDynamicIslandToWindow mDynamicIslandPkgName:com.facebook.services mStartFromDynamicIsland:false
12-29 01:52:27.493  1790  1826 E ApplicationHelper: Fail to get PackageManager
12-29 01:52:27.506  1790  1826 E ApplicationHelper: Fail to get PackageManager
12-29 01:52:32.508  1790  1974 E TranDynamicBarAnimControllerImpl: TranDynamicBarAnimControllerImpl setFromDynamicIslandToWindow pkgName:com.facebook.services
12-29 01:52:32.508  1790  1974 E TranDynamicBarAnimControllerImpl: start setFromDynamicIslandToWindow startFromDynamicIsland:false
12-29 01:52:32.508  1790  1974 E TranDynamicBarAnimControllerImpl: end setFromDynamicIslandToWindow mDynamicIslandPkgName:com.facebook.services mStartFromDynamicIsland:false
12-29 01:52:32.513  1790  1826 E ApplicationHelper: Fail to get PackageManager
12-29 01:52:32.528  1790  1826 E ApplicationHelper: Fail to get PackageManager
12-29 01:52:33.117  1790  1826 E ApplicationHelper: Fail to get PackageManager
12-29 01:52:33.885  1790  1826 E ApplicationHelper: Fail to get PackageManager
12-29 01:52:33.890  1790  1826 E ApplicationHelper: Fail to get PackageManager
12-29 01:52:34.659  1790  1826 E ApplicationHelper: Fail to get PackageManager
12-29 01:52:37.528  1790  1974 E TranDynamicBarAnimControllerImpl: TranDynamicBarAnimControllerImpl setFromDynamicIslandToWindow pkgName:com.facebook.services
12-29 01:52:37.528  1790  1974 E TranDynamicBarAnimControllerImpl: start setFromDynamicIslandToWindow startFromDynamicIsland:false
12-29 01:52:37.528  1790  1974 E TranDynamicBarAnimControllerImpl: end setFromDynamicIslandToWindow mDynamicIslandPkgName:com.facebook.services mStartFromDynamicIsland:false
12-29 01:52:37.534  1790  1826 E ApplicationHelper: Fail to get PackageManager
12-29 01:52:37.549  1790  1826 E ApplicationHelper: Fail to get PackageManager
12-29 01:52:40.365 30051 16382 E Athena  : ------------------------------------------------------------
12-29 01:52:40.366 30051 16382 E Athena  :
12-29 01:52:40.366 30051 16382 E Athena  :   - Athena is in Release mode with log enabled. Please set AthenaAnalytics.setDebug(false) to release this APK Debug[com.android.settings]
12-29 01:52:40.366 30051 16382 E Athena  :
12-29 01:52:40.367 30051 16382 E Athena  : ------------------------------------------------------------
12-29 01:52:41.392  7195  7305 E MvfstCallbacks.cpp: readError: streamid=3; error=LocalError: Idle timeout, Idle timeout: 60 seconds
12-29 01:52:41.392  7195  7305 E MvfstCallbacks.cpp: readError: streamid=7; error=LocalError: Idle timeout, Idle timeout: 60 seconds
12-29 01:52:41.392  7195  7305 E MvfstCallbacks.cpp: readError: streamid=11; error=LocalError: Idle timeout, Idle timeout: 60 seconds
12-29 01:52:41.392  7195  7305 E MvfstCallbacks.cpp: onConnectionError: error=LocalError: Idle timeout, Idle timeout: 60 seconds
12-29 01:52:41.394  7195  7385 E MvfstCallbacks.cpp: readError: streamid=0; error=LocalError: Idle timeout, Idle timeout: 35 seconds
12-29 01:52:41.394  7195  7385 E MvfstCallbacks.cpp: readError: streamid=11; error=LocalError: Idle timeout, Idle timeout: 35 seconds
12-29 01:52:41.394  7195  7385 E MvfstCallbacks.cpp: readError: streamid=4; error=LocalError: Idle timeout, Idle timeout: 35 seconds
12-29 01:52:41.394  7195  7385 E MvfstCallbacks.cpp: readError: streamid=8; error=LocalError: Idle timeout, Idle timeout: 35 seconds
12-29 01:52:41.394  7195  7385 E MvfstCallbacks.cpp: readError: streamid=3; error=LocalError: Idle timeout, Idle timeout: 35 seconds
12-29 01:52:41.394  7195  7385 E MvfstCallbacks.cpp: readError: streamid=7; error=LocalError: Idle timeout, Idle timeout: 35 seconds
12-29 01:52:41.394  7195  7385 E MvfstCallbacks.cpp: onConnectionError: error=LocalError: Idle timeout, Idle timeout: 35 seconds
12-29 01:52:41.404  7195  7443 E msys    : E[S MSync]_ModularSyncHandleNetworkResponse(1738)=>DB[223] - Encountered a network error (2002: TransientError domain: MNSQUICConnection code: 1 detail: Idle timeout: 35 seconds)
12-29 01:52:41.404  7195  7443 E msys    : E[S MSync]_ModularSyncHandleNetworkErrorResponse(1432)=>DB[223] - handle network error response
12-29 01:52:41.406  7195  7385 E msys    : E[N mns]_OnDiskCacheGetData(632)=>Start post callback cache refresh DNS resolution
12-29 01:52:41.420  7195  7385 E msys    : E[N mns]_OnSystemDNSSuccessCallback(340)=>Cache refresh succeeded with system DNS resolver. IP count: 1
12-29 01:52:41.475  7195  9841 E msys    : E[C mem.context]_NetworkStateChangedCallbackOnExecutionContext(7923)=>[INFO]skip the network state change source=3
12-29 01:52:41.475  7195  7462 E msys    : E[N MCCWLigerStream]_NetworkChangedCallbackInternal(57)=>skip the network state change source=3
12-29 01:52:42.551  1790  1974 E TranDynamicBarAnimControllerImpl: TranDynamicBarAnimControllerImpl setFromDynamicIslandToWindow pkgName:com.facebook.services
12-29 01:52:42.551  1790  1974 E TranDynamicBarAnimControllerImpl: start setFromDynamicIslandToWindow startFromDynamicIsland:false
12-29 01:52:42.551  1790  1974 E TranDynamicBarAnimControllerImpl: end setFromDynamicIslandToWindow mDynamicIslandPkgName:com.facebook.services mStartFromDynamicIsland:false
12-29 01:52:42.557  1790  1826 E ApplicationHelper: Fail to get PackageManager
12-29 01:52:42.570  1790  1826 E ApplicationHelper: Fail to get PackageManager
12-29 01:52:44.848  1790  1826 E ApplicationHelper: Fail to get PackageManager
12-29 01:52:44.848  1790  1826 E ApplicationHelper: Fail to get PackageManager
12-29 01:52:44.856  1790  1826 E ApplicationHelper: Fail to get PackageManager
12-29 01:52:44.856  1790  1826 E ApplicationHelper: Fail to get PackageManager
12-29 01:52:44.869  1790  1826 E ApplicationHelper: Fail to get PackageManager
12-29 01:52:44.869  1790  1826 E ApplicationHelper: Fail to get PackageManager
12-29 01:52:44.873  1790  1826 E ApplicationHelper: Fail to get PackageManager
12-29 01:52:44.873  1790  1826 E ApplicationHelper: Fail to get PackageManager
12-29 01:52:44.874  4502  5361 E CommonDataParser: getParser failed Attempt to invoke virtual method 'java.lang.reflect.Constructor java.lang.Class.getConstructor(java.lang.Class[])' on a null object reference
12-29 01:52:44.878  4502  5361 E CommonDataParser: getParser failed Attempt to invoke virtual method 'java.lang.reflect.Constructor java.lang.Class.getConstructor(java.lang.Class[])' on a null object reference
12-29 01:52:46.421  1790  1826 E ApplicationHelper: Fail to get PackageManager
12-29 01:52:46.442  1790  1826 E ApplicationHelper: Fail to get PackageManager
12-29 01:52:46.448  1790  1826 E ApplicationHelper: Fail to get PackageManager
12-29 01:52:46.463  1790  1826 E ApplicationHelper: Fail to get PackageManager
12-29 01:52:46.466  1790  1826 E ApplicationHelper: Fail to get PackageManager
12-29 01:52:46.476  1790  1826 E ApplicationHelper: Fail to get PackageManager
12-29 01:52:46.476  1790  1826 E ApplicationHelper: Fail to get PackageManager
12-29 01:52:46.478  1790  2707 E ActivityManager: Sending non-protected broadcast com.mediatek.action.UNREAD_CHANGED from system 30051:com.android.settings/1000 pkg com.android.settings
12-29 01:52:46.478  1790  2707 E ActivityManager: java.lang.Throwable
12-29 01:52:46.478  1790  2707 E ActivityManager:       at com.android.server.am.ActivityManagerService.checkBroadcastFromSystem(ActivityManagerService.java:16941)
12-29 01:52:46.478  1790  2707 E ActivityManager:       at com.android.server.am.ActivityManagerService.broadcastIntentLockedTraced(ActivityManagerService.java:17951)
12-29 01:52:46.478  1790  2707 E ActivityManager:       at com.android.server.am.ActivityManagerService.broadcastIntentLocked(ActivityManagerService.java:17110)
12-29 01:52:46.478  1790  2707 E ActivityManager:       at com.android.server.am.ActivityManagerService.broadcastIntentWithFeature(ActivityManagerService.java:18202)
12-29 01:52:46.478  1790  2707 E ActivityManager:       at android.app.IActivityManager$Stub.onTransact$broadcastIntentWithFeature$(IActivityManager.java:13167)
12-29 01:52:46.478  1790  2707 E ActivityManager:       at android.app.IActivityManager$Stub.onTransact(IActivityManager.java:3384)
12-29 01:52:46.478  1790  2707 E ActivityManager:       at com.android.server.am.ActivityManagerService.onTransact(ActivityManagerService.java:3149)
12-29 01:52:46.478  1790  2707 E ActivityManager:       at android.os.Binder.execTransactInternal(Binder.java:1534)
12-29 01:52:46.478  1790  2707 E ActivityManager:       at android.os.Binder.execTransact(Binder.java:1460)
12-29 01:52:46.480  1790  1861 E TranExceptionReporterComponentImpl: init: ro.product.succ.bbcollect.log.support==1
12-29 01:52:46.481  1790  1861 E TranExceptionReporterComponentImpl: init: ro.product.succ.bbcollect.log.support==1
12-29 01:52:46.483  1790  1826 E ApplicationHelper: Fail to get PackageManager
12-29 01:52:46.483  1790  1826 E ApplicationHelper: Fail to get PackageManager
12-29 01:52:46.489  1790  1826 E ApplicationHelper: Fail to get PackageManager
12-29 01:52:46.489  1790  1826 E ApplicationHelper: Fail to get PackageManager
12-29 01:52:47.570  1790  1974 E TranDynamicBarAnimControllerImpl: TranDynamicBarAnimControllerImpl setFromDynamicIslandToWindow pkgName:com.facebook.services
12-29 01:52:47.570  1790  1974 E TranDynamicBarAnimControllerImpl: start setFromDynamicIslandToWindow startFromDynamicIsland:false
12-29 01:52:47.570  1790  1974 E TranDynamicBarAnimControllerImpl: end setFromDynamicIslandToWindow mDynamicIslandPkgName:com.facebook.services mStartFromDynamicIsland:false
12-29 01:52:47.576  1790  1826 E ApplicationHelper: Fail to get PackageManager
12-29 01:52:47.591  1790  1826 E ApplicationHelper: Fail to get PackageManager
12-29 01:52:51.742  7195  7305 E msys    : E[N mns]_OnDiskCacheGetData(632)=>Start post callback cache refresh DNS resolution
12-29 01:52:51.764  7195  7305 E msys    : E[N mns]_OnSystemDNSSuccessCallback(340)=>Cache refresh succeeded with system DNS resolver. IP count: 1
12-29 01:52:52.450  1790  1826 E ApplicationHelper: Fail to get PackageManager
12-29 01:52:52.592  1790  1974 E TranDynamicBarAnimControllerImpl: TranDynamicBarAnimControllerImpl setFromDynamicIslandToWindow pkgName:com.facebook.services
12-29 01:52:52.592  1790  1974 E TranDynamicBarAnimControllerImpl: start setFromDynamicIslandToWindow startFromDynamicIsland:false
12-29 01:52:52.592  1790  1974 E TranDynamicBarAnimControllerImpl: end setFromDynamicIslandToWindow mDynamicIslandPkgName:com.facebook.services mStartFromDynamicIsland:false
12-29 01:52:52.598  1790  1826 E ApplicationHelper: Fail to get PackageManager
12-29 01:52:52.613  1790  1826 E ApplicationHelper: Fail to get PackageManager
12-29 01:52:55.476  2591  2591 E MtkPhoneIntfMgrEx: MainThreadHandler.handleMessage : 3
12-29 01:52:55.846  2591  2591 E MtkPhoneIntfMgrEx: MainThreadHandler.handleMessage : 3
12-29 01:52:57.432  2591  2591 E MtkPhoneIntfMgrEx: MainThreadHandler.handleMessage : 3
12-29 01:52:57.444  2591  2591 E MtkPhoneIntfMgrEx: MainThreadHandler.handleMessage : 3
12-29 01:52:57.469  2591  2591 E MtkPhoneIntfMgrEx: MainThreadHandler.handleMessage : 3
12-29 01:52:57.614  1790  1974 E TranDynamicBarAnimControllerImpl: TranDynamicBarAnimControllerImpl setFromDynamicIslandToWindow pkgName:com.facebook.services
12-29 01:52:57.614  1790  1974 E TranDynamicBarAnimControllerImpl: start setFromDynamicIslandToWindow startFromDynamicIsland:false
12-29 01:52:57.614  1790  1974 E TranDynamicBarAnimControllerImpl: end setFromDynamicIslandToWindow mDynamicIslandPkgName:com.facebook.services mStartFromDynamicIsland:false
12-29 01:52:57.620  1790  1826 E ApplicationHelper: Fail to get PackageManager
12-29 01:52:57.635  1790  1826 E ApplicationHelper: Fail to get PackageManager
12-29 01:52:59.396  1790  1790 E ChargeIntentReceiver: notifyChange failed
12-29 01:52:59.397  1790  1826 E ApplicationHelper: Fail to get PackageManager
12-29 01:52:59.462  1790  1826 E ApplicationHelper: Fail to get PackageManager
12-29 01:52:59.493  1790  1826 E ApplicationHelper: Fail to get PackageManager
12-29 01:52:59.610  1790  1790 E system_server: No package ID 7f found for resource ID 0x7f010000.
12-29 01:52:59.610  1790  1790 E system_server: No package ID 7f found for resource ID 0x7f020000.
12-29 01:52:59.610  1790  1790 E system_server: No package ID 7f found for resource ID 0x7f030000.
12-29 01:52:59.610  1790  1790 E system_server: No package ID 7f found for resource ID 0x7f040000.
12-29 01:52:59.610  1790  1790 E system_server: No package ID 7f found for resource ID 0x7f050000.
12-29 01:52:59.662  1790  1826 E ApplicationHelper: Fail to get PackageManager
12-29 01:52:59.684  1790  1826 E ApplicationHelper: Fail to get PackageManager
12-29 01:52:59.684  1790  1826 E ApplicationHelper: Fail to get PackageManager
12-29 01:52:59.685  1790  1826 E ApplicationHelper: Fail to get PackageManager
12-29 01:52:59.686  2356  2433 E PmsExtIcon: updateIconColor f1target is null
12-29 01:52:59.686  2356  2433 E PmsExtIcon: updateIconColor bgtarget is null
12-29 01:52:59.692 23352 23382 E QT      : [QT]file does not exist
12-29 01:52:59.694 23352 23382 E QT      : [QT]file does not exist
12-29 01:52:59.697  1790  1826 E ApplicationHelper: Fail to get PackageManager
12-29 01:52:59.697  1790  1826 E ApplicationHelper: Fail to get PackageManager
12-29 01:52:59.697  1790  1826 E ApplicationHelper: Fail to get PackageManager
12-29 01:52:59.718   669   669 E TlcKM   : lookup_operation: op 0xd1e5226f36151185 not found
12-29 01:52:59.718   669   669 E TlcKM   : lookup_operation(session, operation_handle, &op) == -28
12-29 01:52:59.719  1013  1081 E HWComposer: getSupportedContentTypes: getSupportedContentTypes failed for display 0: Unsupported (8)
12-29 01:52:59.737   669   669 E TlcKM   : lookup_operation: op 0xbb983f4e0ef14ead not found
12-29 01:52:59.737   669   669 E TlcKM   : lookup_operation(session, operation_handle, &op) == -28
12-29 01:52:59.746  1790  1826 E ApplicationHelper: Fail to get PackageManager
12-29 01:52:59.758  1790  1826 E ApplicationHelper: Fail to get PackageManager
12-29 01:52:59.758  1790  1826 E ApplicationHelper: Fail to get PackageManager
12-29 01:52:59.758  1790  1826 E ApplicationHelper: Fail to get PackageManager
12-29 01:52:59.761  1790  1826 E ApplicationHelper: Fail to get PackageManager
12-29 01:52:59.761  1790  1826 E ApplicationHelper: Fail to get PackageManager
12-29 01:52:59.761  1790  1826 E ApplicationHelper: Fail to get PackageManager
12-29 01:52:59.775 23352 23352 E ConstraintLayout: layout_constraintWidth_default="wrap" is deprecated.
12-29 01:52:59.775 23352 23352 E ConstraintLayout: Use layout_width="WRAP_CONTENT" and layout_constrainedWidth="true" instead.
12-29 01:52:59.776 23352 23352 E ConstraintLayout: layout_constraintWidth_default="wrap" is deprecated.
12-29 01:52:59.776 23352 23352 E ConstraintLayout: Use layout_width="WRAP_CONTENT" and layout_constrainedWidth="true" instead.
12-29 01:52:59.785   669   669 E TlcKM   : lookup_operation: op 0x7d19a22d7ecd88bb not found
12-29 01:52:59.785   669   669 E TlcKM   : lookup_operation(session, operation_handle, &op) == -28
12-29 01:52:59.792  1790  1826 E ApplicationHelper: Fail to get PackageManager
12-29 01:52:59.792  1790  1826 E ApplicationHelper: Fail to get PackageManager
12-29 01:52:59.792  1790  1826 E ApplicationHelper: Fail to get PackageManager
12-29 01:52:59.795  1790  1826 E ApplicationHelper: Fail to get PackageManager
12-29 01:52:59.795  1790  1826 E ApplicationHelper: Fail to get PackageManager
12-29 01:52:59.795  1790  1826 E ApplicationHelper: Fail to get PackageManager
12-29 01:52:59.835  1790  1826 E ApplicationHelper: Fail to get PackageManager
12-29 01:52:59.835  1790  1826 E ApplicationHelper: Fail to get PackageManager
12-29 01:52:59.835  1790  1826 E ApplicationHelper: Fail to get PackageManager
12-29 01:52:59.836  1790  1826 E ApplicationHelper: Fail to get PackageManager
12-29 01:52:59.836  1790  1826 E ApplicationHelper: Fail to get PackageManager
12-29 01:52:59.836  1790  1826 E ApplicationHelper: Fail to get PackageManager
12-29 01:52:59.837  1013  1085 E surfaceflinger: == MALI DEBUG ===eglp_winsys_populate_image_templates ==12288
12-29 01:52:59.877  1013  1085 E surfaceflinger: == MALI DEBUG ===eglp_winsys_populate_image_templates ==12288
12-29 01:52:59.884  1013  1085 E surfaceflinger: == MALI DEBUG ===eglp_winsys_populate_image_templates ==12288
12-29 01:52:59.889  1013  1085 E surfaceflinger: == MALI DEBUG ===eglp_winsys_populate_image_templates ==12288
12-29 01:52:59.909  1013  1085 E surfaceflinger: == MALI DEBUG ===eglp_winsys_populate_image_templates ==12288
12-29 01:52:59.926  1013  1085 E surfaceflinger: == MALI DEBUG ===eglp_winsys_populate_image_templates ==12288
12-29 01:53:00.094  1013  1085 E surfaceflinger: == MALI DEBUG ===eglp_winsys_populate_image_templates ==12288
12-29 01:53:00.105  1013  1013 E SurfaceFlinger: Out of order buffers detected for RequestedLayerState{com.transsion.XOSLauncher/com.android.launcher3.uioverrides.QuickstepLauncher#8180 parentId=66} producedId=98 frameNumber=30 -> producedId=98 frameNumber=2
12-29 01:53:00.567  1790  1826 E ApplicationHelper: Fail to get PackageManager
12-29 01:53:02.639  1790  1974 E TranDynamicBarAnimControllerImpl: TranDynamicBarAnimControllerImpl setFromDynamicIslandToWindow pkgName:com.facebook.services
12-29 01:53:02.639  1790  1974 E TranDynamicBarAnimControllerImpl: start setFromDynamicIslandToWindow startFromDynamicIsland:false
12-29 01:53:02.639  1790  1974 E TranDynamicBarAnimControllerImpl: end setFromDynamicIslandToWindow mDynamicIslandPkgName:com.facebook.services mStartFromDynamicIsland:false
12-29 01:53:02.643  1790  1826 E ApplicationHelper: Fail to get PackageManager
12-29 01:53:02.652  1790  1826 E ApplicationHelper: Fail to get PackageManager
12-29 01:53:02.656  1790  1826 E ApplicationHelper: Fail to get PackageManager
12-29 01:53:02.661  1790  1826 E ApplicationHelper: Fail to get PackageManager
12-29 01:53:02.669  1790  1826 E ApplicationHelper: Fail to get PackageManager
12-29 01:53:02.672  1790  1826 E ApplicationHelper: Fail to get PackageManager
12-29 01:53:02.684  1790  1826 E ApplicationHelper: Fail to get PackageManager
12-29 01:53:02.684  1790  1826 E ApplicationHelper: Fail to get PackageManager
12-29 01:53:02.687  1790  1826 E ApplicationHelper: Fail to get PackageManager
12-29 01:53:02.688  1790  1826 E ApplicationHelper: Fail to get PackageManager
12-29 01:53:02.688  1790  1826 E ApplicationHelper: Fail to get PackageManager
12-29 01:53:02.689  1790  1806 E ActivityManager: Sending non-protected broadcast com.mediatek.action.UNREAD_CHANGED from system 30051:com.android.settings/1000 pkg com.android.settings
12-29 01:53:02.689  1790  1806 E ActivityManager: java.lang.Throwable
12-29 01:53:02.689  1790  1806 E ActivityManager:       at com.android.server.am.ActivityManagerService.checkBroadcastFromSystem(ActivityManagerService.java:16941)
12-29 01:53:02.689  1790  1806 E ActivityManager:       at com.android.server.am.ActivityManagerService.broadcastIntentLockedTraced(ActivityManagerService.java:17951)
12-29 01:53:02.689  1790  1806 E ActivityManager:       at com.android.server.am.ActivityManagerService.broadcastIntentLocked(ActivityManagerService.java:17110)
12-29 01:53:02.689  1790  1806 E ActivityManager:       at com.android.server.am.ActivityManagerService.broadcastIntentWithFeature(ActivityManagerService.java:18202)
12-29 01:53:02.689  1790  1806 E ActivityManager:       at android.app.IActivityManager$Stub.onTransact$broadcastIntentWithFeature$(IActivityManager.java:13167)
12-29 01:53:02.689  1790  1806 E ActivityManager:       at android.app.IActivityManager$Stub.onTransact(IActivityManager.java:3384)
12-29 01:53:02.689  1790  1806 E ActivityManager:       at com.android.server.am.ActivityManagerService.onTransact(ActivityManagerService.java:3149)
12-29 01:53:02.689  1790  1806 E ActivityManager:       at android.os.Binder.execTransactInternal(Binder.java:1534)
12-29 01:53:02.689  1790  1806 E ActivityManager:       at android.os.Binder.execTransact(Binder.java:1460)
12-29 01:53:02.690  1790  1861 E TranExceptionReporterComponentImpl: init: ro.product.succ.bbcollect.log.support==1
12-29 01:53:02.690  1790  1861 E TranExceptionReporterComponentImpl: init: ro.product.succ.bbcollect.log.support==1
12-29 01:53:03.964  1790  1826 E ApplicationHelper: Fail to get PackageManager
12-29 01:53:03.964  1790  1826 E ApplicationHelper: Fail to get PackageManager
12-29 01:53:03.964  1790  1826 E ApplicationHelper: Fail to get PackageManager
12-29 01:53:03.965  1790  1826 E ApplicationHelper: Fail to get PackageManager
12-29 01:53:03.965  1790  1826 E ApplicationHelper: Fail to get PackageManager
12-29 01:53:03.980  1790  1826 E ApplicationHelper: Fail to get PackageManager
12-29 01:53:03.980  1790  1826 E ApplicationHelper: Fail to get PackageManager
12-29 01:53:03.986  1790  1826 E ApplicationHelper: Fail to get PackageManager
12-29 01:53:03.986  1790  1826 E ApplicationHelper: Fail to get PackageManager
12-29 01:53:03.989  1790  1826 E ApplicationHelper: Fail to get PackageManager
12-29 01:53:04.044  1790  1826 E ApplicationHelper: Fail to get PackageManager
12-29 01:53:04.044  1790  1826 E ApplicationHelper: Fail to get PackageManager
12-29 01:53:04.051  1790  1826 E ApplicationHelper: Fail to get PackageManager
12-29 01:53:04.051  1790  1826 E ApplicationHelper: Fail to get PackageManager
12-29 01:53:04.051  1790  1826 E ApplicationHelper: Fail to get PackageManager
12-29 01:53:04.052  1790  1826 E ApplicationHelper: Fail to get PackageManager
12-29 01:53:04.052  1790  1826 E ApplicationHelper: Fail to get PackageManager
12-29 01:53:04.063  1790  1826 E ApplicationHelper: Fail to get PackageManager
12-29 01:53:04.063  1790  1826 E ApplicationHelper: Fail to get PackageManager
12-29 01:53:04.063  1790  1826 E ApplicationHelper: Fail to get PackageManager
12-29 01:53:04.063  1790  1826 E ApplicationHelper: Fail to get PackageManager
12-29 01:53:04.063  1790  1826 E ApplicationHelper: Fail to get PackageManager
12-29 01:53:04.069  1790  1826 E ApplicationHelper: Fail to get PackageManager
12-29 01:53:04.069  1790  1826 E ApplicationHelper: Fail to get PackageManager
12-29 01:53:04.069  1790  1826 E ApplicationHelper: Fail to get PackageManager
12-29 01:53:04.069  1790  1826 E ApplicationHelper: Fail to get PackageManager
12-29 01:53:04.069  1790  1826 E ApplicationHelper: Fail to get PackageManager
12-29 01:53:04.091  1790  1826 E ApplicationHelper: Fail to get PackageManager
12-29 01:53:04.091  1790  1826 E ApplicationHelper: Fail to get PackageManager
12-29 01:53:04.092  1790  1826 E ApplicationHelper: Fail to get PackageManager
12-29 01:53:04.092  1790  1826 E ApplicationHelper: Fail to get PackageManager
12-29 01:53:04.092  1790  1826 E ApplicationHelper: Fail to get PackageManager
12-29 01:53:04.118  1790  1826 E ApplicationHelper: Fail to get PackageManager
12-29 01:53:04.118  1790  1826 E ApplicationHelper: Fail to get PackageManager
12-29 01:53:04.118  1790  1826 E ApplicationHelper: Fail to get PackageManager
12-29 01:53:04.120  1790  1826 E ApplicationHelper: Fail to get PackageManager
12-29 01:53:04.120  1790  1826 E ApplicationHelper: Fail to get PackageManager
12-29 01:53:05.145  1790  1826 E ApplicationHelper: Fail to get PackageManager
12-29 01:53:06.606  1790  1826 E ApplicationHelper: Fail to get PackageManager
12-29 01:53:07.493  2591  2591 E MtkPhoneIntfMgrEx: MainThreadHandler.handleMessage : 3
12-29 01:53:07.506  2591  2591 E MtkPhoneIntfMgrEx: MainThreadHandler.handleMessage : 3
12-29 01:53:07.507  2591  2591 E MtkPhoneIntfMgrEx: MainThreadHandler.handleMessage : 3
12-29 01:53:07.662  1790  1974 E TranDynamicBarAnimControllerImpl: TranDynamicBarAnimControllerImpl setFromDynamicIslandToWindow pkgName:com.facebook.services
12-29 01:53:07.663  1790  1974 E TranDynamicBarAnimControllerImpl: start setFromDynamicIslandToWindow startFromDynamicIsland:false
12-29 01:53:07.663  1790  1974 E TranDynamicBarAnimControllerImpl: end setFromDynamicIslandToWindow mDynamicIslandPkgName:com.facebook.services mStartFromDynamicIsland:false
12-29 01:53:07.670  1790  1826 E ApplicationHelper: Fail to get PackageManager
12-29 01:53:07.683  1790  1826 E ApplicationHelper: Fail to get PackageManager
12-29 01:53:07.846  1790  1826 E ApplicationHelper: Fail to get PackageManager
12-29 01:53:07.850  1790  1826 E ApplicationHelper: Fail to get PackageManager
12-29 01:53:08.947  1790  1826 E ApplicationHelper: Fail to get PackageManager
12-29 01:53:09.857   669   669 E TlcKM   : lookup_operation: op 0x939f9be44ae1cdce not found
12-29 01:53:09.857   669   669 E TlcKM   : lookup_operation(session, operation_handle, &op) == -28
12-29 01:53:12.684  1790  1974 E TranDynamicBarAnimControllerImpl: TranDynamicBarAnimControllerImpl setFromDynamicIslandToWindow pkgName:com.facebook.services
12-29 01:53:12.684  1790  1974 E TranDynamicBarAnimControllerImpl: start setFromDynamicIslandToWindow startFromDynamicIsland:false
12-29 01:53:12.684  1790  1974 E TranDynamicBarAnimControllerImpl: end setFromDynamicIslandToWindow mDynamicIslandPkgName:com.facebook.services mStartFromDynamicIsland:false
12-29 01:53:12.692  1790  1826 E ApplicationHelper: Fail to get PackageManager
12-29 01:53:12.706  1790  1826 E ApplicationHelper: Fail to get PackageManager
12-29 01:53:13.030  1790  1826 E ApplicationHelper: Fail to get PackageManager
12-29 01:53:13.379  1790  1826 E ApplicationHelper: Fail to get PackageManager