12-29 01:46:49.205  1790  1826 E ApplicationHelper: Fail to get PackageManager
12-29 01:46:49.205  1790  1826 E ApplicationHelper: Fail to get PackageManager
12-29 01:46:49.209  1790  1826 E ApplicationHelper: Fail to get PackageManager
12-29 01:46:49.209  1790  1826 E ApplicationHelper: Fail to get PackageManager
12-29 01:46:49.391  1790  1826 E ApplicationHelper: Fail to get PackageManager
12-29 01:46:49.391  1790  1826 E ApplicationHelper: Fail to get PackageManager
12-29 01:46:49.391  1790  1826 E ApplicationHelper: Fail to get PackageManager
12-29 01:46:49.391  1790  1826 E ApplicationHelper: Fail to get PackageManager
12-29 01:46:49.395  1790  1826 E ApplicationHelper: Fail to get PackageManager
12-29 01:46:49.395  1790  1826 E ApplicationHelper: Fail to get PackageManager
12-29 01:46:49.432  1790  1826 E ApplicationHelper: Fail to get PackageManager
12-29 01:46:50.781  1790  1826 E ApplicationHelper: Fail to get PackageManager
12-29 01:46:50.783  1790  1826 E ApplicationHelper: Fail to get PackageManager
12-29 01:46:50.890  1790  1974 E TranDynamicBarAnimControllerImpl: TranDynamicBarAnimControllerImpl setFromDynamicIslandToWindow pkgName:com.facebook.services
12-29 01:46:50.891  1790  1974 E TranDynamicBarAnimControllerImpl: start setFromDynamicIslandToWindow startFromDynamicIsland:false
12-29 01:46:50.891  1790  1974 E TranDynamicBarAnimControllerImpl: end setFromDynamicIslandToWindow mDynamicIslandPkgName:com.facebook.services mStartFromDynamicIsland:false
12-29 01:46:50.899  1790  1826 E ApplicationHelper: Fail to get PackageManager
12-29 01:46:50.916  1790  1826 E ApplicationHelper: Fail to get PackageManager
12-29 01:46:55.915  1790  1974 E TranDynamicBarAnimControllerImpl: TranDynamicBarAnimControllerImpl setFromDynamicIslandToWindow pkgName:com.facebook.services
12-29 01:46:55.915  1790  1974 E TranDynamicBarAnimControllerImpl: start setFromDynamicIslandToWindow startFromDynamicIsland:false
12-29 01:46:55.915  1790  1974 E TranDynamicBarAnimControllerImpl: end setFromDynamicIslandToWindow mDynamicIslandPkgName:com.facebook.services mStartFromDynamicIsland:false
12-29 01:46:55.921  1790  1826 E ApplicationHelper: Fail to get PackageManager
12-29 01:46:55.935  1790  1826 E ApplicationHelper: Fail to get PackageManager
12-29 01:46:57.050  1790  1826 E ApplicationHelper: Fail to get PackageManager
12-29 01:46:57.084  1790  1826 E ApplicationHelper: Fail to get PackageManager
12-29 01:46:57.090  1790  1826 E ApplicationHelper: Fail to get PackageManager
12-29 01:46:57.108  1790  1826 E ApplicationHelper: Fail to get PackageManager
12-29 01:46:57.111  1790  1826 E ApplicationHelper: Fail to get PackageManager
12-29 01:46:57.127  1790  1826 E ApplicationHelper: Fail to get PackageManager
12-29 01:46:57.127  1790  1826 E ApplicationHelper: Fail to get PackageManager
12-29 01:46:57.129  1790  1826 E ApplicationHelper: Fail to get PackageManager
12-29 01:46:57.130  1790  1826 E ApplicationHelper: Fail to get PackageManager
12-29 01:46:57.130  1790  1826 E ApplicationHelper: Fail to get PackageManager
12-29 01:47:00.934  1790  1974 E TranDynamicBarAnimControllerImpl: TranDynamicBarAnimControllerImpl setFromDynamicIslandToWindow pkgName:com.facebook.services
12-29 01:47:00.934  1790  1974 E TranDynamicBarAnimControllerImpl: start setFromDynamicIslandToWindow startFromDynamicIsland:false
12-29 01:47:00.934  1790  1974 E TranDynamicBarAnimControllerImpl: end setFromDynamicIslandToWindow mDynamicIslandPkgName:com.facebook.services mStartFromDynamicIsland:false
12-29 01:47:00.939  1790  1826 E ApplicationHelper: Fail to get PackageManager
12-29 01:47:00.939  1790  1826 E ApplicationHelper: Fail to get PackageManager
12-29 01:47:00.952  1790  1826 E ApplicationHelper: Fail to get PackageManager
12-29 01:47:00.986  1790  1826 E ApplicationHelper: Fail to get PackageManager
12-29 01:47:00.986  1790  1826 E ApplicationHelper: Fail to get PackageManager
12-29 01:47:00.987  1790  1826 E ApplicationHelper: Fail to get PackageManager
12-29 01:47:00.987  1790  1826 E ApplicationHelper: Fail to get PackageManager
12-29 01:47:02.644  1790  1826 E ApplicationHelper: Fail to get PackageManager
12-29 01:47:02.644  1790  1826 E ApplicationHelper: Fail to get PackageManager
12-29 01:47:02.644  1790  1826 E ApplicationHelper: Fail to get PackageManager
12-29 01:47:02.645  1790  1826 E ApplicationHelper: Fail to get PackageManager
12-29 01:47:02.651  1790  1826 E ApplicationHelper: Fail to get PackageManager
12-29 01:47:02.651  1790  1826 E ApplicationHelper: Fail to get PackageManager
12-29 01:47:02.652  1790  1826 E ApplicationHelper: Fail to get PackageManager
12-29 01:47:02.761  1790  1826 E ApplicationHelper: Fail to get PackageManager
12-29 01:47:02.761  1790  1826 E ApplicationHelper: Fail to get PackageManager
12-29 01:47:02.761  1790  1826 E ApplicationHelper: Fail to get PackageManager
12-29 01:47:02.763  1790  1826 E ApplicationHelper: Fail to get PackageManager
12-29 01:47:02.763  1790  1826 E ApplicationHelper: Fail to get PackageManager
12-29 01:47:02.766  1790  1826 E ApplicationHelper: Fail to get PackageManager
12-29 01:47:02.766  1790  1826 E ApplicationHelper: Fail to get PackageManager
12-29 01:47:02.768  1790  1826 E ApplicationHelper: Fail to get PackageManager
12-29 01:47:02.769  1790  1826 E ApplicationHelper: Fail to get PackageManager
12-29 01:47:02.769  1790  1826 E ApplicationHelper: Fail to get PackageManager
12-29 01:47:02.769  1790  1826 E ApplicationHelper: Fail to get PackageManager
12-29 01:47:03.068  1790  1826 E ApplicationHelper: Fail to get PackageManager
12-29 01:47:04.417  1790  1826 E ApplicationHelper: Fail to get PackageManager
12-29 01:47:04.418  1790  1826 E ApplicationHelper: Fail to get PackageManager
12-29 01:47:04.418  1790  1826 E ApplicationHelper: Fail to get PackageManager
12-29 01:47:04.908  1790  1826 E ApplicationHelper: Fail to get PackageManager
12-29 01:47:04.929  1790  1826 E ApplicationHelper: Fail to get PackageManager
12-29 01:47:05.954  1790  1974 E TranDynamicBarAnimControllerImpl: TranDynamicBarAnimControllerImpl setFromDynamicIslandToWindow pkgName:com.facebook.services
12-29 01:47:05.954  1790  1974 E TranDynamicBarAnimControllerImpl: start setFromDynamicIslandToWindow startFromDynamicIsland:false
12-29 01:47:05.954  1790  1974 E TranDynamicBarAnimControllerImpl: end setFromDynamicIslandToWindow mDynamicIslandPkgName:com.facebook.services mStartFromDynamicIsland:false
12-29 01:47:05.962  1790  1826 E ApplicationHelper: Fail to get PackageManager
12-29 01:47:05.974  1790  1826 E ApplicationHelper: Fail to get PackageManager
12-29 01:47:09.177  1790  1826 E ApplicationHelper: Fail to get PackageManager
12-29 01:47:09.179  1790  1826 E ApplicationHelper: Fail to get PackageManager
12-29 01:47:09.179  1790  1826 E ApplicationHelper: Fail to get PackageManager
12-29 01:47:09.194  1790  1826 E ApplicationHelper: Fail to get PackageManager
12-29 01:47:09.194  1790  1826 E ApplicationHelper: Fail to get PackageManager
12-29 01:47:09.570  1790  1826 E ApplicationHelper: Fail to get PackageManager
12-29 01:47:09.570  1790  1826 E ApplicationHelper: Fail to get PackageManager
12-29 01:47:09.573  1790  1826 E ApplicationHelper: Fail to get PackageManager
12-29 01:47:09.573  1790  1826 E ApplicationHelper: Fail to get PackageManager
12-29 01:47:10.975  1790  1974 E TranDynamicBarAnimControllerImpl: TranDynamicBarAnimControllerImpl setFromDynamicIslandToWindow pkgName:com.facebook.services
12-29 01:47:10.975  1790  1974 E TranDynamicBarAnimControllerImpl: start setFromDynamicIslandToWindow startFromDynamicIsland:false
12-29 01:47:10.975  1790  1974 E TranDynamicBarAnimControllerImpl: end setFromDynamicIslandToWindow mDynamicIslandPkgName:com.facebook.services mStartFromDynamicIsland:false
12-29 01:47:10.983  1790  1826 E ApplicationHelper: Fail to get PackageManager
12-29 01:47:11.004  1790  1826 E ApplicationHelper: Fail to get PackageManager
12-29 01:47:16.005  1790  1974 E TranDynamicBarAnimControllerImpl: TranDynamicBarAnimControllerImpl setFromDynamicIslandToWindow pkgName:com.facebook.services
12-29 01:47:16.005  1790  1974 E TranDynamicBarAnimControllerImpl: start setFromDynamicIslandToWindow startFromDynamicIsland:false
12-29 01:47:16.005  1790  1974 E TranDynamicBarAnimControllerImpl: end setFromDynamicIslandToWindow mDynamicIslandPkgName:com.facebook.services mStartFromDynamicIsland:false
12-29 01:47:16.012  1790  1826 E ApplicationHelper: Fail to get PackageManager
12-29 01:47:16.026  1790  1826 E ApplicationHelper: Fail to get PackageManager
12-29 01:47:16.032  1790  1826 E ApplicationHelper: Fail to get PackageManager
12-29 01:47:17.069  1790  1826 E ApplicationHelper: Fail to get PackageManager
12-29 01:47:21.026  1790  1974 E TranDynamicBarAnimControllerImpl: TranDynamicBarAnimControllerImpl setFromDynamicIslandToWindow pkgName:com.facebook.services
12-29 01:47:21.026  1790  1974 E TranDynamicBarAnimControllerImpl: start setFromDynamicIslandToWindow startFromDynamicIsland:false
12-29 01:47:21.026  1790  1974 E TranDynamicBarAnimControllerImpl: end setFromDynamicIslandToWindow mDynamicIslandPkgName:com.facebook.services mStartFromDynamicIsland:false
12-29 01:47:21.034  1790  1826 E ApplicationHelper: Fail to get PackageManager
12-29 01:47:21.046  1790  1826 E ApplicationHelper: Fail to get PackageManager
12-29 01:47:26.048  1790  1974 E TranDynamicBarAnimControllerImpl: TranDynamicBarAnimControllerImpl setFromDynamicIslandToWindow pkgName:com.facebook.services
12-29 01:47:26.049  1790  1974 E TranDynamicBarAnimControllerImpl: start setFromDynamicIslandToWindow startFromDynamicIsland:false
12-29 01:47:26.049  1790  1974 E TranDynamicBarAnimControllerImpl: end setFromDynamicIslandToWindow mDynamicIslandPkgName:com.facebook.services mStartFromDynamicIsland:false
12-29 01:47:26.056  1790  1826 E ApplicationHelper: Fail to get PackageManager
12-29 01:47:26.071  1790  1826 E ApplicationHelper: Fail to get PackageManager
12-29 01:47:27.147  1790  1826 E ApplicationHelper: Fail to get PackageManager
12-29 01:47:27.150  1790  1826 E ApplicationHelper: Fail to get PackageManager
12-29 01:47:31.074  1790  1974 E TranDynamicBarAnimControllerImpl: TranDynamicBarAnimControllerImpl setFromDynamicIslandToWindow pkgName:com.facebook.services
12-29 01:47:31.074  1790  1974 E TranDynamicBarAnimControllerImpl: start setFromDynamicIslandToWindow startFromDynamicIsland:false
12-29 01:47:31.074  1790  1974 E TranDynamicBarAnimControllerImpl: end setFromDynamicIslandToWindow mDynamicIslandPkgName:com.facebook.services mStartFromDynamicIsland:false
12-29 01:47:31.081  1790  1826 E ApplicationHelper: Fail to get PackageManager
12-29 01:47:31.097  1790  1826 E ApplicationHelper: Fail to get PackageManager
12-29 01:47:36.096  1790  1974 E TranDynamicBarAnimControllerImpl: TranDynamicBarAnimControllerImpl setFromDynamicIslandToWindow pkgName:com.facebook.services
12-29 01:47:36.096  1790  1974 E TranDynamicBarAnimControllerImpl: start setFromDynamicIslandToWindow startFromDynamicIsland:false
12-29 01:47:36.096  1790  1974 E TranDynamicBarAnimControllerImpl: end setFromDynamicIslandToWindow mDynamicIslandPkgName:com.facebook.services mStartFromDynamicIsland:false
12-29 01:47:36.104  1790  1826 E ApplicationHelper: Fail to get PackageManager
12-29 01:47:36.124  1790  1826 E ApplicationHelper: Fail to get PackageManager
12-29 01:47:41.130  1790  1974 E TranDynamicBarAnimControllerImpl: TranDynamicBarAnimControllerImpl setFromDynamicIslandToWindow pkgName:com.facebook.services
12-29 01:47:41.130  1790  1974 E TranDynamicBarAnimControllerImpl: start setFromDynamicIslandToWindow startFromDynamicIsland:false
12-29 01:47:41.130  1790  1974 E TranDynamicBarAnimControllerImpl: end setFromDynamicIslandToWindow mDynamicIslandPkgName:com.facebook.services mStartFromDynamicIsland:false
12-29 01:47:41.138  1790  1826 E ApplicationHelper: Fail to get PackageManager
12-29 01:47:41.144  1790  1826 E ApplicationHelper: Fail to get PackageManager
12-29 01:47:41.150  1790  1826 E ApplicationHelper: Fail to get PackageManager
12-29 01:47:41.158  1790  1826 E ApplicationHelper: Fail to get PackageManager
12-29 01:47:41.159  1790  1826 E ApplicationHelper: Fail to get PackageManager
12-29 01:47:41.164  1790  1826 E ApplicationHelper: Fail to get PackageManager
12-29 01:47:41.172  1790  1826 E ApplicationHelper: Fail to get PackageManager
12-29 01:47:41.175  1790  1826 E ApplicationHelper: Fail to get PackageManager
12-29 01:47:41.180  1790  1826 E ApplicationHelper: Fail to get PackageManager
12-29 01:47:41.198  1790  1826 E ApplicationHelper: Fail to get PackageManager
12-29 01:47:41.198  1790  1826 E ApplicationHelper: Fail to get PackageManager
12-29 01:47:41.204  1790  1826 E ApplicationHelper: Fail to get PackageManager
12-29 01:47:41.207  1790  1826 E ApplicationHelper: Fail to get PackageManager
12-29 01:47:41.207  1790  1826 E ApplicationHelper: Fail to get PackageManager
12-29 01:47:41.207  1790  1826 E ApplicationHelper: Fail to get PackageManager
12-29 01:47:46.157  1790  1974 E TranDynamicBarAnimControllerImpl: TranDynamicBarAnimControllerImpl setFromDynamicIslandToWindow pkgName:com.facebook.services
12-29 01:47:46.157  1790  1974 E TranDynamicBarAnimControllerImpl: start setFromDynamicIslandToWindow startFromDynamicIsland:false
12-29 01:47:46.157  1790  1974 E TranDynamicBarAnimControllerImpl: end setFromDynamicIslandToWindow mDynamicIslandPkgName:com.facebook.services mStartFromDynamicIsland:false
12-29 01:47:46.164  1790  1826 E ApplicationHelper: Fail to get PackageManager
12-29 01:47:46.178  1790  1826 E ApplicationHelper: Fail to get PackageManager
12-29 01:47:47.208  1790  1826 E ApplicationHelper: Fail to get PackageManager
12-29 01:47:48.712  1790  1826 E ApplicationHelper: Fail to get PackageManager
12-29 01:47:49.049  1790  1826 E ApplicationHelper: Fail to get PackageManager
12-29 01:47:49.052  1790  1826 E ApplicationHelper: Fail to get PackageManager
12-29 01:47:49.058  1790  1826 E ApplicationHelper: Fail to get PackageManager
12-29 01:47:49.058  1790  1826 E ApplicationHelper: Fail to get PackageManager
12-29 01:47:49.072  1790  1826 E ApplicationHelper: Fail to get PackageManager
12-29 01:47:49.073  1790  1826 E ApplicationHelper: Fail to get PackageManager
12-29 01:47:49.073  1790  1826 E ApplicationHelper: Fail to get PackageManager
12-29 01:47:49.091  1790  1826 E ApplicationHelper: Fail to get PackageManager
12-29 01:47:49.139  1790  1826 E ApplicationHelper: Fail to get PackageManager
12-29 01:47:49.165  1790  1826 E ApplicationHelper: Fail to get PackageManager
12-29 01:47:49.195  1790  1826 E ApplicationHelper: Fail to get PackageManager
12-29 01:47:49.195  1790  1826 E ApplicationHelper: Fail to get PackageManager
12-29 01:47:49.269  1790  1826 E ApplicationHelper: Fail to get PackageManager
12-29 01:47:49.331  1790  1974 E TranDynamicBarAnimControllerImpl: TranDynamicBarAnimControllerImpl setFromDynamicIslandToWindow pkgName:com.imo.android.imoim
12-29 01:47:49.331  1790  1974 E TranDynamicBarAnimControllerImpl: start setFromDynamicIslandToWindow startFromDynamicIsland:false
12-29 01:47:49.331  1790  1974 E TranDynamicBarAnimControllerImpl: end setFromDynamicIslandToWindow mDynamicIslandPkgName:com.imo.android.imoim mStartFromDynamicIsland:false
12-29 01:47:49.350  1790  1826 E ApplicationHelper: Fail to get PackageManager
12-29 01:47:49.351  1790  1826 E ApplicationHelper: Fail to get PackageManager
12-29 01:47:49.351  1790  1826 E ApplicationHelper: Fail to get PackageManager
12-29 01:47:49.351  1790  1826 E ApplicationHelper: Fail to get PackageManager
12-29 01:47:49.353  1790  1826 E ApplicationHelper: Fail to get PackageManager
12-29 01:47:49.353  1790  1826 E ApplicationHelper: Fail to get PackageManager
12-29 01:47:49.353  1790  1826 E ApplicationHelper: Fail to get PackageManager
12-29 01:47:49.361  1790  1826 E ApplicationHelper: Fail to get PackageManager
12-29 01:47:49.361  1790  1826 E ApplicationHelper: Fail to get PackageManager
12-29 01:47:49.361  1790  1826 E ApplicationHelper: Fail to get PackageManager
12-29 01:47:49.425  1790  1826 E ApplicationHelper: Fail to get PackageManager
12-29 01:47:49.426  1790  1826 E ApplicationHelper: Fail to get PackageManager
12-29 01:47:49.429  1790  1826 E ApplicationHelper: Fail to get PackageManager
12-29 01:47:49.429  1790  1826 E ApplicationHelper: Fail to get PackageManager
12-29 01:47:49.437  1790  1826 E ApplicationHelper: Fail to get PackageManager
12-29 01:47:49.442  1790  1826 E ApplicationHelper: Fail to get PackageManager
12-29 01:47:49.442  1790  1826 E ApplicationHelper: Fail to get PackageManager
12-29 01:47:49.442  1790  1826 E ApplicationHelper: Fail to get PackageManager
12-29 01:47:49.443  1790  1826 E ApplicationHelper: Fail to get PackageManager
12-29 01:47:49.443  1790  1826 E ApplicationHelper: Fail to get PackageManager
12-29 01:47:49.443  1790  1826 E ApplicationHelper: Fail to get PackageManager
12-29 01:47:49.443  1790  1826 E ApplicationHelper: Fail to get PackageManager
12-29 01:47:49.506  1790  1826 E ApplicationHelper: Fail to get PackageManager
12-29 01:47:49.546  1790  1826 E ApplicationHelper: Fail to get PackageManager
12-29 01:47:49.546  1790  1826 E ApplicationHelper: Fail to get PackageManager
12-29 01:47:49.546  1790  1826 E ApplicationHelper: Fail to get PackageManager
12-29 01:47:49.546  1790  1826 E ApplicationHelper: Fail to get PackageManager
12-29 01:47:49.546  1790  1826 E ApplicationHelper: Fail to get PackageManager
12-29 01:47:49.549  1790  1826 E ApplicationHelper: Fail to get PackageManager
12-29 01:47:49.549  1790  1826 E ApplicationHelper: Fail to get PackageManager
12-29 01:47:49.549  1790  1826 E ApplicationHelper: Fail to get PackageManager
12-29 01:47:49.549  1790  1826 E ApplicationHelper: Fail to get PackageManager
12-29 01:47:49.579  1790  1826 E ApplicationHelper: Fail to get PackageManager
12-29 01:47:49.579  1790  1826 E ApplicationHelper: Fail to get PackageManager
12-29 01:47:49.579  1790  1826 E ApplicationHelper: Fail to get PackageManager
12-29 01:47:49.579  1790  1826 E ApplicationHelper: Fail to get PackageManager
12-29 01:47:49.590  1790  1826 E ApplicationHelper: Fail to get PackageManager
12-29 01:47:49.590  1790  1826 E ApplicationHelper: Fail to get PackageManager
12-29 01:47:49.590  1790  1826 E ApplicationHelper: Fail to get PackageManager
12-29 01:47:49.597  1790  1826 E ApplicationHelper: Fail to get PackageManager
12-29 01:47:49.597  1790  1826 E ApplicationHelper: Fail to get PackageManager
12-29 01:47:49.597  1790  1826 E ApplicationHelper: Fail to get PackageManager
12-29 01:47:49.601  1790  1826 E ApplicationHelper: Fail to get PackageManager
12-29 01:47:49.601  1790  1826 E ApplicationHelper: Fail to get PackageManager
12-29 01:47:49.601  1790  1826 E ApplicationHelper: Fail to get PackageManager
12-29 01:47:49.601  1790  1826 E ApplicationHelper: Fail to get PackageManager
12-29 01:47:49.645  1790  1826 E ApplicationHelper: Fail to get PackageManager
12-29 01:47:49.773  1790  1826 E ApplicationHelper: Fail to get PackageManager
12-29 01:47:49.916  1790  1826 E ApplicationHelper: Fail to get PackageManager
12-29 01:47:49.965  1790  1826 E ApplicationHelper: Fail to get PackageManager
12-29 01:47:49.966  1790  1826 E ApplicationHelper: Fail to get PackageManager
12-29 01:47:49.966  1790  1826 E ApplicationHelper: Fail to get PackageManager
12-29 01:47:49.966  1790  1826 E ApplicationHelper: Fail to get PackageManager
12-29 01:47:49.972  1790  1826 E ApplicationHelper: Fail to get PackageManager
12-29 01:47:49.972  1790  1826 E ApplicationHelper: Fail to get PackageManager
12-29 01:47:49.972  1790  1826 E ApplicationHelper: Fail to get PackageManager
12-29 01:47:50.016  1790  1826 E ApplicationHelper: Fail to get PackageManager
12-29 01:47:50.026  1790  1826 E ApplicationHelper: Fail to get PackageManager
12-29 01:47:50.027  1790  1826 E ApplicationHelper: Fail to get PackageManager
12-29 01:47:50.045  1790  1826 E ApplicationHelper: Fail to get PackageManager
12-29 01:47:50.045  1790  1826 E ApplicationHelper: Fail to get PackageManager
12-29 01:47:50.045  1790  1826 E ApplicationHelper: Fail to get PackageManager
12-29 01:47:50.047  1790  1826 E ApplicationHelper: Fail to get PackageManager
12-29 01:47:50.047  1790  1826 E ApplicationHelper: Fail to get PackageManager
12-29 01:47:50.047  1790  1826 E ApplicationHelper: Fail to get PackageManager
12-29 01:47:50.047  1790  1826 E ApplicationHelper: Fail to get PackageManager
12-29 01:47:50.076  1790  1826 E ApplicationHelper: Fail to get PackageManager
12-29 01:47:50.076  1790  1826 E ApplicationHelper: Fail to get PackageManager
12-29 01:47:50.076  1790  1826 E ApplicationHelper: Fail to get PackageManager
12-29 01:47:50.076  1790  1826 E ApplicationHelper: Fail to get PackageManager
12-29 01:47:50.085  1790  1826 E ApplicationHelper: Fail to get PackageManager
12-29 01:47:50.085  1790  1826 E ApplicationHelper: Fail to get PackageManager
12-29 01:47:50.085  1790  1826 E ApplicationHelper: Fail to get PackageManager
12-29 01:47:50.120  1790  1826 E ApplicationHelper: Fail to get PackageManager
12-29 01:47:50.120  1790  1826 E ApplicationHelper: Fail to get PackageManager
12-29 01:47:50.120  1790  1826 E ApplicationHelper: Fail to get PackageManager
12-29 01:47:50.129  1790  1826 E ApplicationHelper: Fail to get PackageManager
12-29 01:47:50.129  1790  1826 E ApplicationHelper: Fail to get PackageManager
12-29 01:47:50.129  1790  1826 E ApplicationHelper: Fail to get PackageManager
12-29 01:47:50.130  1790  1826 E ApplicationHelper: Fail to get PackageManager
12-29 01:47:50.436  1790  1826 E ApplicationHelper: Fail to get PackageManager
12-29 01:47:50.437  1790  1826 E ApplicationHelper: Fail to get PackageManager
12-29 01:47:50.441  1790  1826 E ApplicationHelper: Fail to get PackageManager
12-29 01:47:50.442  1790  1826 E ApplicationHelper: Fail to get PackageManager
12-29 01:47:50.453  1790  1826 E ApplicationHelper: Fail to get PackageManager
12-29 01:47:50.453  1790  1826 E ApplicationHelper: Fail to get PackageManager
12-29 01:47:50.455  1790  1826 E ApplicationHelper: Fail to get PackageManager
12-29 01:47:50.455  1790  1826 E ApplicationHelper: Fail to get PackageManager
12-29 01:47:51.179  1790  1974 E TranDynamicBarAnimControllerImpl: TranDynamicBarAnimControllerImpl setFromDynamicIslandToWindow pkgName:com.facebook.services
12-29 01:47:51.179  1790  1974 E TranDynamicBarAnimControllerImpl: start setFromDynamicIslandToWindow startFromDynamicIsland:false
12-29 01:47:51.180  1790  1974 E TranDynamicBarAnimControllerImpl: end setFromDynamicIslandToWindow mDynamicIslandPkgName:com.facebook.services mStartFromDynamicIsland:false
12-29 01:47:51.186  1790  1826 E ApplicationHelper: Fail to get PackageManager
12-29 01:47:51.202  1790  1826 E ApplicationHelper: Fail to get PackageManager
12-29 01:47:54.306  1790  1826 E ApplicationHelper: Fail to get PackageManager
12-29 01:47:54.321  1790  1826 E ApplicationHelper: Fail to get PackageManager
12-29 01:47:54.327  1790  1826 E ApplicationHelper: Fail to get PackageManager
12-29 01:47:55.169  1790  1826 E ApplicationHelper: Fail to get PackageManager
12-29 01:47:55.398  1790  1826 E ApplicationHelper: Fail to get PackageManager
12-29 01:47:56.026  1790  1826 E ApplicationHelper: Fail to get PackageManager
12-29 01:47:56.155  1790  1826 E ApplicationHelper: Fail to get PackageManager
12-29 01:47:56.202  1790  1974 E TranDynamicBarAnimControllerImpl: TranDynamicBarAnimControllerImpl setFromDynamicIslandToWindow pkgName:com.facebook.services
12-29 01:47:56.202  1790  1974 E TranDynamicBarAnimControllerImpl: start setFromDynamicIslandToWindow startFromDynamicIsland:false
12-29 01:47:56.203  1790  1974 E TranDynamicBarAnimControllerImpl: end setFromDynamicIslandToWindow mDynamicIslandPkgName:com.facebook.services mStartFromDynamicIsland:false
12-29 01:47:56.209  1790  1826 E ApplicationHelper: Fail to get PackageManager
12-29 01:47:56.224  1790  1826 E ApplicationHelper: Fail to get PackageManager
12-29 01:48:00.172  1790  1826 E ApplicationHelper: Fail to get PackageManager
12-29 01:48:00.172  1790  1826 E ApplicationHelper: Fail to get PackageManager
12-29 01:48:00.172  1790  1826 E ApplicationHelper: Fail to get PackageManager
12-29 01:48:00.172  1790  1826 E ApplicationHelper: Fail to get PackageManager
12-29 01:48:00.180  1790  1826 E ApplicationHelper: Fail to get PackageManager
12-29 01:48:00.180  1790  1826 E ApplicationHelper: Fail to get PackageManager
12-29 01:48:00.180  1790  1826 E ApplicationHelper: Fail to get PackageManager
12-29 01:48:00.185  1790  1826 E ApplicationHelper: Fail to get PackageManager
12-29 01:48:00.190  1790  1826 E ApplicationHelper: Fail to get PackageManager
12-29 01:48:00.190  1790  1826 E ApplicationHelper: Fail to get PackageManager
12-29 01:48:00.190  1790  1826 E ApplicationHelper: Fail to get PackageManager
12-29 01:48:00.192  1790  1826 E ApplicationHelper: Fail to get PackageManager
12-29 01:48:00.193  1790  1826 E ApplicationHelper: Fail to get PackageManager
12-29 01:48:00.194  1790  1826 E ApplicationHelper: Fail to get PackageManager
12-29 01:48:00.195  1790  1826 E ApplicationHelper: Fail to get PackageManager
12-29 01:48:00.352  1790  1826 E ApplicationHelper: Fail to get PackageManager
12-29 01:48:00.366  1790  1826 E ApplicationHelper: Fail to get PackageManager
12-29 01:48:00.369  1790  1826 E ApplicationHelper: Fail to get PackageManager
12-29 01:48:00.372  1790  1826 E ApplicationHelper: Fail to get PackageManager
12-29 01:48:00.402  1790  1826 E ApplicationHelper: Fail to get PackageManager
12-29 01:48:00.405  1790  1826 E ApplicationHelper: Fail to get PackageManager
12-29 01:48:00.417  1790  1826 E ApplicationHelper: Fail to get PackageManager
12-29 01:48:00.417  1790  1826 E ApplicationHelper: Fail to get PackageManager
12-29 01:48:00.425  1790  1826 E ApplicationHelper: Fail to get PackageManager
12-29 01:48:00.425  1790  1826 E ApplicationHelper: Fail to get PackageManager
12-29 01:48:00.429  1790  1826 E ApplicationHelper: Fail to get PackageManager
12-29 01:48:01.227  1790  1974 E TranDynamicBarAnimControllerImpl: TranDynamicBarAnimControllerImpl setFromDynamicIslandToWindow pkgName:com.facebook.services
12-29 01:48:01.227  1790  1974 E TranDynamicBarAnimControllerImpl: start setFromDynamicIslandToWindow startFromDynamicIsland:false
12-29 01:48:01.227  1790  1974 E TranDynamicBarAnimControllerImpl: end setFromDynamicIslandToWindow mDynamicIslandPkgName:com.facebook.services mStartFromDynamicIsland:false
12-29 01:48:01.233  1790  1826 E ApplicationHelper: Fail to get PackageManager
12-29 01:48:01.250  1790  1826 E ApplicationHelper: Fail to get PackageManager
12-29 01:48:06.252  1790  1974 E TranDynamicBarAnimControllerImpl: TranDynamicBarAnimControllerImpl setFromDynamicIslandToWindow pkgName:com.transsion.iotservice
12-29 01:48:06.253  1790  1974 E TranDynamicBarAnimControllerImpl: start setFromDynamicIslandToWindow startFromDynamicIsland:false
12-29 01:48:06.253  1790  1974 E TranDynamicBarAnimControllerImpl: end setFromDynamicIslandToWindow mDynamicIslandPkgName:com.transsion.iotservice mStartFromDynamicIsland:false
12-29 01:48:06.263  1790  1974 E TranDynamicBarAnimControllerImpl: TranDynamicBarAnimControllerImpl setFromDynamicIslandToWindow pkgName:com.facebook.services
12-29 01:48:06.263  1790  1974 E TranDynamicBarAnimControllerImpl: start setFromDynamicIslandToWindow startFromDynamicIsland:false
12-29 01:48:06.263  1790  1974 E TranDynamicBarAnimControllerImpl: end setFromDynamicIslandToWindow mDynamicIslandPkgName:com.facebook.services mStartFromDynamicIsland:false
12-29 01:48:06.265  1790  1826 E ApplicationHelper: Fail to get PackageManager
12-29 01:48:06.273  1790  1826 E ApplicationHelper: Fail to get PackageManager
12-29 01:48:06.276  1790  1826 E ApplicationHelper: Fail to get PackageManager
12-29 01:48:06.286  1790  1826 E ApplicationHelper: Fail to get PackageManager
12-29 01:48:09.267  1790  1826 E ApplicationHelper: Fail to get PackageManager
12-29 01:48:09.277  1790  1826 E ApplicationHelper: Fail to get PackageManager
12-29 01:48:09.299  1790  1826 E ApplicationHelper: Fail to get PackageManager
12-29 01:48:09.318  1790  1790 E AppOps  : Operation not started: uid=1000 pkg=com.android.server.telecom(null) op=PHONE_CALL_CAMERA
12-29 01:48:09.326  1790  1826 E ApplicationHelper: Fail to get PackageManager
12-29 01:48:09.326  1790  1826 E ApplicationHelper: Fail to get PackageManager
12-29 01:48:09.345  1790  1826 E ApplicationHelper: Fail to get PackageManager
12-29 01:48:09.435  1790  1826 E ApplicationHelper: Fail to get PackageManager
12-29 01:48:09.437  1790  1826 E ApplicationHelper: Fail to get PackageManager
12-29 01:48:09.448  1790  1826 E ApplicationHelper: Fail to get PackageManager
12-29 01:48:09.458  1790  1826 E ApplicationHelper: Fail to get PackageManager
12-29 01:48:09.549  1790  1826 E ApplicationHelper: Fail to get PackageManager
12-29 01:48:09.686  1790  1826 E ApplicationHelper: Fail to get PackageManager
12-29 01:48:11.287  1790  1974 E TranDynamicBarAnimControllerImpl: TranDynamicBarAnimControllerImpl setFromDynamicIslandToWindow pkgName:com.facebook.services
12-29 01:48:11.287  1790  1974 E TranDynamicBarAnimControllerImpl: start setFromDynamicIslandToWindow startFromDynamicIsland:false
12-29 01:48:11.287  1790  1974 E TranDynamicBarAnimControllerImpl: end setFromDynamicIslandToWindow mDynamicIslandPkgName:com.facebook.services mStartFromDynamicIsland:false
12-29 01:48:11.293  1790  1826 E ApplicationHelper: Fail to get PackageManager
12-29 01:48:11.308  1790  1826 E ApplicationHelper: Fail to get PackageManager
12-29 01:48:11.322  1790  1826 E ApplicationHelper: Fail to get PackageManager
12-29 01:48:11.329  1790  1826 E ApplicationHelper: Fail to get PackageManager
12-29 01:48:11.335  1790  1826 E ApplicationHelper: Fail to get PackageManager
12-29 01:48:11.335  1790  1826 E ApplicationHelper: Fail to get PackageManager
12-29 01:48:11.335  1790  1826 E ApplicationHelper: Fail to get PackageManager
12-29 01:48:11.341  1790  1826 E ApplicationHelper: Fail to get PackageManager
12-29 01:48:11.341  1790  1826 E ApplicationHelper: Fail to get PackageManager
12-29 01:48:11.346  1790  1826 E ApplicationHelper: Fail to get PackageManager
12-29 01:48:11.346  1790  1826 E ApplicationHelper: Fail to get PackageManager
12-29 01:48:11.391  1790  1826 E ApplicationHelper: Fail to get PackageManager
12-29 01:48:14.312  1790  1826 E ApplicationHelper: Fail to get PackageManager
12-29 01:48:14.317  1790  1826 E ApplicationHelper: Fail to get PackageManager
12-29 01:48:14.327  1790  1826 E ApplicationHelper: Fail to get PackageManager
12-29 01:48:14.354  1790  1826 E ApplicationHelper: Fail to get PackageManager
12-29 01:48:14.372  1790  1826 E ApplicationHelper: Fail to get PackageManager
12-29 01:48:15.414  1790  1826 E ApplicationHelper: Fail to get PackageManager
12-29 01:48:15.466  1790  1826 E ApplicationHelper: Fail to get PackageManager
12-29 01:48:16.314  1790  1974 E TranDynamicBarAnimControllerImpl: TranDynamicBarAnimControllerImpl setFromDynamicIslandToWindow pkgName:com.facebook.services
12-29 01:48:16.314  1790  1974 E TranDynamicBarAnimControllerImpl: start setFromDynamicIslandToWindow startFromDynamicIsland:false
12-29 01:48:16.314  1790  1974 E TranDynamicBarAnimControllerImpl: end setFromDynamicIslandToWindow mDynamicIslandPkgName:com.facebook.services mStartFromDynamicIsland:false
12-29 01:48:16.320  1790  1826 E ApplicationHelper: Fail to get PackageManager
12-29 01:48:16.327  1790  1826 E ApplicationHelper: Fail to get PackageManager
12-29 01:48:16.330  1790  1826 E ApplicationHelper: Fail to get PackageManager
12-29 01:48:16.334  1790  1826 E ApplicationHelper: Fail to get PackageManager
12-29 01:48:16.347  1790  1826 E ApplicationHelper: Fail to get PackageManager
12-29 01:48:16.349  1790  1826 E ApplicationHelper: Fail to get PackageManager
12-29 01:48:16.361  1790  1826 E ApplicationHelper: Fail to get PackageManager
12-29 01:48:16.361  1790  1826 E ApplicationHelper: Fail to get PackageManager
12-29 01:48:16.368  1790  1826 E ApplicationHelper: Fail to get PackageManager
12-29 01:48:16.368  1790  1826 E ApplicationHelper: Fail to get PackageManager
12-29 01:48:16.368  1790  1826 E ApplicationHelper: Fail to get PackageManager
12-29 01:48:16.963  1790  1826 E ApplicationHelper: Fail to get PackageManager
12-29 01:48:16.965  1790  1826 E ApplicationHelper: Fail to get PackageManager
12-29 01:48:20.327  1790  1826 E ApplicationHelper: Fail to get PackageManager
12-29 01:48:20.334  1790  1826 E ApplicationHelper: Fail to get PackageManager
12-29 01:48:21.333  1790  1974 E TranDynamicBarAnimControllerImpl: TranDynamicBarAnimControllerImpl setFromDynamicIslandToWindow pkgName:com.facebook.services
12-29 01:48:21.333  1790  1974 E TranDynamicBarAnimControllerImpl: start setFromDynamicIslandToWindow startFromDynamicIsland:false
12-29 01:48:21.333  1790  1974 E TranDynamicBarAnimControllerImpl: end setFromDynamicIslandToWindow mDynamicIslandPkgName:com.facebook.services mStartFromDynamicIsland:false
12-29 01:48:21.336  1790  1826 E ApplicationHelper: Fail to get PackageManager
12-29 01:48:21.352  1790  1826 E ApplicationHelper: Fail to get PackageManager
12-29 01:48:25.311  1790  1826 E ApplicationHelper: Fail to get PackageManager
12-29 01:48:25.322  1790  1826 E ApplicationHelper: Fail to get PackageManager
12-29 01:48:26.341  1790  1826 E ApplicationHelper: Fail to get PackageManager
12-29 01:48:26.351  1790  1974 E TranDynamicBarAnimControllerImpl: TranDynamicBarAnimControllerImpl setFromDynamicIslandToWindow pkgName:com.facebook.services
12-29 01:48:26.351  1790  1974 E TranDynamicBarAnimControllerImpl: start setFromDynamicIslandToWindow startFromDynamicIsland:false
12-29 01:48:26.351  1790  1974 E TranDynamicBarAnimControllerImpl: end setFromDynamicIslandToWindow mDynamicIslandPkgName:com.facebook.services mStartFromDynamicIsland:false
12-29 01:48:26.357  1790  1826 E ApplicationHelper: Fail to get PackageManager
12-29 01:48:26.376  1790  1826 E ApplicationHelper: Fail to get PackageManager
12-29 01:48:27.917  1790  1826 E ApplicationHelper: Fail to get PackageManager
12-29 01:48:31.377  1790  1974 E TranDynamicBarAnimControllerImpl: TranDynamicBarAnimControllerImpl setFromDynamicIslandToWindow pkgName:com.facebook.services
12-29 01:48:31.377  1790  1974 E TranDynamicBarAnimControllerImpl: start setFromDynamicIslandToWindow startFromDynamicIsland:false
12-29 01:48:31.377  1790  1974 E TranDynamicBarAnimControllerImpl: end setFromDynamicIslandToWindow mDynamicIslandPkgName:com.facebook.services mStartFromDynamicIsland:false
12-29 01:48:31.384  1790  1826 E ApplicationHelper: Fail to get PackageManager
12-29 01:48:31.398  1790  1826 E ApplicationHelper: Fail to get PackageManager
12-29 01:48:32.230  1790  1807 E TranAiNetControlNotifier: sleep msg has notified !
12-29 01:48:33.951  1790  1826 E ApplicationHelper: Fail to get PackageManager
12-29 01:48:33.973  1790  1826 E ApplicationHelper: Fail to get PackageManager
12-29 01:48:33.978  1790  1826 E ApplicationHelper: Fail to get PackageManager
12-29 01:48:33.995  1790  1826 E ApplicationHelper: Fail to get PackageManager
12-29 01:48:33.997  1790  1826 E ApplicationHelper: Fail to get PackageManager
12-29 01:48:34.012  1790  1826 E ApplicationHelper: Fail to get PackageManager
12-29 01:48:34.014  1790  1826 E ApplicationHelper: Fail to get PackageManager
12-29 01:48:34.015  1790  1826 E ApplicationHelper: Fail to get PackageManager
12-29 01:48:34.017  1790  1826 E ApplicationHelper: Fail to get PackageManager
12-29 01:48:34.017  1790  1826 E ApplicationHelper: Fail to get PackageManager
12-29 01:48:36.399  1790  1974 E TranDynamicBarAnimControllerImpl: TranDynamicBarAnimControllerImpl setFromDynamicIslandToWindow pkgName:com.facebook.services
12-29 01:48:36.399  1790  1974 E TranDynamicBarAnimControllerImpl: start setFromDynamicIslandToWindow startFromDynamicIsland:false
12-29 01:48:36.399  1790  1974 E TranDynamicBarAnimControllerImpl: end setFromDynamicIslandToWindow mDynamicIslandPkgName:com.facebook.services mStartFromDynamicIsland:false
12-29 01:48:36.406  1790  1826 E ApplicationHelper: Fail to get PackageManager
12-29 01:48:36.421  1790  1826 E ApplicationHelper: Fail to get PackageManager
12-29 01:48:39.450  1790  1826 E ApplicationHelper: Fail to get PackageManager
12-29 01:48:41.422  1790  1974 E TranDynamicBarAnimControllerImpl: TranDynamicBarAnimControllerImpl setFromDynamicIslandToWindow pkgName:com.facebook.services
12-29 01:48:41.423  1790  1974 E TranDynamicBarAnimControllerImpl: start setFromDynamicIslandToWindow startFromDynamicIsland:false
12-29 01:48:41.423  1790  1974 E TranDynamicBarAnimControllerImpl: end setFromDynamicIslandToWindow mDynamicIslandPkgName:com.facebook.services mStartFromDynamicIsland:false
12-29 01:48:41.431  1790  1826 E ApplicationHelper: Fail to get PackageManager
12-29 01:48:41.447  1790  1826 E ApplicationHelper: Fail to get PackageManager
12-29 01:48:46.448  1790  1974 E TranDynamicBarAnimControllerImpl: TranDynamicBarAnimControllerImpl setFromDynamicIslandToWindow pkgName:com.facebook.services
12-29 01:48:46.448  1790  1974 E TranDynamicBarAnimControllerImpl: start setFromDynamicIslandToWindow startFromDynamicIsland:false
12-29 01:48:46.449  1790  1974 E TranDynamicBarAnimControllerImpl: end setFromDynamicIslandToWindow mDynamicIslandPkgName:com.facebook.services mStartFromDynamicIsland:false
12-29 01:48:46.455  1790  1826 E ApplicationHelper: Fail to get PackageManager
12-29 01:48:46.471  1790  1826 E ApplicationHelper: Fail to get PackageManager
12-29 01:48:49.424  1790  1826 E ApplicationHelper: Fail to get PackageManager
12-29 01:48:49.425  1790  1826 E ApplicationHelper: Fail to get PackageManager
12-29 01:48:49.425  1790  1826 E ApplicationHelper: Fail to get PackageManager
12-29 01:48:49.425  1790  1826 E ApplicationHelper: Fail to get PackageManager
12-29 01:48:49.425  1790  1826 E ApplicationHelper: Fail to get PackageManager
12-29 01:48:49.425  1790  1826 E ApplicationHelper: Fail to get PackageManager
12-29 01:48:49.425  1790  1826 E ApplicationHelper: Fail to get PackageManager
12-29 01:48:49.425  1790  1826 E ApplicationHelper: Fail to get PackageManager
12-29 01:48:49.425  1790  1826 E ApplicationHelper: Fail to get PackageManager
12-29 01:48:49.425  1790  1826 E ApplicationHelper: Fail to get PackageManager
12-29 01:48:49.425  1790  1826 E ApplicationHelper: Fail to get PackageManager
12-29 01:48:49.425  1790  1826 E ApplicationHelper: Fail to get PackageManager
12-29 01:48:49.425  1790  1826 E ApplicationHelper: Fail to get PackageManager
12-29 01:48:49.425  1790  1826 E ApplicationHelper: Fail to get PackageManager
12-29 01:48:49.425  1790  1826 E ApplicationHelper: Fail to get PackageManager
12-29 01:48:49.425  1790  1826 E ApplicationHelper: Fail to get PackageManager
12-29 01:48:49.425  1790  1826 E ApplicationHelper: Fail to get PackageManager
12-29 01:48:49.425  1790  1826 E ApplicationHelper: Fail to get PackageManager
12-29 01:48:49.425  1790  1826 E ApplicationHelper: Fail to get PackageManager
12-29 01:48:49.425  1790  1826 E ApplicationHelper: Fail to get PackageManager
12-29 01:48:49.425  1790  1826 E ApplicationHelper: Fail to get PackageManager
12-29 01:48:49.425  1790  1826 E ApplicationHelper: Fail to get PackageManager
12-29 01:48:49.425  1790  1826 E ApplicationHelper: Fail to get PackageManager
12-29 01:48:51.478  1790  1974 E TranDynamicBarAnimControllerImpl: TranDynamicBarAnimControllerImpl setFromDynamicIslandToWindow pkgName:com.facebook.services
12-29 01:48:51.478  1790  1974 E TranDynamicBarAnimControllerImpl: start setFromDynamicIslandToWindow startFromDynamicIsland:false
12-29 01:48:51.478  1790  1974 E TranDynamicBarAnimControllerImpl: end setFromDynamicIslandToWindow mDynamicIslandPkgName:com.facebook.services mStartFromDynamicIsland:false
12-29 01:48:51.485  1790  1826 E ApplicationHelper: Fail to get PackageManager
12-29 01:48:51.490  1790  1826 E ApplicationHelper: Fail to get PackageManager
12-29 01:48:51.496  1790  1826 E ApplicationHelper: Fail to get PackageManager
12-29 01:48:51.507  1790  1826 E ApplicationHelper: Fail to get PackageManager
12-29 01:48:51.511  1790  1826 E ApplicationHelper: Fail to get PackageManager
12-29 01:48:51.514  1790  1826 E ApplicationHelper: Fail to get PackageManager
12-29 01:48:51.526  1790  1826 E ApplicationHelper: Fail to get PackageManager
12-29 01:48:51.526  1790  1826 E ApplicationHelper: Fail to get PackageManager
12-29 01:48:51.535  1790  1826 E ApplicationHelper: Fail to get PackageManager
12-29 01:48:51.536  1790  1826 E ApplicationHelper: Fail to get PackageManager
12-29 01:48:51.536  1790  1826 E ApplicationHelper: Fail to get PackageManager
12-29 01:48:55.171  1790  1826 E ApplicationHelper: Fail to get PackageManager
12-29 01:48:55.399  1790  1826 E ApplicationHelper: Fail to get PackageManager
12-29 01:48:56.506  1790  1974 E TranDynamicBarAnimControllerImpl: TranDynamicBarAnimControllerImpl setFromDynamicIslandToWindow pkgName:com.facebook.services
12-29 01:48:56.506  1790  1974 E TranDynamicBarAnimControllerImpl: start setFromDynamicIslandToWindow startFromDynamicIsland:false
12-29 01:48:56.506  1790  1974 E TranDynamicBarAnimControllerImpl: end setFromDynamicIslandToWindow mDynamicIslandPkgName:com.facebook.services mStartFromDynamicIsland:false
12-29 01:48:56.513  1790  1826 E ApplicationHelper: Fail to get PackageManager
12-29 01:48:56.526  1790  1826 E ApplicationHelper: Fail to get PackageManager
--------- beginning of main
12-29 01:49:00.116  1013  1013 E SurfaceFlinger: Out of order buffers detected for RequestedLayerState{com.transsion.XOSLauncher/com.android.launcher3.uioverrides.QuickstepLauncher#8180 parentId=66} producedId=97 frameNumber=30 -> producedId=97 frameNumber=24
12-29 01:49:01.525 28490 29288 E GRPC    : cronet_transport.cc:445] on_failed(0xb4000075123c45b0, -101)
12-29 01:49:01.528  1790  1974 E TranDynamicBarAnimControllerImpl: TranDynamicBarAnimControllerImpl setFromDynamicIslandToWindow pkgName:com.facebook.services
12-29 01:49:01.528  1790  1974 E TranDynamicBarAnimControllerImpl: start setFromDynamicIslandToWindow startFromDynamicIsland:false
12-29 01:49:01.528  1790  1974 E TranDynamicBarAnimControllerImpl: end setFromDynamicIslandToWindow mDynamicIslandPkgName:com.facebook.services mStartFromDynamicIsland:false
12-29 01:49:01.534  1790  1826 E ApplicationHelper: Fail to get PackageManager
12-29 01:49:01.547  1790  1826 E ApplicationHelper: Fail to get PackageManager
12-29 01:49:06.404  1790  1790 E ChargeIntentReceiver: notifyChange failed
12-29 01:49:06.406  1790  1826 E ApplicationHelper: Fail to get PackageManager
12-29 01:49:06.418  1790  1826 E ApplicationHelper: Fail to get PackageManager
12-29 01:49:06.549  1790  1974 E TranDynamicBarAnimControllerImpl: TranDynamicBarAnimControllerImpl setFromDynamicIslandToWindow pkgName:com.facebook.services
12-29 01:49:06.549  1790  1974 E TranDynamicBarAnimControllerImpl: start setFromDynamicIslandToWindow startFromDynamicIsland:false
12-29 01:49:06.549  1790  1974 E TranDynamicBarAnimControllerImpl: end setFromDynamicIslandToWindow mDynamicIslandPkgName:com.facebook.services mStartFromDynamicIsland:false
12-29 01:49:06.556  1790  1826 E ApplicationHelper: Fail to get PackageManager
12-29 01:49:06.575  1790  1826 E ApplicationHelper: Fail to get PackageManager
12-29 01:49:11.574  1790  1974 E TranDynamicBarAnimControllerImpl: TranDynamicBarAnimControllerImpl setFromDynamicIslandToWindow pkgName:com.facebook.services
12-29 01:49:11.574  1790  1974 E TranDynamicBarAnimControllerImpl: start setFromDynamicIslandToWindow startFromDynamicIsland:false
12-29 01:49:11.574  1790  1974 E TranDynamicBarAnimControllerImpl: end setFromDynamicIslandToWindow mDynamicIslandPkgName:com.facebook.services mStartFromDynamicIsland:false
12-29 01:49:11.581  1790  1826 E ApplicationHelper: Fail to get PackageManager
12-29 01:49:11.595  1790  1826 E ApplicationHelper: Fail to get PackageManager
12-29 01:49:15.421  1790  1826 E ApplicationHelper: Fail to get PackageManager
12-29 01:49:15.465  1790  1826 E ApplicationHelper: Fail to get PackageManager
12-29 01:49:16.597  1790  1974 E TranDynamicBarAnimControllerImpl: TranDynamicBarAnimControllerImpl setFromDynamicIslandToWindow pkgName:com.facebook.services
12-29 01:49:16.597  1790  1974 E TranDynamicBarAnimControllerImpl: start setFromDynamicIslandToWindow startFromDynamicIsland:false
12-29 01:49:16.597  1790  1974 E TranDynamicBarAnimControllerImpl: end setFromDynamicIslandToWindow mDynamicIslandPkgName:com.facebook.services mStartFromDynamicIsland:false
12-29 01:49:16.604  1790  1826 E ApplicationHelper: Fail to get PackageManager
12-29 01:49:16.619  1790  1826 E ApplicationHelper: Fail to get PackageManager
12-29 01:49:21.555  1790  1826 E ApplicationHelper: Fail to get PackageManager
12-29 01:49:21.568  1790  1826 E ApplicationHelper: Fail to get PackageManager
12-29 01:49:21.621  1790  1974 E TranDynamicBarAnimControllerImpl: TranDynamicBarAnimControllerImpl setFromDynamicIslandToWindow pkgName:com.facebook.services
12-29 01:49:21.621  1790  1974 E TranDynamicBarAnimControllerImpl: start setFromDynamicIslandToWindow startFromDynamicIsland:false
12-29 01:49:21.622  1790  1974 E TranDynamicBarAnimControllerImpl: end setFromDynamicIslandToWindow mDynamicIslandPkgName:com.facebook.services mStartFromDynamicIsland:false
12-29 01:49:21.624  1790  1826 E ApplicationHelper: Fail to get PackageManager
12-29 01:49:21.631  1790  1826 E ApplicationHelper: Fail to get PackageManager
12-29 01:49:21.639  1790  1826 E ApplicationHelper: Fail to get PackageManager
12-29 01:49:21.647  1790  1826 E ApplicationHelper: Fail to get PackageManager
12-29 01:49:21.658  1790  1826 E ApplicationHelper: Fail to get PackageManager
12-29 01:49:21.660  1790  1826 E ApplicationHelper: Fail to get PackageManager
12-29 01:49:21.677  1790  1826 E ApplicationHelper: Fail to get PackageManager
12-29 01:49:21.678  1790  1826 E ApplicationHelper: Fail to get PackageManager
12-29 01:49:21.679  1790  1907 E ActivityManager: Sending non-protected broadcast com.mediatek.action.UNREAD_CHANGED from system 30051:com.android.settings/1000 pkg com.android.settings
12-29 01:49:21.679  1790  1907 E ActivityManager: java.lang.Throwable
12-29 01:49:21.679  1790  1907 E ActivityManager:       at com.android.server.am.ActivityManagerService.checkBroadcastFromSystem(ActivityManagerService.java:16941)
12-29 01:49:21.679  1790  1907 E ActivityManager:       at com.android.server.am.ActivityManagerService.broadcastIntentLockedTraced(ActivityManagerService.java:17951)
12-29 01:49:21.679  1790  1907 E ActivityManager:       at com.android.server.am.ActivityManagerService.broadcastIntentLocked(ActivityManagerService.java:17110)
12-29 01:49:21.679  1790  1907 E ActivityManager:       at com.android.server.am.ActivityManagerService.broadcastIntentWithFeature(ActivityManagerService.java:18202)
12-29 01:49:21.679  1790  1907 E ActivityManager:       at android.app.IActivityManager$Stub.onTransact$broadcastIntentWithFeature$(IActivityManager.java:13167)
12-29 01:49:21.679  1790  1907 E ActivityManager:       at android.app.IActivityManager$Stub.onTransact(IActivityManager.java:3384)
12-29 01:49:21.679  1790  1907 E ActivityManager:       at com.android.server.am.ActivityManagerService.onTransact(ActivityManagerService.java:3149)
12-29 01:49:21.679  1790  1907 E ActivityManager:       at android.os.Binder.execTransactInternal(Binder.java:1534)
12-29 01:49:21.679  1790  1907 E ActivityManager:       at android.os.Binder.execTransact(Binder.java:1460)
12-29 01:49:21.680  1790  1861 E TranExceptionReporterComponentImpl: init: ro.product.succ.bbcollect.log.support==1
12-29 01:49:21.680  1790  1861 E TranExceptionReporterComponentImpl: init: ro.product.succ.bbcollect.log.support==1
12-29 01:49:21.686  1790  1826 E ApplicationHelper: Fail to get PackageManager
12-29 01:49:21.687  1790  1826 E ApplicationHelper: Fail to get PackageManager
12-29 01:49:21.687  1790  1826 E ApplicationHelper: Fail to get PackageManager
12-29 01:49:25.313  1790  1826 E ApplicationHelper: Fail to get PackageManager
12-29 01:49:26.639  1790  1974 E TranDynamicBarAnimControllerImpl: TranDynamicBarAnimControllerImpl setFromDynamicIslandToWindow pkgName:com.facebook.services
12-29 01:49:26.639  1790  1974 E TranDynamicBarAnimControllerImpl: start setFromDynamicIslandToWindow startFromDynamicIsland:false
12-29 01:49:26.639  1790  1974 E TranDynamicBarAnimControllerImpl: end setFromDynamicIslandToWindow mDynamicIslandPkgName:com.facebook.services mStartFromDynamicIsland:false
12-29 01:49:26.645  1790  1826 E ApplicationHelper: Fail to get PackageManager
12-29 01:49:26.661  1790  1826 E ApplicationHelper: Fail to get PackageManager
12-29 01:49:27.688  1790  1826 E ApplicationHelper: Fail to get PackageManager
12-29 01:49:31.662  1790  1974 E TranDynamicBarAnimControllerImpl: TranDynamicBarAnimControllerImpl setFromDynamicIslandToWindow pkgName:com.facebook.services
12-29 01:49:31.662  1790  1974 E TranDynamicBarAnimControllerImpl: start setFromDynamicIslandToWindow startFromDynamicIsland:false
12-29 01:49:31.662  1790  1974 E TranDynamicBarAnimControllerImpl: end setFromDynamicIslandToWindow mDynamicIslandPkgName:com.facebook.services mStartFromDynamicIsland:false
12-29 01:49:31.668  1790  1826 E ApplicationHelper: Fail to get PackageManager
12-29 01:49:31.683  1790  1826 E ApplicationHelper: Fail to get PackageManager
12-29 01:49:32.218  1790  1826 E ApplicationHelper: Fail to get PackageManager
12-29 01:49:32.218  1790  1826 E ApplicationHelper: Fail to get PackageManager
12-29 01:49:32.219  1790  1826 E ApplicationHelper: Fail to get PackageManager
12-29 01:49:32.220  1790  1826 E ApplicationHelper: Fail to get PackageManager
12-29 01:49:32.220  1790  1826 E ApplicationHelper: Fail to get PackageManager
