12-29 01:49:36.683  1790  1974 E TranDynamicBarAnimControllerImpl: TranDynamicBarAnimControllerImpl setFromDynamicIslandToWindow pkgName:com.facebook.services
12-29 01:49:36.683  1790  1974 E TranDynamicBarAnimControllerImpl: start setFromDynamicIslandToWindow startFromDynamicIsland:false
12-29 01:49:36.683  1790  1974 E TranDynamicBarAnimControllerImpl: end setFromDynamicIslandToWindow mDynamicIslandPkgName:com.facebook.services mStartFromDynamicIsland:false
12-29 01:49:36.689  1790  1826 E ApplicationHelper: Fail to get PackageManager
12-29 01:49:36.704  1790  1826 E ApplicationHelper: Fail to get PackageManager
12-29 01:49:39.455  1790  1826 E ApplicationHelper: Fail to get PackageManager
12-29 01:49:40.130 30051 16382 E Athena  : ------------------------------------------------------------
12-29 01:49:40.130 30051 16382 E Athena  :
12-29 01:49:40.131 30051 16382 E Athena  :   - Athena is in Release mode with log enabled. Please set AthenaAnalytics.setDebug(false) to release this APK Debug[com.android.settings]
12-29 01:49:40.131 30051 16382 E Athena  :
12-29 01:49:40.131 30051 16382 E Athena  : ------------------------------------------------------------
12-29 01:49:41.704  1790  1974 E TranDynamicBarAnimControllerImpl: TranDynamicBarAnimControllerImpl setFromDynamicIslandToWindow pkgName:com.facebook.services
12-29 01:49:41.704  1790  1974 E TranDynamicBarAnimControllerImpl: start setFromDynamicIslandToWindow startFromDynamicIsland:false
12-29 01:49:41.704  1790  1974 E TranDynamicBarAnimControllerImpl: end setFromDynamicIslandToWindow mDynamicIslandPkgName:com.facebook.services mStartFromDynamicIsland:false
12-29 01:49:41.711  1790  1826 E ApplicationHelper: Fail to get PackageManager
12-29 01:49:41.728  1790  1826 E ApplicationHelper: Fail to get PackageManager
12-29 01:49:46.730  1790  1974 E TranDynamicBarAnimControllerImpl: TranDynamicBarAnimControllerImpl setFromDynamicIslandToWindow pkgName:com.facebook.services
12-29 01:49:46.730  1790  1974 E TranDynamicBarAnimControllerImpl: start setFromDynamicIslandToWindow startFromDynamicIsland:false
12-29 01:49:46.730  1790  1974 E TranDynamicBarAnimControllerImpl: end setFromDynamicIslandToWindow mDynamicIslandPkgName:com.facebook.services mStartFromDynamicIsland:false
12-29 01:49:46.737  1790  1826 E ApplicationHelper: Fail to get PackageManager
12-29 01:49:46.752  1790  1826 E ApplicationHelper: Fail to get PackageManager
12-29 01:49:51.705  1790  1826 E ApplicationHelper: Fail to get PackageManager
12-29 01:49:51.708  1790  1826 E ApplicationHelper: Fail to get PackageManager
12-29 01:49:51.757  1790  1974 E TranDynamicBarAnimControllerImpl: TranDynamicBarAnimControllerImpl setFromDynamicIslandToWindow pkgName:com.facebook.services
12-29 01:49:51.757  1790  1974 E TranDynamicBarAnimControllerImpl: start setFromDynamicIslandToWindow startFromDynamicIsland:false
12-29 01:49:51.757  1790  1974 E TranDynamicBarAnimControllerImpl: end setFromDynamicIslandToWindow mDynamicIslandPkgName:com.facebook.services mStartFromDynamicIsland:false
12-29 01:49:51.762  1790  1826 E ApplicationHelper: Fail to get PackageManager
12-29 01:49:51.769  1790  1826 E ApplicationHelper: Fail to get PackageManager
12-29 01:49:51.775  1790  1826 E ApplicationHelper: Fail to get PackageManager
12-29 01:49:51.777  1790  1826 E ApplicationHelper: Fail to get PackageManager
12-29 01:49:51.791  1790  1826 E ApplicationHelper: Fail to get PackageManager
12-29 01:49:51.794  1790  1826 E ApplicationHelper: Fail to get PackageManager
12-29 01:49:51.805  1790  1907 E ActivityManager: Sending non-protected broadcast com.mediatek.action.UNREAD_CHANGED from system 30051:com.android.settings/1000 pkg com.android.settings
12-29 01:49:51.805  1790  1907 E ActivityManager: java.lang.Throwable
12-29 01:49:51.805  1790  1907 E ActivityManager:       at com.android.server.am.ActivityManagerService.checkBroadcastFromSystem(ActivityManagerService.java:16941)
12-29 01:49:51.805  1790  1907 E ActivityManager:       at com.android.server.am.ActivityManagerService.broadcastIntentLockedTraced(ActivityManagerService.java:17951)
12-29 01:49:51.805  1790  1907 E ActivityManager:       at com.android.server.am.ActivityManagerService.broadcastIntentLocked(ActivityManagerService.java:17110)
12-29 01:49:51.805  1790  1907 E ActivityManager:       at com.android.server.am.ActivityManagerService.broadcastIntentWithFeature(ActivityManagerService.java:18202)
12-29 01:49:51.805  1790  1907 E ActivityManager:       at android.app.IActivityManager$Stub.onTransact$broadcastIntentWithFeature$(IActivityManager.java:13167)
12-29 01:49:51.805  1790  1907 E ActivityManager:       at android.app.IActivityManager$Stub.onTransact(IActivityManager.java:3384)
12-29 01:49:51.805  1790  1907 E ActivityManager:       at com.android.server.am.ActivityManagerService.onTransact(ActivityManagerService.java:3149)
12-29 01:49:51.805  1790  1907 E ActivityManager:       at android.os.Binder.execTransactInternal(Binder.java:1534)
12-29 01:49:51.805  1790  1907 E ActivityManager:       at android.os.Binder.execTransact(Binder.java:1460)
12-29 01:49:51.807  1790  1861 E TranExceptionReporterComponentImpl: init: ro.product.succ.bbcollect.log.support==1
12-29 01:49:51.808  1790  1861 E TranExceptionReporterComponentImpl: init: ro.product.succ.bbcollect.log.support==1
12-29 01:49:51.810  1790  1826 E ApplicationHelper: Fail to get PackageManager
12-29 01:49:51.810  1790  1826 E ApplicationHelper: Fail to get PackageManager
12-29 01:49:51.814  1790  1826 E ApplicationHelper: Fail to get PackageManager
12-29 01:49:51.814  1790  1826 E ApplicationHelper: Fail to get PackageManager
12-29 01:49:51.815  1790  1826 E ApplicationHelper: Fail to get PackageManager
12-29 01:49:53.716  2591  2591 E MtkPhoneIntfMgrEx: MainThreadHandler.handleMessage : 3
12-29 01:49:53.786  7195  7305 E msys    : E[N mns]_CacheRefreshTimerCallback(454)=>Start active cache refresh DNS resolution
12-29 01:49:53.787  7195  7305 E msys    : E[N mns]_CacheRefreshTimerCallback(454)=>Start active cache refresh DNS resolution
12-29 01:49:53.787  7195  7305 E msys    : E[N mns]_CacheRefreshTimerCallback(454)=>Start active cache refresh DNS resolution
12-29 01:49:53.787  7195  7305 E msys    : E[N mns]_CacheRefreshTimerCallback(454)=>Start active cache refresh DNS resolution
12-29 01:49:53.787  7195  7305 E msys    : E[N mns]_CacheRefreshTimerCallback(454)=>Start active cache refresh DNS resolution
12-29 01:49:53.788  7195  7305 E msys    : E[N mns]_CacheRefreshTimerCallback(454)=>Start active cache refresh DNS resolution
12-29 01:49:53.788  7195  7305 E MvfstCallbacks.cpp: readError: streamid=3; error=LocalError: Idle timeout, Idle timeout: 60 seconds
12-29 01:49:53.788  7195  7305 E MvfstCallbacks.cpp: readError: streamid=7; error=LocalError: Idle timeout, Idle timeout: 60 seconds
12-29 01:49:53.788  7195  7305 E MvfstCallbacks.cpp: readError: streamid=11; error=LocalError: Idle timeout, Idle timeout: 60 seconds
12-29 01:49:53.789  7195  7305 E MvfstCallbacks.cpp: onConnectionError: error=LocalError: Idle timeout, Idle timeout: 60 seconds
12-29 01:49:53.795  7195  7385 E MvfstCallbacks.cpp: readError: streamid=0; error=LocalError: Idle timeout, Idle timeout: 35 seconds
12-29 01:49:53.795  7195  7385 E MvfstCallbacks.cpp: readError: streamid=11; error=LocalError: Idle timeout, Idle timeout: 35 seconds
12-29 01:49:53.795  7195  7385 E MvfstCallbacks.cpp: readError: streamid=4; error=LocalError: Idle timeout, Idle timeout: 35 seconds
12-29 01:49:53.798  2591  2591 E MtkPhoneIntfMgrEx: MainThreadHandler.handleMessage : 3
12-29 01:49:53.799  7195  7385 E MvfstCallbacks.cpp: readError: streamid=8; error=LocalError: Idle timeout, Idle timeout: 35 seconds
12-29 01:49:53.799  7195  7385 E MvfstCallbacks.cpp: readError: streamid=3; error=LocalError: Idle timeout, Idle timeout: 35 seconds
12-29 01:49:53.799  7195  7385 E MvfstCallbacks.cpp: readError: streamid=7; error=LocalError: Idle timeout, Idle timeout: 35 seconds
12-29 01:49:53.800  7195  7385 E MvfstCallbacks.cpp: onConnectionError: error=LocalError: Idle timeout, Idle timeout: 35 seconds
12-29 01:49:53.803  7195  7443 E msys    : E[S MSync]_ModularSyncHandleNetworkResponse(1738)=>DB[223] - Encountered a network error (2002: TransientError domain: MNSQUICConnection code: 1 detail: Idle timeout: 35 seconds)
12-29 01:49:53.804  7195  7443 E msys    : E[S MSync]_ModularSyncHandleNetworkErrorResponse(1432)=>DB[223] - handle network error response
12-29 01:49:53.806  7195  7385 E msys    : E[N mns]_OnDiskCacheGetData(632)=>Start post callback cache refresh DNS resolution
12-29 01:49:54.007  7195  7385 E msys    : E[N mns]_OnDiskCacheGetData(632)=>Start post callback cache refresh DNS resolution
12-29 01:49:55.057  7195  7305 E msys    : E[N mns]_OnSystemDNSSuccessCallback(340)=>Cache refresh succeeded with system DNS resolver. IP count: 1
12-29 01:49:55.062  7195  7305 E msys    : E[N mns]_OnSystemDNSSuccessCallback(340)=>Cache refresh succeeded with system DNS resolver. IP count: 1
12-29 01:49:55.065  7195  7385 E msys    : E[N mns]_OnSystemDNSSuccessCallback(340)=>Cache refresh succeeded with system DNS resolver. IP count: 1
12-29 01:49:55.068  7195  7385 E msys    : E[N mns]_OnSystemDNSSuccessCallback(340)=>Cache refresh succeeded with system DNS resolver. IP count: 1
12-29 01:49:55.076  7195  7305 E msys    : E[N mns]_OnSystemDNSSuccessCallback(340)=>Cache refresh succeeded with system DNS resolver. IP count: 1
12-29 01:49:55.082  7195  7305 E msys    : E[N mns]_OnSystemDNSSuccessCallback(340)=>Cache refresh succeeded with system DNS resolver. IP count: 1
12-29 01:49:55.108  7195  7462 E msys    : E[N MCCWLigerStream]_NetworkChangedCallbackInternal(57)=>skip the network state change source=3
12-29 01:49:55.108  7195  9841 E msys    : E[C mem.context]_NetworkStateChangedCallbackOnExecutionContext(7923)=>[INFO]skip the network state change source=3
12-29 01:49:56.777  1790  1974 E TranDynamicBarAnimControllerImpl: TranDynamicBarAnimControllerImpl setFromDynamicIslandToWindow pkgName:com.facebook.services
12-29 01:49:56.777  1790  1974 E TranDynamicBarAnimControllerImpl: start setFromDynamicIslandToWindow startFromDynamicIsland:false
12-29 01:49:56.777  1790  1974 E TranDynamicBarAnimControllerImpl: end setFromDynamicIslandToWindow mDynamicIslandPkgName:com.facebook.services mStartFromDynamicIsland:false
12-29 01:49:56.784  1790  1826 E ApplicationHelper: Fail to get PackageManager
12-29 01:49:56.798  1790  1826 E ApplicationHelper: Fail to get PackageManager
12-29 01:49:57.819  1790  1826 E ApplicationHelper: Fail to get PackageManager
12-29 01:49:58.818  1790  1826 E ApplicationHelper: Fail to get PackageManager
12-29 01:50:00.101  1013  1013 E SurfaceFlinger: Out of order buffers detected for RequestedLayerState{com.transsion.XOSLauncher/com.android.launcher3.uioverrides.QuickstepLauncher#8180 parentId=66} producedId=97 frameNumber=30 -> producedId=97 frameNumber=25
12-29 01:50:01.799  1790  1974 E TranDynamicBarAnimControllerImpl: TranDynamicBarAnimControllerImpl setFromDynamicIslandToWindow pkgName:com.facebook.services
12-29 01:50:01.799  1790  1974 E TranDynamicBarAnimControllerImpl: start setFromDynamicIslandToWindow startFromDynamicIsland:false
12-29 01:50:01.799  1790  1974 E TranDynamicBarAnimControllerImpl: end setFromDynamicIslandToWindow mDynamicIslandPkgName:com.facebook.services mStartFromDynamicIsland:false
12-29 01:50:01.806  1790  1826 E ApplicationHelper: Fail to get PackageManager
12-29 01:50:01.819  1790  1826 E ApplicationHelper: Fail to get PackageManager
12-29 01:50:03.841  2591  2591 E MtkPhoneIntfMgrEx: MainThreadHandler.handleMessage : 3
12-29 01:50:03.852  2591  2591 E MtkPhoneIntfMgrEx: MainThreadHandler.handleMessage : 3
12-29 01:50:03.867  2591  2591 E MtkPhoneIntfMgrEx: MainThreadHandler.handleMessage : 3
12-29 01:50:06.821  1790  1974 E TranDynamicBarAnimControllerImpl: TranDynamicBarAnimControllerImpl setFromDynamicIslandToWindow pkgName:com.facebook.services
12-29 01:50:06.822  1790  1974 E TranDynamicBarAnimControllerImpl: start setFromDynamicIslandToWindow startFromDynamicIsland:false
12-29 01:50:06.822  1790  1974 E TranDynamicBarAnimControllerImpl: end setFromDynamicIslandToWindow mDynamicIslandPkgName:com.facebook.services mStartFromDynamicIsland:false
12-29 01:50:06.829  1790  1826 E ApplicationHelper: Fail to get PackageManager
12-29 01:50:06.845  1790  1826 E ApplicationHelper: Fail to get PackageManager
12-29 01:50:11.846  1790  1974 E TranDynamicBarAnimControllerImpl: TranDynamicBarAnimControllerImpl setFromDynamicIslandToWindow pkgName:com.facebook.services
12-29 01:50:11.846  1790  1974 E TranDynamicBarAnimControllerImpl: start setFromDynamicIslandToWindow startFromDynamicIsland:false
12-29 01:50:11.847  1790  1974 E TranDynamicBarAnimControllerImpl: end setFromDynamicIslandToWindow mDynamicIslandPkgName:com.facebook.services mStartFromDynamicIsland:false
12-29 01:50:11.854  1790  1826 E ApplicationHelper: Fail to get PackageManager
12-29 01:50:11.868  1790  1826 E ApplicationHelper: Fail to get PackageManager
12-29 01:50:14.284  1790  1826 E ApplicationHelper: Fail to get PackageManager
12-29 01:50:14.373  1790  1826 E ApplicationHelper: Fail to get PackageManager
12-29 01:50:14.378  1790  1826 E ApplicationHelper: Fail to get PackageManager
12-29 01:50:14.378  1790  1826 E ApplicationHelper: Fail to get PackageManager
12-29 01:50:14.378  1790  1826 E ApplicationHelper: Fail to get PackageManager
12-29 01:50:14.385  1790  1826 E ApplicationHelper: Fail to get PackageManager
12-29 01:50:14.385  1790  1826 E ApplicationHelper: Fail to get PackageManager
12-29 01:50:14.385  1790  1826 E ApplicationHelper: Fail to get PackageManager
12-29 01:50:14.388  1790  1826 E ApplicationHelper: Fail to get PackageManager
12-29 01:50:14.388  1790  1826 E ApplicationHelper: Fail to get PackageManager
12-29 01:50:14.388  1790  1826 E ApplicationHelper: Fail to get PackageManager
12-29 01:50:14.418   669   669 E TlcKM   : lookup_operation: op 0x70b4341f869eef3e not found
12-29 01:50:14.418   669   669 E TlcKM   : lookup_operation(session, operation_handle, &op) == -28
12-29 01:50:14.441   669   669 E TlcKM   : lookup_operation: op 0xe6e14391d3f3cafb not found
12-29 01:50:14.442   669   669 E TlcKM   : lookup_operation(session, operation_handle, &op) == -28
12-29 01:50:14.487   669   669 E TlcKM   : lookup_operation: op 0xa789897fde2a5795 not found
12-29 01:50:14.488   669   669 E TlcKM   : lookup_operation(session, operation_handle, &op) == -28
12-29 01:50:16.870  1790  1974 E TranDynamicBarAnimControllerImpl: TranDynamicBarAnimControllerImpl setFromDynamicIslandToWindow pkgName:com.facebook.services
12-29 01:50:16.870  1790  1974 E TranDynamicBarAnimControllerImpl: start setFromDynamicIslandToWindow startFromDynamicIsland:false
12-29 01:50:16.870  1790  1974 E TranDynamicBarAnimControllerImpl: end setFromDynamicIslandToWindow mDynamicIslandPkgName:com.facebook.services mStartFromDynamicIsland:false
12-29 01:50:16.879  1790  1826 E ApplicationHelper: Fail to get PackageManager
12-29 01:50:16.899  1790  1826 E ApplicationHelper: Fail to get PackageManager
12-29 01:50:17.606   669   669 E TlcKM   : lookup_operation: op 0xc5073f7ca65dd734 not found
12-29 01:50:17.606   669   669 E TlcKM   : lookup_operation(session, operation_handle, &op) == -28
12-29 01:50:21.837  1790  1826 E ApplicationHelper: Fail to get PackageManager
12-29 01:50:21.843  1790  1826 E ApplicationHelper: Fail to get PackageManager
12-29 01:50:21.904  1790  1974 E TranDynamicBarAnimControllerImpl: TranDynamicBarAnimControllerImpl setFromDynamicIslandToWindow pkgName:com.facebook.services
12-29 01:50:21.904  1790  1974 E TranDynamicBarAnimControllerImpl: start setFromDynamicIslandToWindow startFromDynamicIsland:false
12-29 01:50:21.905  1790  1974 E TranDynamicBarAnimControllerImpl: end setFromDynamicIslandToWindow mDynamicIslandPkgName:com.facebook.services mStartFromDynamicIsland:false
12-29 01:50:21.917  1790  1826 E ApplicationHelper: Fail to get PackageManager
12-29 01:50:21.926  1790  1826 E ApplicationHelper: Fail to get PackageManager
12-29 01:50:21.930  1790  1826 E ApplicationHelper: Fail to get PackageManager
12-29 01:50:21.935  1790  1826 E ApplicationHelper: Fail to get PackageManager
12-29 01:50:21.942  1790  1826 E ApplicationHelper: Fail to get PackageManager
12-29 01:50:21.945  1790  1826 E ApplicationHelper: Fail to get PackageManager
12-29 01:50:21.957  1790  1826 E ApplicationHelper: Fail to get PackageManager
12-29 01:50:21.960  1790  1826 E ApplicationHelper: Fail to get PackageManager
12-29 01:50:21.976  1790  1826 E ApplicationHelper: Fail to get PackageManager
12-29 01:50:21.977  1790  1826 E ApplicationHelper: Fail to get PackageManager
12-29 01:50:21.978  1790  2869 E ActivityManager: Sending non-protected broadcast com.mediatek.action.UNREAD_CHANGED from system 30051:com.android.settings/1000 pkg com.android.settings
12-29 01:50:21.978  1790  2869 E ActivityManager: java.lang.Throwable
12-29 01:50:21.978  1790  2869 E ActivityManager:       at com.android.server.am.ActivityManagerService.checkBroadcastFromSystem(ActivityManagerService.java:16941)
12-29 01:50:21.978  1790  2869 E ActivityManager:       at com.android.server.am.ActivityManagerService.broadcastIntentLockedTraced(ActivityManagerService.java:17951)
12-29 01:50:21.978  1790  2869 E ActivityManager:       at com.android.server.am.ActivityManagerService.broadcastIntentLocked(ActivityManagerService.java:17110)
12-29 01:50:21.978  1790  2869 E ActivityManager:       at com.android.server.am.ActivityManagerService.broadcastIntentWithFeature(ActivityManagerService.java:18202)
12-29 01:50:21.978  1790  2869 E ActivityManager:       at android.app.IActivityManager$Stub.onTransact$broadcastIntentWithFeature$(IActivityManager.java:13167)
12-29 01:50:21.978  1790  2869 E ActivityManager:       at android.app.IActivityManager$Stub.onTransact(IActivityManager.java:3384)
12-29 01:50:21.978  1790  2869 E ActivityManager:       at com.android.server.am.ActivityManagerService.onTransact(ActivityManagerService.java:3149)
12-29 01:50:21.978  1790  2869 E ActivityManager:       at android.os.Binder.execTransactInternal(Binder.java:1534)
12-29 01:50:21.978  1790  2869 E ActivityManager:       at android.os.Binder.execTransact(Binder.java:1460)
12-29 01:50:21.980  1790  1861 E TranExceptionReporterComponentImpl: init: ro.product.succ.bbcollect.log.support==1
12-29 01:50:21.980  1790  1861 E TranExceptionReporterComponentImpl: init: ro.product.succ.bbcollect.log.support==1
12-29 01:50:21.988  1790  1826 E ApplicationHelper: Fail to get PackageManager
12-29 01:50:21.988  1790  1826 E ApplicationHelper: Fail to get PackageManager
12-29 01:50:21.988  1790  1826 E ApplicationHelper: Fail to get PackageManager
12-29 01:50:26.942  1790  1974 E TranDynamicBarAnimControllerImpl: TranDynamicBarAnimControllerImpl setFromDynamicIslandToWindow pkgName:com.facebook.services
12-29 01:50:26.942  1790  1974 E TranDynamicBarAnimControllerImpl: start setFromDynamicIslandToWindow startFromDynamicIsland:false
12-29 01:50:26.942  1790  1974 E TranDynamicBarAnimControllerImpl: end setFromDynamicIslandToWindow mDynamicIslandPkgName:com.facebook.services mStartFromDynamicIsland:false
12-29 01:50:26.950  1790  1826 E ApplicationHelper: Fail to get PackageManager
12-29 01:50:26.965  1790  1826 E ApplicationHelper: Fail to get PackageManager
12-29 01:50:27.989  1790  1826 E ApplicationHelper: Fail to get PackageManager
12-29 01:50:31.965  1790  1974 E TranDynamicBarAnimControllerImpl: TranDynamicBarAnimControllerImpl setFromDynamicIslandToWindow pkgName:com.facebook.services
12-29 01:50:31.966  1790  1974 E TranDynamicBarAnimControllerImpl: start setFromDynamicIslandToWindow startFromDynamicIsland:false
12-29 01:50:31.966  1790  1974 E TranDynamicBarAnimControllerImpl: end setFromDynamicIslandToWindow mDynamicIslandPkgName:com.facebook.services mStartFromDynamicIsland:false
12-29 01:50:31.972  1790  1826 E ApplicationHelper: Fail to get PackageManager
12-29 01:50:31.991  1790  1826 E ApplicationHelper: Fail to get PackageManager
12-29 01:50:36.992  1790  1974 E TranDynamicBarAnimControllerImpl: TranDynamicBarAnimControllerImpl setFromDynamicIslandToWindow pkgName:com.facebook.services
12-29 01:50:36.992  1790  1974 E TranDynamicBarAnimControllerImpl: start setFromDynamicIslandToWindow startFromDynamicIsland:false
12-29 01:50:36.992  1790  1974 E TranDynamicBarAnimControllerImpl: end setFromDynamicIslandToWindow mDynamicIslandPkgName:com.facebook.services mStartFromDynamicIsland:false
12-29 01:50:37.000  1790  1826 E ApplicationHelper: Fail to get PackageManager
12-29 01:50:37.000  1790  1826 E ApplicationHelper: Fail to get PackageManager
12-29 01:50:37.013  1790  1826 E ApplicationHelper: Fail to get PackageManager
12-29 01:50:40.190 30051 16382 E Athena  : ------------------------------------------------------------
12-29 01:50:40.191 30051 16382 E Athena  :
12-29 01:50:40.191 30051 16382 E Athena  :   - Athena is in Release mode with log enabled. Please set AthenaAnalytics.setDebug(false) to release this APK Debug[com.android.settings]
12-29 01:50:40.191 30051 16382 E Athena  :
12-29 01:50:40.191 30051 16382 E Athena  : ------------------------------------------------------------
12-29 01:50:42.013  1790  1974 E TranDynamicBarAnimControllerImpl: TranDynamicBarAnimControllerImpl setFromDynamicIslandToWindow pkgName:com.facebook.services
12-29 01:50:42.013  1790  1974 E TranDynamicBarAnimControllerImpl: start setFromDynamicIslandToWindow startFromDynamicIsland:false
12-29 01:50:42.013  1790  1974 E TranDynamicBarAnimControllerImpl: end setFromDynamicIslandToWindow mDynamicIslandPkgName:com.facebook.services mStartFromDynamicIsland:false
12-29 01:50:42.020  1790  1826 E ApplicationHelper: Fail to get PackageManager
12-29 01:50:42.035  1790  1826 E ApplicationHelper: Fail to get PackageManager
12-29 01:50:44.237  1790  1826 E ApplicationHelper: Fail to get PackageManager
12-29 01:50:44.241  1790  1826 E ApplicationHelper: Fail to get PackageManager
12-29 01:50:47.036  1790  1974 E TranDynamicBarAnimControllerImpl: TranDynamicBarAnimControllerImpl setFromDynamicIslandToWindow pkgName:com.facebook.services
12-29 01:50:47.036  1790  1974 E TranDynamicBarAnimControllerImpl: start setFromDynamicIslandToWindow startFromDynamicIsland:false
12-29 01:50:47.036  1790  1974 E TranDynamicBarAnimControllerImpl: end setFromDynamicIslandToWindow mDynamicIslandPkgName:com.facebook.services mStartFromDynamicIsland:false
12-29 01:50:47.042  1790  1826 E ApplicationHelper: Fail to get PackageManager
12-29 01:50:47.057  1790  1826 E ApplicationHelper: Fail to get PackageManager
12-29 01:50:47.410  1790  1826 E ApplicationHelper: Fail to get PackageManager
12-29 01:50:47.426  1790  1826 E ApplicationHelper: Fail to get PackageManager
12-29 01:50:48.555  1790  1826 E ApplicationHelper: Fail to get PackageManager
12-29 01:50:52.007  1790  1826 E ApplicationHelper: Fail to get PackageManager
12-29 01:50:52.010  1790  1826 E ApplicationHelper: Fail to get PackageManager
12-29 01:50:52.062  1790  1974 E TranDynamicBarAnimControllerImpl: TranDynamicBarAnimControllerImpl setFromDynamicIslandToWindow pkgName:com.facebook.services
12-29 01:50:52.062  1790  1974 E TranDynamicBarAnimControllerImpl: start setFromDynamicIslandToWindow startFromDynamicIsland:false
12-29 01:50:52.063  1790  1974 E TranDynamicBarAnimControllerImpl: end setFromDynamicIslandToWindow mDynamicIslandPkgName:com.facebook.services mStartFromDynamicIsland:false
12-29 01:50:52.069  1790  1826 E ApplicationHelper: Fail to get PackageManager
12-29 01:50:52.074  1790  1826 E ApplicationHelper: Fail to get PackageManager
12-29 01:50:52.078  1790  1826 E ApplicationHelper: Fail to get PackageManager
12-29 01:50:52.083  1790  1826 E ApplicationHelper: Fail to get PackageManager
12-29 01:50:52.093  1790  1826 E ApplicationHelper: Fail to get PackageManager
12-29 01:50:52.095  1790  1826 E ApplicationHelper: Fail to get PackageManager
12-29 01:50:52.109  1790  2396 E ActivityManager: Sending non-protected broadcast com.mediatek.action.UNREAD_CHANGED from system 30051:com.android.settings/1000 pkg com.android.settings
12-29 01:50:52.109  1790  2396 E ActivityManager: java.lang.Throwable
12-29 01:50:52.109  1790  2396 E ActivityManager:       at com.android.server.am.ActivityManagerService.checkBroadcastFromSystem(ActivityManagerService.java:16941)
12-29 01:50:52.109  1790  2396 E ActivityManager:       at com.android.server.am.ActivityManagerService.broadcastIntentLockedTraced(ActivityManagerService.java:17951)
12-29 01:50:52.109  1790  2396 E ActivityManager:       at com.android.server.am.ActivityManagerService.broadcastIntentLocked(ActivityManagerService.java:17110)
12-29 01:50:52.109  1790  2396 E ActivityManager:       at com.android.server.am.ActivityManagerService.broadcastIntentWithFeature(ActivityManagerService.java:18202)
12-29 01:50:52.109  1790  2396 E ActivityManager:       at android.app.IActivityManager$Stub.onTransact$broadcastIntentWithFeature$(IActivityManager.java:13167)
12-29 01:50:52.109  1790  2396 E ActivityManager:       at android.app.IActivityManager$Stub.onTransact(IActivityManager.java:3384)
12-29 01:50:52.109  1790  2396 E ActivityManager:       at com.android.server.am.ActivityManagerService.onTransact(ActivityManagerService.java:3149)
12-29 01:50:52.109  1790  2396 E ActivityManager:       at android.os.Binder.execTransactInternal(Binder.java:1534)
12-29 01:50:52.109  1790  2396 E ActivityManager:       at android.os.Binder.execTransact(Binder.java:1460)
12-29 01:50:52.110  1790  1861 E TranExceptionReporterComponentImpl: init: ro.product.succ.bbcollect.log.support==1
12-29 01:50:52.110  1790  1861 E TranExceptionReporterComponentImpl: init: ro.product.succ.bbcollect.log.support==1
12-29 01:50:52.114  1790  1826 E ApplicationHelper: Fail to get PackageManager
12-29 01:50:52.114  1790  1826 E ApplicationHelper: Fail to get PackageManager
12-29 01:50:52.126  1790  1826 E ApplicationHelper: Fail to get PackageManager
12-29 01:50:52.126  1790  1826 E ApplicationHelper: Fail to get PackageManager
12-29 01:50:52.127  1790  1826 E ApplicationHelper: Fail to get PackageManager
12-29 01:50:57.084  1790  1974 E TranDynamicBarAnimControllerImpl: TranDynamicBarAnimControllerImpl setFromDynamicIslandToWindow pkgName:com.facebook.services
12-29 01:50:57.085  1790  1974 E TranDynamicBarAnimControllerImpl: start setFromDynamicIslandToWindow startFromDynamicIsland:false
12-29 01:50:57.085  1790  1974 E TranDynamicBarAnimControllerImpl: end setFromDynamicIslandToWindow mDynamicIslandPkgName:com.facebook.services mStartFromDynamicIsland:false
12-29 01:50:57.093  1790  1826 E ApplicationHelper: Fail to get PackageManager
12-29 01:50:57.108  1790  1826 E ApplicationHelper: Fail to get PackageManager
12-29 01:50:58.118  1790  1826 E ApplicationHelper: Fail to get PackageManager
12-29 01:51:00.115  1013  1013 E SurfaceFlinger: Out of order buffers detected for RequestedLayerState{com.transsion.XOSLauncher/com.android.launcher3.uioverrides.QuickstepLauncher#8180 parentId=66} producedId=97 frameNumber=30 -> producedId=97 frameNumber=26
12-29 01:51:02.110  1790  1974 E TranDynamicBarAnimControllerImpl: TranDynamicBarAnimControllerImpl setFromDynamicIslandToWindow pkgName:com.facebook.services
12-29 01:51:02.110  1790  1974 E TranDynamicBarAnimControllerImpl: start setFromDynamicIslandToWindow startFromDynamicIsland:false
12-29 01:51:02.110  1790  1974 E TranDynamicBarAnimControllerImpl: end setFromDynamicIslandToWindow mDynamicIslandPkgName:com.facebook.services mStartFromDynamicIsland:false
12-29 01:51:02.117  1790  1826 E ApplicationHelper: Fail to get PackageManager
12-29 01:51:02.130  1790  1826 E ApplicationHelper: Fail to get PackageManager
12-29 01:51:07.130  1790  1974 E TranDynamicBarAnimControllerImpl: TranDynamicBarAnimControllerImpl setFromDynamicIslandToWindow pkgName:com.facebook.services
12-29 01:51:07.130  1790  1974 E TranDynamicBarAnimControllerImpl: start setFromDynamicIslandToWindow startFromDynamicIsland:false
12-29 01:51:07.130  1790  1974 E TranDynamicBarAnimControllerImpl: end setFromDynamicIslandToWindow mDynamicIslandPkgName:com.facebook.services mStartFromDynamicIsland:false
12-29 01:51:07.137  1790  1826 E ApplicationHelper: Fail to get PackageManager
12-29 01:51:07.153  1790  1826 E ApplicationHelper: Fail to get PackageManager
12-29 01:51:12.153  1790  1974 E TranDynamicBarAnimControllerImpl: TranDynamicBarAnimControllerImpl setFromDynamicIslandToWindow pkgName:com.facebook.services
12-29 01:51:12.153  1790  1974 E TranDynamicBarAnimControllerImpl: start setFromDynamicIslandToWindow startFromDynamicIsland:false
12-29 01:51:12.153  1790  1974 E TranDynamicBarAnimControllerImpl: end setFromDynamicIslandToWindow mDynamicIslandPkgName:com.facebook.services mStartFromDynamicIsland:false
12-29 01:51:12.160  1790  1826 E ApplicationHelper: Fail to get PackageManager
12-29 01:51:12.174  1790  1826 E ApplicationHelper: Fail to get PackageManager
12-29 01:51:14.287  1790  1826 E ApplicationHelper: Fail to get PackageManager
12-29 01:51:17.174  1790  1974 E TranDynamicBarAnimControllerImpl: TranDynamicBarAnimControllerImpl setFromDynamicIslandToWindow pkgName:com.facebook.services
12-29 01:51:17.174  1790  1974 E TranDynamicBarAnimControllerImpl: start setFromDynamicIslandToWindow startFromDynamicIsland:false
12-29 01:51:17.174  1790  1974 E TranDynamicBarAnimControllerImpl: end setFromDynamicIslandToWindow mDynamicIslandPkgName:com.facebook.services mStartFromDynamicIsland:false
12-29 01:51:17.180  1790  1826 E ApplicationHelper: Fail to get PackageManager
12-29 01:51:17.202  1790  1826 E ApplicationHelper: Fail to get PackageManager
12-29 01:51:22.142  1790  1826 E ApplicationHelper: Fail to get PackageManager
12-29 01:51:22.145  1790  1826 E ApplicationHelper: Fail to get PackageManager
12-29 01:51:22.206  1790  1974 E TranDynamicBarAnimControllerImpl: TranDynamicBarAnimControllerImpl setFromDynamicIslandToWindow pkgName:com.facebook.services
12-29 01:51:22.206  1790  1974 E TranDynamicBarAnimControllerImpl: start setFromDynamicIslandToWindow startFromDynamicIsland:false
12-29 01:51:22.206  1790  1974 E TranDynamicBarAnimControllerImpl: end setFromDynamicIslandToWindow mDynamicIslandPkgName:com.facebook.services mStartFromDynamicIsland:false
12-29 01:51:22.210  1790  1826 E ApplicationHelper: Fail to get PackageManager
12-29 01:51:22.217  1790  1826 E ApplicationHelper: Fail to get PackageManager
12-29 01:51:22.222  1790  1826 E ApplicationHelper: Fail to get PackageManager
12-29 01:51:22.226  1790  1826 E ApplicationHelper: Fail to get PackageManager
12-29 01:51:22.237  1790  1826 E ApplicationHelper: Fail to get PackageManager
12-29 01:51:22.240  1790  1826 E ApplicationHelper: Fail to get PackageManager
12-29 01:51:22.255  1790  1826 E ApplicationHelper: Fail to get PackageManager
12-29 01:51:22.255  1790  1826 E ApplicationHelper: Fail to get PackageManager
12-29 01:51:22.256  1790  2624 E ActivityManager: Sending non-protected broadcast com.mediatek.action.UNREAD_CHANGED from system 30051:com.android.settings/1000 pkg com.android.settings
12-29 01:51:22.256  1790  2624 E ActivityManager: java.lang.Throwable
12-29 01:51:22.256  1790  2624 E ActivityManager:       at com.android.server.am.ActivityManagerService.checkBroadcastFromSystem(ActivityManagerService.java:16941)
12-29 01:51:22.256  1790  2624 E ActivityManager:       at com.android.server.am.ActivityManagerService.broadcastIntentLockedTraced(ActivityManagerService.java:17951)
12-29 01:51:22.256  1790  2624 E ActivityManager:       at com.android.server.am.ActivityManagerService.broadcastIntentLocked(ActivityManagerService.java:17110)
12-29 01:51:22.256  1790  2624 E ActivityManager:       at com.android.server.am.ActivityManagerService.broadcastIntentWithFeature(ActivityManagerService.java:18202)
12-29 01:51:22.256  1790  2624 E ActivityManager:       at android.app.IActivityManager$Stub.onTransact$broadcastIntentWithFeature$(IActivityManager.java:13167)
12-29 01:51:22.256  1790  2624 E ActivityManager:       at android.app.IActivityManager$Stub.onTransact(IActivityManager.java:3384)
12-29 01:51:22.256  1790  2624 E ActivityManager:       at com.android.server.am.ActivityManagerService.onTransact(ActivityManagerService.java:3149)
12-29 01:51:22.256  1790  2624 E ActivityManager:       at android.os.Binder.execTransactInternal(Binder.java:1534)
12-29 01:51:22.256  1790  2624 E ActivityManager:       at android.os.Binder.execTransact(Binder.java:1460)
12-29 01:51:22.258  1790  1861 E TranExceptionReporterComponentImpl: init: ro.product.succ.bbcollect.log.support==1
12-29 01:51:22.258  1790  1861 E TranExceptionReporterComponentImpl: init: ro.product.succ.bbcollect.log.support==1
12-29 01:51:22.266  1790  1826 E ApplicationHelper: Fail to get PackageManager
12-29 01:51:22.266  1790  1826 E ApplicationHelper: Fail to get PackageManager
12-29 01:51:22.269  1790  1826 E ApplicationHelper: Fail to get PackageManager
12-29 01:51:24.596  2591  2591 E MtkPhoneIntfMgrEx: MainThreadHandler.handleMessage : 3
12-29 01:51:24.669  7195  7305 E msys    : E[N mns]_OnSystemDNSSuccessCallback(340)=>Cache refresh succeeded with system DNS resolver. IP count: 1
12-29 01:51:24.671  7195  7385 E MvfstCallbacks.cpp: readError: streamid=0; error=LocalError: Idle timeout, Idle timeout: 35 seconds
12-29 01:51:24.671  7195  7385 E MvfstCallbacks.cpp: readError: streamid=11; error=LocalError: Idle timeout, Idle timeout: 35 seconds
12-29 01:51:24.671  7195  7385 E MvfstCallbacks.cpp: readError: streamid=4; error=LocalError: Idle timeout, Idle timeout: 35 seconds
12-29 01:51:24.671  7195  7385 E MvfstCallbacks.cpp: readError: streamid=8; error=LocalError: Idle timeout, Idle timeout: 35 seconds
12-29 01:51:24.671  7195  7385 E MvfstCallbacks.cpp: readError: streamid=3; error=LocalError: Idle timeout, Idle timeout: 35 seconds
12-29 01:51:24.671  7195  7385 E MvfstCallbacks.cpp: readError: streamid=7; error=LocalError: Idle timeout, Idle timeout: 35 seconds
12-29 01:51:24.671  7195  7385 E MvfstCallbacks.cpp: onConnectionError: error=LocalError: Idle timeout, Idle timeout: 35 seconds
12-29 01:51:24.678  7195  7305 E msys    : E[N mns]_OnSystemDNSSuccessCallback(340)=>Cache refresh succeeded with system DNS resolver. IP count: 1
12-29 01:51:24.682  2591  2591 E MtkPhoneIntfMgrEx: MainThreadHandler.handleMessage : 3
12-29 01:51:24.682  7195  7443 E msys    : E[S MSync]_ModularSyncHandleNetworkResponse(1738)=>DB[223] - Encountered a network error (2002: TransientError domain: MNSQUICConnection code: 1 detail: Idle timeout: 35 seconds)
12-29 01:51:24.682  7195  7443 E msys    : E[S MSync]_ModularSyncHandleNetworkErrorResponse(1432)=>DB[223] - handle network error response
12-29 01:51:24.684  7195  7385 E msys    : E[N mns]_OnDiskCacheGetData(632)=>Start post callback cache refresh DNS resolution
12-29 01:51:24.685  7195  7305 E msys    : E[N mns]_OnDiskCacheGetData(632)=>Start post callback cache refresh DNS resolution
12-29 01:51:24.884  7195  7385 E msys    : E[N mns]_OnDiskCacheGetData(632)=>Start post callback cache refresh DNS resolution
12-29 01:51:24.885  7195  7305 E msys    : E[N mns]_OnDiskCacheGetData(632)=>Start post callback cache refresh DNS resolution
12-29 01:51:25.403  7195  7305 E msys    : E[N mns]_OnSystemDNSSuccessCallback(340)=>Cache refresh succeeded with system DNS resolver. IP count: 1
12-29 01:51:25.404  7195  7385 E msys    : E[N mns]_OnSystemDNSSuccessCallback(340)=>Cache refresh succeeded with system DNS resolver. IP count: 1
12-29 01:51:25.409  7195  7305 E msys    : E[N mns]_OnSystemDNSSuccessCallback(340)=>Cache refresh succeeded with system DNS resolver. IP count: 1
12-29 01:51:25.410  7195  7385 E msys    : E[N mns]_OnSystemDNSSuccessCallback(340)=>Cache refresh succeeded with system DNS resolver. IP count: 1
12-29 01:51:25.457  7195  9841 E msys    : E[C mem.context]_NetworkStateChangedCallbackOnExecutionContext(7923)=>[INFO]skip the network state change source=3
12-29 01:51:25.458  7195  7462 E msys    : E[N MCCWLigerStream]_NetworkChangedCallbackInternal(57)=>skip the network state change source=3
12-29 01:51:27.225  1790  1974 E TranDynamicBarAnimControllerImpl: TranDynamicBarAnimControllerImpl setFromDynamicIslandToWindow pkgName:com.facebook.services
12-29 01:51:27.225  1790  1974 E TranDynamicBarAnimControllerImpl: start setFromDynamicIslandToWindow startFromDynamicIsland:false
12-29 01:51:27.225  1790  1974 E TranDynamicBarAnimControllerImpl: end setFromDynamicIslandToWindow mDynamicIslandPkgName:com.facebook.services mStartFromDynamicIsland:false
12-29 01:51:27.231  1790  1826 E ApplicationHelper: Fail to get PackageManager
12-29 01:51:27.246  1790  1826 E ApplicationHelper: Fail to get PackageManager
12-29 01:51:28.270  1790  1826 E ApplicationHelper: Fail to get PackageManager
12-29 01:51:28.973  2591  2591 E MtkPhoneIntfMgrEx: MainThreadHandler.handleMessage : 3
12-29 01:51:28.986  2591  2591 E MtkPhoneIntfMgrEx: MainThreadHandler.handleMessage : 3
12-29 01:51:29.014  2591  2591 E MtkPhoneIntfMgrEx: MainThreadHandler.handleMessage : 3
12-29 01:51:29.699  1790  1826 E ApplicationHelper: Fail to get PackageManager
12-29 01:51:30.403  2591  2591 E MtkPhoneIntfMgrEx: MainThreadHandler.handleMessage : 3
12-29 01:51:30.428  2591  2591 E MtkPhoneIntfMgrEx: MainThreadHandler.handleMessage : 3
12-29 01:51:30.474  2591  2591 E MtkPhoneIntfMgrEx: MainThreadHandler.handleMessage : 3
12-29 01:51:30.571  1790  1974 E TranDynamicBarAnimControllerImpl: TranDynamicBarAnimControllerImpl setFromDynamicIslandToWindow pkgName:com.google.android.googlequicksearchbox
12-29 01:51:30.571  1790  1974 E TranDynamicBarAnimControllerImpl: start setFromDynamicIslandToWindow startFromDynamicIsland:false
12-29 01:51:30.572  1790  1974 E TranDynamicBarAnimControllerImpl: end setFromDynamicIslandToWindow mDynamicIslandPkgName:com.google.android.googlequicksearchbox mStartFromDynamicIsland:false
12-29 01:51:30.589  1790  1826 E ApplicationHelper: Fail to get PackageManager
12-29 01:51:30.589  1790  1826 E ApplicationHelper: Fail to get PackageManager
12-29 01:51:30.590  1790  1826 E ApplicationHelper: Fail to get PackageManager
12-29 01:51:30.590  1790  1826 E ApplicationHelper: Fail to get PackageManager
12-29 01:51:30.626  1790  1826 E ApplicationHelper: Fail to get PackageManager
12-29 01:51:30.626  1790  1826 E ApplicationHelper: Fail to get PackageManager
12-29 01:51:30.881  1790  1826 E ApplicationHelper: Fail to get PackageManager
12-29 01:51:30.881  1790  1826 E ApplicationHelper: Fail to get PackageManager
12-29 01:51:30.881  1790  1826 E ApplicationHelper: Fail to get PackageManager
12-29 01:51:30.882  1790  1826 E ApplicationHelper: Fail to get PackageManager
12-29 01:51:30.883  1790  1826 E ApplicationHelper: Fail to get PackageManager
12-29 01:51:31.470  2591  2591 E MtkPhoneIntfMgrEx: MainThreadHandler.handleMessage : 3
12-29 01:51:31.486  2591  2591 E MtkPhoneIntfMgrEx: MainThreadHandler.handleMessage : 3
12-29 01:51:31.530  2591  2591 E MtkPhoneIntfMgrEx: MainThreadHandler.handleMessage : 3
12-29 01:51:32.246  1790  1974 E TranDynamicBarAnimControllerImpl: TranDynamicBarAnimControllerImpl setFromDynamicIslandToWindow pkgName:com.facebook.services
12-29 01:51:32.246  1790  1974 E TranDynamicBarAnimControllerImpl: start setFromDynamicIslandToWindow startFromDynamicIsland:false
12-29 01:51:32.246  1790  1974 E TranDynamicBarAnimControllerImpl: end setFromDynamicIslandToWindow mDynamicIslandPkgName:com.facebook.services mStartFromDynamicIsland:false
12-29 01:51:32.252  1790  1826 E ApplicationHelper: Fail to get PackageManager
12-29 01:51:32.267  1790  1826 E ApplicationHelper: Fail to get PackageManager
12-29 01:51:35.722  1790  1826 E ApplicationHelper: Fail to get PackageManager
12-29 01:51:37.024  1790  1826 E ApplicationHelper: Fail to get PackageManager
12-29 01:51:37.025  1790  1826 E ApplicationHelper: Fail to get PackageManager
12-29 01:51:37.025  1790  1826 E ApplicationHelper: Fail to get PackageManager
12-29 01:51:37.025  1790  1826 E ApplicationHelper: Fail to get PackageManager
12-29 01:51:37.028 22132 23082 E FirebaseMessaging: Default FirebaseApp has not been initialized. Skip logging event to GA.
12-29 01:51:37.041  1790  1826 E ApplicationHelper: Fail to get PackageManager
12-29 01:51:37.041  1790  1826 E ApplicationHelper: Fail to get PackageManager
12-29 01:51:37.044  1790  1826 E ApplicationHelper: Fail to get PackageManager
12-29 01:51:37.266  1790  1974 E TranDynamicBarAnimControllerImpl: TranDynamicBarAnimControllerImpl setFromDynamicIslandToWindow pkgName:com.facebook.services
12-29 01:51:37.267  1790  1974 E TranDynamicBarAnimControllerImpl: start setFromDynamicIslandToWindow startFromDynamicIsland:false
12-29 01:51:37.267  1790  1974 E TranDynamicBarAnimControllerImpl: end setFromDynamicIslandToWindow mDynamicIslandPkgName:com.facebook.services mStartFromDynamicIsland:false
12-29 01:51:37.274  1790  1826 E ApplicationHelper: Fail to get PackageManager
12-29 01:51:37.292  1790  1826 E ApplicationHelper: Fail to get PackageManager
12-29 01:51:37.362  1790  1826 E ApplicationHelper: Fail to get PackageManager
12-29 01:51:37.373  1790  1826 E ApplicationHelper: Fail to get PackageManager
12-29 01:51:37.381  1790  1826 E ApplicationHelper: Fail to get PackageManager
12-29 01:51:37.383  1790  1826 E ApplicationHelper: Fail to get PackageManager
12-29 01:51:37.387  1790  1826 E ApplicationHelper: Fail to get PackageManager
12-29 01:51:37.388  1790  1826 E ApplicationHelper: Fail to get PackageManager
12-29 01:51:37.388  1790  1826 E ApplicationHelper: Fail to get PackageManager
12-29 01:51:37.388  1790  1826 E ApplicationHelper: Fail to get PackageManager
12-29 01:51:37.394  1790  1826 E ApplicationHelper: Fail to get PackageManager
12-29 01:51:37.394  1790  1826 E ApplicationHelper: Fail to get PackageManager
12-29 01:51:37.394  1790  1826 E ApplicationHelper: Fail to get PackageManager
12-29 01:51:37.395  1790  1907 E ActivityManager: Sending non-protected broadcast com.mediatek.action.UNREAD_CHANGED from system 30051:com.android.settings/1000 pkg com.android.settings
12-29 01:51:37.395  1790  1907 E ActivityManager: java.lang.Throwable
12-29 01:51:37.395  1790  1907 E ActivityManager:       at com.android.server.am.ActivityManagerService.checkBroadcastFromSystem(ActivityManagerService.java:16941)
12-29 01:51:37.395  1790  1907 E ActivityManager:       at com.android.server.am.ActivityManagerService.broadcastIntentLockedTraced(ActivityManagerService.java:17951)
12-29 01:51:37.395  1790  1907 E ActivityManager:       at com.android.server.am.ActivityManagerService.broadcastIntentLocked(ActivityManagerService.java:17110)
12-29 01:51:37.395  1790  1907 E ActivityManager:       at com.android.server.am.ActivityManagerService.broadcastIntentWithFeature(ActivityManagerService.java:18202)
12-29 01:51:37.395  1790  1907 E ActivityManager:       at android.app.IActivityManager$Stub.onTransact$broadcastIntentWithFeature$(IActivityManager.java:13167)
12-29 01:51:37.395  1790  1907 E ActivityManager:       at android.app.IActivityManager$Stub.onTransact(IActivityManager.java:3384)
12-29 01:51:37.395  1790  1907 E ActivityManager:       at com.android.server.am.ActivityManagerService.onTransact(ActivityManagerService.java:3149)
12-29 01:51:37.395  1790  1907 E ActivityManager:       at android.os.Binder.execTransactInternal(Binder.java:1534)
12-29 01:51:37.395  1790  1907 E ActivityManager:       at android.os.Binder.execTransact(Binder.java:1460)
12-29 01:51:37.396  1790  1861 E TranExceptionReporterComponentImpl: init: ro.product.succ.bbcollect.log.support==1
12-29 01:51:37.396  1790  1861 E TranExceptionReporterComponentImpl: init: ro.product.succ.bbcollect.log.support==1
12-29 01:51:37.397  1790  1826 E ApplicationHelper: Fail to get PackageManager
12-29 01:51:37.397  1790  1826 E ApplicationHelper: Fail to get PackageManager
12-29 01:51:37.403  1790  1826 E ApplicationHelper: Fail to get PackageManager
12-29 01:51:37.404  1790  1826 E ApplicationHelper: Fail to get PackageManager
12-29 01:51:37.404  1790  1826 E ApplicationHelper: Fail to get PackageManager
12-29 01:51:37.404  1790  1826 E ApplicationHelper: Fail to get PackageManager
12-29 01:51:37.404  1790  1826 E ApplicationHelper: Fail to get PackageManager
12-29 01:51:37.406  1790  1826 E ApplicationHelper: Fail to get PackageManager
12-29 01:51:37.407  1790  1826 E ApplicationHelper: Fail to get PackageManager
12-29 01:51:37.409  1790  1826 E ApplicationHelper: Fail to get PackageManager
12-29 01:51:37.409  1790  1826 E ApplicationHelper: Fail to get PackageManager
12-29 01:51:37.551  1790  1790 E system_server: No package ID 7f found for resource ID 0x7f010000.
12-29 01:51:37.551  1790  1790 E system_server: No package ID 7f found for resource ID 0x7f020000.
12-29 01:51:37.551  1790  1790 E system_server: No package ID 7f found for resource ID 0x7f030000.
12-29 01:51:37.552  1790  1790 E system_server: No package ID 7f found for resource ID 0x7f040000.
12-29 01:51:37.552  1790  1790 E system_server: No package ID 7f found for resource ID 0x7f050000.
12-29 01:51:37.926  2356  2720 E ndroid.systemui: == MALI DEBUG ===eglp_winsys_populate_image_templates ==12288
12-29 01:51:37.947  2356  2720 E ndroid.systemui: == MALI DEBUG ===eglp_winsys_populate_image_templates ==12288
12-29 01:51:37.963  2356  2720 E ndroid.systemui: == MALI DEBUG ===eglp_winsys_populate_image_templates ==12288
12-29 01:51:38.484  1790  1826 E ApplicationHelper: Fail to get PackageManager
12-29 01:51:38.484  1790  1826 E ApplicationHelper: Fail to get PackageManager
12-29 01:51:38.491  1790  1826 E ApplicationHelper: Fail to get PackageManager
12-29 01:51:38.491  1790  1826 E ApplicationHelper: Fail to get PackageManager
12-29 01:51:39.494  2591  2591 E MtkPhoneIntfMgrEx: MainThreadHandler.handleMessage : 3
12-29 01:51:40.021  2591  2591 E MtkPhoneIntfMgrEx: MainThreadHandler.handleMessage : 3
12-29 01:51:40.093  2591  2591 E MtkPhoneIntfMgrEx: MainThreadHandler.handleMessage : 3
12-29 01:51:40.095  2591  2591 E MtkPhoneIntfMgrEx: MainThreadHandler.handleMessage : 3
12-29 01:51:40.273 30051 16382 E Athena  : ------------------------------------------------------------
12-29 01:51:40.274 30051 16382 E Athena  :
12-29 01:51:40.274 30051 16382 E Athena  :   - Athena is in Release mode with log enabled. Please set AthenaAnalytics.setDebug(false) to release this APK Debug[com.android.settings]
12-29 01:51:40.275 30051 16382 E Athena  :
12-29 01:51:40.275 30051 16382 E Athena  : ------------------------------------------------------------
12-29 01:51:40.698  2591  2591 E MtkPhoneIntfMgrEx: MainThreadHandler.handleMessage : 3
12-29 01:51:42.291  1790  1974 E TranDynamicBarAnimControllerImpl: TranDynamicBarAnimControllerImpl setFromDynamicIslandToWindow pkgName:com.facebook.services
12-29 01:51:42.291  1790  1974 E TranDynamicBarAnimControllerImpl: start setFromDynamicIslandToWindow startFromDynamicIsland:false
12-29 01:51:42.291  1790  1974 E TranDynamicBarAnimControllerImpl: end setFromDynamicIslandToWindow mDynamicIslandPkgName:com.facebook.services mStartFromDynamicIsland:false
12-29 01:51:42.297  1790  1826 E ApplicationHelper: Fail to get PackageManager
12-29 01:51:42.310  1790  1826 E ApplicationHelper: Fail to get PackageManager
12-29 01:51:45.866  1790  1826 E ApplicationHelper: Fail to get PackageManager
12-29 01:51:47.310  1790  1974 E TranDynamicBarAnimControllerImpl: TranDynamicBarAnimControllerImpl setFromDynamicIslandToWindow pkgName:com.facebook.services
12-29 01:51:47.310  1790  1974 E TranDynamicBarAnimControllerImpl: start setFromDynamicIslandToWindow startFromDynamicIsland:false
12-29 01:51:47.311  1790  1974 E TranDynamicBarAnimControllerImpl: end setFromDynamicIslandToWindow mDynamicIslandPkgName:com.facebook.services mStartFromDynamicIsland:false
12-29 01:51:47.318  1790  1826 E ApplicationHelper: Fail to get PackageManager
12-29 01:51:47.333  1790  1826 E ApplicationHelper: Fail to get PackageManager
12-29 01:51:49.005  2591  2591 E MtkPhoneIntfMgrEx: MainThreadHandler.handleMessage : 3
12-29 01:51:49.007  2591  2591 E MtkPhoneIntfMgrEx: MainThreadHandler.handleMessage : 3
12-29 01:51:49.642  2591  2591 E MtkPhoneIntfMgrEx: MainThreadHandler.handleMessage : 3
12-29 01:51:49.646  2591  2591 E MtkPhoneIntfMgrEx: MainThreadHandler.handleMessage : 3
12-29 01:51:49.754 23111 23111 E Parcel  : Reading a NULL string not supported here.
12-29 01:51:49.796 23111 23111 E Parcel  : Reading a NULL string not supported here.
12-29 01:51:49.809 23111 23111 E Parcel  : Reading a NULL string not supported here.
12-29 01:51:49.819 23111 23111 E Parcel  : Reading a NULL string not supported here.
12-29 01:51:49.822 23111 23111 E Parcel  : Reading a NULL string not supported here.
12-29 01:51:49.828 23111 23111 E Parcel  : Reading a NULL string not supported here.
12-29 01:51:49.840 23111 23111 E Parcel  : Reading a NULL string not supported here.
12-29 01:51:49.849 23111 23111 E Parcel  : Reading a NULL string not supported here.
12-29 01:51:49.850 23111 23111 E Parcel  : Reading a NULL string not supported here.
12-29 01:51:49.855 23111 23111 E Parcel  : Reading a NULL string not supported here.
12-29 01:51:49.855 23111 23111 E Parcel  : Reading a NULL string not supported here.
12-29 01:51:49.865 23111 23111 E Parcel  : Reading a NULL string not supported here.
12-29 01:51:49.872 23111 23111 E Parcel  : Reading a NULL string not supported here.
12-29 01:51:49.910 23111 23111 E Parcel  : Reading a NULL string not supported here.
12-29 01:51:49.913 23111 23111 E Parcel  : Reading a NULL string not supported here.
12-29 01:51:49.942 23111 23111 E Parcel  : Reading a NULL string not supported here.
12-29 01:51:49.958 23111 23111 E Parcel  : Reading a NULL string not supported here.
12-29 01:51:50.003 23111 23111 E Parcel  : Reading a NULL string not supported here.
