12-29 01:51:50.005 23111 23111 E Parcel  : Reading a NULL string not supported here.
12-29 01:51:50.023 23111 23111 E Parcel  : Reading a NULL string not supported here.
12-29 01:51:50.042 23111 23111 E Parcel  : Reading a NULL string not supported here.
12-29 01:51:50.048 23111 23111 E Parcel  : Reading a NULL string not supported here.
12-29 01:51:50.496  2591  2591 E MtkPhoneIntfMgrEx: MainThreadHandler.handleMessage : 3
12-29 01:51:50.720  2591  2591 E MtkPhoneIntfMgrEx: MainThreadHandler.handleMessage : 3
12-29 01:51:50.727  2591  2591 E MtkPhoneIntfMgrEx: MainThreadHandler.handleMessage : 3
12-29 01:51:50.773  2591  2591 E MtkPhoneIntfMgrEx: MainThreadHandler.handleMessage : 3
12-29 01:51:52.334  1790  1974 E TranDynamicBarAnimControllerImpl: TranDynamicBarAnimControllerImpl setFromDynamicIslandToWindow pkgName:com.facebook.services
12-29 01:51:52.334  1790  1974 E TranDynamicBarAnimControllerImpl: start setFromDynamicIslandToWindow startFromDynamicIsland:false
12-29 01:51:52.334  1790  1974 E TranDynamicBarAnimControllerImpl: end setFromDynamicIslandToWindow mDynamicIslandPkgName:com.facebook.services mStartFromDynamicIsland:false
12-29 01:51:52.339  1790  1826 E ApplicationHelper: Fail to get PackageManager
12-29 01:51:52.357  1790  1826 E ApplicationHelper: Fail to get PackageManager
12-29 01:51:52.432  1790  1826 E ApplicationHelper: Fail to get PackageManager
12-29 01:51:52.436  1790  1826 E ApplicationHelper: Fail to get PackageManager
12-29 01:51:56.019  1790  1902 E TranStabilityRecoveryImpl: enter isVersionSupport.
12-29 01:51:56.019  1790  1902 E TranStabilityRecoveryImpl: enter isProjectEnable.
12-29 01:51:56.021  1790  1826 E ApplicationHelper: Fail to get PackageManager
12-29 01:51:56.027  1790  1826 E ApplicationHelper: Fail to get PackageManager
12-29 01:51:56.034  1790  1826 E ApplicationHelper: Fail to get PackageManager
12-29 01:51:56.426 30920 23125 E AbstractLogEventBuilder: The provided ProductIdOrigin 3 is not one of the process-level expected values: 1 or 2
12-29 01:51:56.987 30920 30957 E AbstractLogEventBuilder: The provided ProductIdOrigin 3 is not one of the process-level expected values: 1 or 2
12-29 01:51:57.355  1790  1974 E TranDynamicBarAnimControllerImpl: TranDynamicBarAnimControllerImpl setFromDynamicIslandToWindow pkgName:com.facebook.services
12-29 01:51:57.355  1790  1974 E TranDynamicBarAnimControllerImpl: start setFromDynamicIslandToWindow startFromDynamicIsland:false
12-29 01:51:57.356  1790  1974 E TranDynamicBarAnimControllerImpl: end setFromDynamicIslandToWindow mDynamicIslandPkgName:com.facebook.services mStartFromDynamicIsland:false
12-29 01:51:57.358  1790  1826 E ApplicationHelper: Fail to get PackageManager
12-29 01:51:57.370  1790  1826 E ApplicationHelper: Fail to get PackageManager
12-29 01:52:00.087  1013  1013 E SurfaceFlinger: Out of order buffers detected for RequestedLayerState{com.transsion.XOSLauncher/com.android.launcher3.uioverrides.QuickstepLauncher#8180 parentId=66} producedId=97 frameNumber=30 -> producedId=97 frameNumber=27
12-29 01:52:00.520   669   669 E TlcKM   : lookup_operation: op 0xd35055a121cc6790 not found
12-29 01:52:00.520   669   669 E TlcKM   : lookup_operation(session, operation_handle, &op) == -28
12-29 01:52:02.369  1790  1974 E TranDynamicBarAnimControllerImpl: TranDynamicBarAnimControllerImpl setFromDynamicIslandToWindow pkgName:com.facebook.services
12-29 01:52:02.369  1790  1974 E TranDynamicBarAnimControllerImpl: start setFromDynamicIslandToWindow startFromDynamicIsland:false
12-29 01:52:02.369  1790  1974 E TranDynamicBarAnimControllerImpl: end setFromDynamicIslandToWindow mDynamicIslandPkgName:com.facebook.services mStartFromDynamicIsland:false
12-29 01:52:02.372  1790  1826 E ApplicationHelper: Fail to get PackageManager
12-29 01:52:02.383  1790  1826 E ApplicationHelper: Fail to get PackageManager
12-29 01:52:02.838 30920 30920 E AbstractLogEventBuilder: The provided ProductIdOrigin 3 is not one of the process-level expected values: 1 or 2
12-29 01:52:02.841 30920 23125 E AbstractLogEventBuilder: The provided ProductIdOrigin 3 is not one of the process-level expected values: 1 or 2
12-29 01:52:02.849  1790  1826 E ApplicationHelper: Fail to get PackageManager
12-29 01:52:02.868  1790  1826 E ApplicationHelper: Fail to get PackageManager
12-29 01:52:02.868  1790  1826 E ApplicationHelper: Fail to get PackageManager
12-29 01:52:02.868  1790  1826 E ApplicationHelper: Fail to get PackageManager
12-29 01:52:02.868  1790  1826 E ApplicationHelper: Fail to get PackageManager
12-29 01:52:02.869  1790  1826 E ApplicationHelper: Fail to get PackageManager
12-29 01:52:02.869  1790  1826 E ApplicationHelper: Fail to get PackageManager
12-29 01:52:02.869  1790  1826 E ApplicationHelper: Fail to get PackageManager
12-29 01:52:02.869  1790  1826 E ApplicationHelper: Fail to get PackageManager
12-29 01:52:02.869  1790  1826 E ApplicationHelper: Fail to get PackageManager
12-29 01:52:02.869  1790  1826 E ApplicationHelper: Fail to get PackageManager
12-29 01:52:02.869  1790  1826 E ApplicationHelper: Fail to get PackageManager
12-29 01:52:02.869  1790  1826 E ApplicationHelper: Fail to get PackageManager
12-29 01:52:02.869  1790  1826 E ApplicationHelper: Fail to get PackageManager
12-29 01:52:02.869  1790  1826 E ApplicationHelper: Fail to get PackageManager
12-29 01:52:03.104  1790  2036 E AppOps  : attributionTag VCN not declared in manifest of android
12-29 01:52:03.106  1790  2036 E AppOps  : attributionTag VCN not declared in manifest of android
12-29 01:52:03.146  1790  1826 E ApplicationHelper: Fail to get PackageManager
12-29 01:52:03.147  1790  1826 E ApplicationHelper: Fail to get PackageManager
12-29 01:52:03.154 27363 31243 E MvfstCallbacks.cpp: readError: streamid=0; error=LocalError: Idle timeout, Idle timeout: 120 seconds
12-29 01:52:03.156 27363 31245 E msgr.msys: E[N WA]WCCXMPPStreamDisconnectImmediately(803)=>[WARNING] xmpp/disconnect/immediate in state=2 reason=xmpp/idle/timeout
12-29 01:52:03.157 27363 31245 E msgr.msys: E[N WA]_WCCXMPPStreamDisconnectHandler(334)=>xmpp/disconnect - WCIStreamStateErrorCode: 1, domain: WCIStreamState, subdomain: happyeyeballs: Error Domain=WCIStreamState Code=1 UserInfo=0x1361839780 {MCFErrorDirectUnderlyingErrorKey=0xb4000075724aa950 "Error Domain=happyeyeballs Code=1"}
12-29 01:52:03.160 27363 31245 E msgr.msys: E[N WCCConnectionMEM]_WCCConnectionMEMLifecycleEventHandler(2181)=>[INFO] connection/xmpp/lifecycle_event/not-connected, [251.3923s]
12-29 01:52:03.162 27363 31245 E msgr.msys: E[N WA]_WCCXMPPStreamDoDisconnect(1190)=>xmpp/disconnect - flags: 0
12-29 01:52:03.162 27363 31245 E msgr.msys: E[N WCCConnectionMEM]_WCCConnectionMEMEmitStateChange(3180)=>[INFO] connection/new_state/not-connected [connection_id=285233835, wcc_source=1, wcc_reason=0]
12-29 01:52:03.163 27363 31245 E msgr.msys: E[C MEMConnectionManager]_MEMConnectionManagerStateChangeHandler(649)=>[Critical] MEMConnectionState updated to ID: 0 with connectionId: 285233835
12-29 01:52:03.169  2591  2591 E SmsApplication: com.transsion.smartmessage lost android:receive_wap_push:  (fixing)
12-29 01:52:03.170  2591  2591 E SmsApplication: com.transsion.smartmessage lost android:read_cell_broadcasts:  (fixing)
12-29 01:52:03.172 27363 31245 E msgr.msys: E[N WCCConnectionMEM]_WCCConnectionMEMEmitStateChange(3180)=>[INFO] connection/new_state/connecting [connection_id=285233836, wcc_source=1, wcc_reason=0]
12-29 01:52:03.172 27363 31245 E msgr.msys: E[C MEMConnectionManager]_MEMConnectionManagerStateChangeHandler(649)=>[Critical] MEMConnectionState updated to ID: 1 with connectionId: 285233836
12-29 01:52:03.184  1790  2036 E AppOps  : attributionTag VCN not declared in manifest of android
12-29 01:52:03.186  1790  2036 E AppOps  : attributionTag VCN not declared in manifest of android
12-29 01:52:03.204 27363 31243 E MvfstCallbacks.cpp: readError: streamid=3; error=LocalError: Idle timeout, Idle timeout: 120 seconds
12-29 01:52:03.204 27363 31243 E MvfstCallbacks.cpp: readError: streamid=7; error=LocalError: Idle timeout, Idle timeout: 120 seconds
12-29 01:52:03.204 27363 31243 E MvfstCallbacks.cpp: readError: streamid=11; error=LocalError: Idle timeout, Idle timeout: 120 seconds
12-29 01:52:03.204 27363 31243 E MvfstCallbacks.cpp: onConnectionError: error=LocalError: Idle timeout, Idle timeout: 120 seconds
12-29 01:52:03.208  1790  2036 E AppOps  : attributionTag VCN not declared in manifest of android
12-29 01:52:03.211  1790  2036 E AppOps  : attributionTag VCN not declared in manifest of android
12-29 01:52:03.211 27363 31243 E MvfstCallbacks.cpp: writeChain error: Connection closed
12-29 01:52:03.212  1790  1826 E ApplicationHelper: Fail to get PackageManager
12-29 01:52:03.214 27363 31243 E MNSQUICConnectionV2.cpp: error sending stop sending on stream 0: Connection closed
12-29 01:52:03.214 27363 31243 E MvfstCallbacks.cpp: writeChain error: Connection closed
12-29 01:52:03.226  1790  1939 E TABE-TranTabeComponentImpl: SEND_INSTALL_INFO_MSG: 1 ,infoPkgInstallInfo{mPackageName='com.example', mPackageVersionCode=1, mPackageSize=196977643, mCode=1, mInstaller='[INSTALL_FROM_ADB]', mInstallDurationTimes=7406s, mDataLoader=0}
12-29 01:52:03.228  1790  1826 E ApplicationHelper: Fail to get PackageManager
12-29 01:52:03.229 27363 31245 E msgr.msys: E[N WCCConnectionMEM]_WCCConnectionMEMDoConnectWithAuthKeys(1565)=>[INFO] connection/connect/start/[host=chat-e2ee-mini.facebook.com port=5222]/[157.240.227.37:5222]/socketAddressCount=1
12-29 01:52:03.230 27363 31245 E msgr.msys: E[N WCCConnectionMEM]_WCCConnectionMEMLifecycleEventHandler(2173)=>[INFO] connection/xmpp/lifecycle_event/will-connect
12-29 01:52:03.230 27363 31245 E msgr.msys: E[A WA]WCCHandshakeCreate(178)=>handshake/create, pq mode:0
12-29 01:52:03.231  1790  1826 E ApplicationHelper: Fail to get PackageManager
12-29 01:52:03.240  2591  2591 E SmsApplication: com.transsion.smartmessage lost android:receive_wap_push:  (fixing)
12-29 01:52:03.241  2591  2591 E SmsApplication: com.transsion.smartmessage lost android:read_cell_broadcasts:  (fixing)
12-29 01:52:03.241  1790  1790 E ApplicationHelper: Fail to get PackageManager
12-29 01:52:03.241  1790  1790 E AppStateIntentReceiver: notifyChange failed
12-29 01:52:03.256 27363 31243 E msgr.msys: E[N mns]_OnDiskCacheGetData(632)=>Start post callback cache refresh DNS resolution
12-29 01:52:03.258  2591  2591 E SmsApplication: com.transsion.smartmessage lost android:receive_wap_push:  (fixing)
12-29 01:52:03.259  2591  2591 E SmsApplication: com.transsion.smartmessage lost android:read_cell_broadcasts:  (fixing)
12-29 01:52:03.262  1790  1826 E ApplicationHelper: Fail to get PackageManager
12-29 01:52:03.262  1790  1826 E ApplicationHelper: Fail to get PackageManager
12-29 01:52:03.264  1790  1826 E ApplicationHelper: Fail to get PackageManager
12-29 01:52:03.279  1790  1790 E ApplicationHelper: Fail to get PackageManager
12-29 01:52:03.279  1790  1790 E AppStateIntentReceiver: notifyChange failed
12-29 01:52:03.284  1013  1013 E SurfaceFlinger: Out of order buffers detected for RequestedLayerState{com.transsion.XOSLauncher/com.android.launcher3.uioverrides.QuickstepLauncher#8180 parentId=66} producedId=97 frameNumber=30 -> producedId=97 frameNumber=28
12-29 01:52:03.289  1790  1826 E ApplicationHelper: Fail to get PackageManager
12-29 01:52:03.308  1790  1826 E ApplicationHelper: Fail to get PackageManager
12-29 01:52:03.309  1790  1826 E ApplicationHelper: Fail to get PackageManager
12-29 01:52:03.311  1790  1826 E ApplicationHelper: Fail to get PackageManager
12-29 01:52:03.325  1790  1826 E ApplicationHelper: Fail to get PackageManager
12-29 01:52:03.330  1790  1826 E ApplicationHelper: Fail to get PackageManager
12-29 01:52:03.347  1790  1790 E ApplicationHelper: Fail to get PackageManager
12-29 01:52:03.347  1790  1790 E AppStateIntentReceiver: notifyChange failed
12-29 01:52:03.354 27363 31243 E msgr.msys: E[N mns]_OnSystemDNSSuccessCallback(340)=>Cache refresh succeeded with system DNS resolver. IP count: 1
12-29 01:52:03.396 27363 31245 E msgr.msys: E[N WCCConnectionMEM]_WCCConnectionMEMLifecycleEventHandler(2181)=>[INFO] connection/xmpp/lifecycle_event/did-connect, [0.1656s]
12-29 01:52:03.399 27363 31245 E msgr.msys: E[N WCCConnectionMEM]_WCCConnectionMEMLifecycleEventHandler(2181)=>[INFO] connection/xmpp/lifecycle_event/did-send-initial-payload, [0.0032s]
12-29 01:52:03.531  1790  1826 E ApplicationHelper: Fail to get PackageManager
12-29 01:52:03.531  1790  1826 E ApplicationHelper: Fail to get PackageManager
12-29 01:52:03.595  1790  1826 E ApplicationHelper: Fail to get PackageManager
12-29 01:52:03.617  1790  1826 E ApplicationHelper: Fail to get PackageManager
12-29 01:52:03.617  1790  1826 E ApplicationHelper: Fail to get PackageManager
12-29 01:52:03.625 30920 30964 E Finsky  : [6157] [Counters] attempted to use a non-positive increment for: 4752
12-29 01:52:03.625 30920 30964 E Finsky  : [6157] [Counters] attempted to use a non-positive increment for: 4753
12-29 01:52:03.641  1790  1826 E ApplicationHelper: Fail to get PackageManager
12-29 01:52:03.641  1790  1826 E ApplicationHelper: Fail to get PackageManager
12-29 01:52:03.646  4279  4279 E os_lock_noti_DatabaseHelper: notifyChangeForOberver: uri = /allowedlist--- observer from = setNotificationData
12-29 01:52:03.651  4279  4471 E os_noti_center_NotiCenterManager: parseRuleFile: e = java.io.FileNotFoundException: /data/user/0/com.hoffnung/cache/os_noti_center_config.txt: open failed: ENOENT (No such file or directory)
12-29 01:52:03.651  4279  4471 E os_noti_center_NotiCenterManager: parseRuleFile: Coat time = 1
12-29 01:52:03.666  1790  1826 E ApplicationHelper: Fail to get PackageManager
12-29 01:52:03.672  1790  1826 E ApplicationHelper: Fail to get PackageManager
12-29 01:52:03.683  1790  1826 E ApplicationHelper: Fail to get PackageManager
12-29 01:52:03.688  1790  1826 E ApplicationHelper: Fail to get PackageManager
12-29 01:52:03.691  1790  1826 E ApplicationHelper: Fail to get PackageManager
12-29 01:52:03.694 30920 30957 E Finsky  : [6150] [Counters] attempted to use a non-positive increment for: 4752
12-29 01:52:03.694 30920 30957 E Finsky  : [6150] [Counters] attempted to use a non-positive increment for: 4753
12-29 01:52:03.703  1790  4839 E ActivityManager: Sending non-protected broadcast com.mediatek.action.UNREAD_CHANGED from system 30051:com.android.settings/1000 pkg com.android.settings
12-29 01:52:03.703  1790  4839 E ActivityManager: java.lang.Throwable
12-29 01:52:03.703  1790  4839 E ActivityManager:       at com.android.server.am.ActivityManagerService.checkBroadcastFromSystem(ActivityManagerService.java:16941)
12-29 01:52:03.703  1790  4839 E ActivityManager:       at com.android.server.am.ActivityManagerService.broadcastIntentLockedTraced(ActivityManagerService.java:17951)
12-29 01:52:03.703  1790  4839 E ActivityManager:       at com.android.server.am.ActivityManagerService.broadcastIntentLocked(ActivityManagerService.java:17110)
12-29 01:52:03.703  1790  4839 E ActivityManager:       at com.android.server.am.ActivityManagerService.broadcastIntentWithFeature(ActivityManagerService.java:18202)
12-29 01:52:03.703  1790  4839 E ActivityManager:       at android.app.IActivityManager$Stub.onTransact$broadcastIntentWithFeature$(IActivityManager.java:13167)
12-29 01:52:03.703  1790  4839 E ActivityManager:       at android.app.IActivityManager$Stub.onTransact(IActivityManager.java:3384)
12-29 01:52:03.703  1790  4839 E ActivityManager:       at com.android.server.am.ActivityManagerService.onTransact(ActivityManagerService.java:3149)
12-29 01:52:03.703  1790  4839 E ActivityManager:       at android.os.Binder.execTransactInternal(Binder.java:1534)
12-29 01:52:03.703  1790  4839 E ActivityManager:       at android.os.Binder.execTransact(Binder.java:1460)
12-29 01:52:03.704  1790  1861 E TranExceptionReporterComponentImpl: init: ro.product.succ.bbcollect.log.support==1
12-29 01:52:03.704  1790  1861 E TranExceptionReporterComponentImpl: init: ro.product.succ.bbcollect.log.support==1
12-29 01:52:03.705  1790  1826 E ApplicationHelper: Fail to get PackageManager
12-29 01:52:03.705  1790  1826 E ApplicationHelper: Fail to get PackageManager
12-29 01:52:03.707  1790  1826 E ApplicationHelper: Fail to get PackageManager
12-29 01:52:03.707  1790  1826 E ApplicationHelper: Fail to get PackageManager
12-29 01:52:03.715  1790  1826 E ApplicationHelper: Fail to get PackageManager
12-29 01:52:03.720  1790  1826 E ApplicationHelper: Fail to get PackageManager
12-29 01:52:03.720  1790  1826 E ApplicationHelper: Fail to get PackageManager
12-29 01:52:03.720  1790  1826 E ApplicationHelper: Fail to get PackageManager
12-29 01:52:03.723 14235 18320 E phonemaster_log: NetworkProvider: APP_UPDATE action packageName=com.example
12-29 01:52:03.734  1790  1826 E ApplicationHelper: Fail to get PackageManager
12-29 01:52:03.734  1790  1826 E ApplicationHelper: Fail to get PackageManager
12-29 01:52:03.738  1790  1826 E ApplicationHelper: Fail to get PackageManager
12-29 01:52:03.739  1790  1826 E ApplicationHelper: Fail to get PackageManager
12-29 01:52:03.745  1790  1826 E ApplicationHelper: Fail to get PackageManager
12-29 01:52:03.746  1790  1826 E ApplicationHelper: Fail to get PackageManager
12-29 01:52:03.748  1790  2862 E ActivityManager: Sending non-protected broadcast com.mediatek.action.UNREAD_CHANGED from system 30051:com.android.settings/1000 pkg com.android.settings
12-29 01:52:03.748  1790  2862 E ActivityManager: java.lang.Throwable
12-29 01:52:03.748  1790  2862 E ActivityManager:       at com.android.server.am.ActivityManagerService.checkBroadcastFromSystem(ActivityManagerService.java:16941)
12-29 01:52:03.748  1790  2862 E ActivityManager:       at com.android.server.am.ActivityManagerService.broadcastIntentLockedTraced(ActivityManagerService.java:17951)
12-29 01:52:03.748  1790  2862 E ActivityManager:       at com.android.server.am.ActivityManagerService.broadcastIntentLocked(ActivityManagerService.java:17110)
12-29 01:52:03.748  1790  2862 E ActivityManager:       at com.android.server.am.ActivityManagerService.broadcastIntentWithFeature(ActivityManagerService.java:18202)
12-29 01:52:03.748  1790  2862 E ActivityManager:       at android.app.IActivityManager$Stub.onTransact$broadcastIntentWithFeature$(IActivityManager.java:13167)
12-29 01:52:03.748  1790  2862 E ActivityManager:       at android.app.IActivityManager$Stub.onTransact(IActivityManager.java:3384)
12-29 01:52:03.748  1790  2862 E ActivityManager:       at com.android.server.am.ActivityManagerService.onTransact(ActivityManagerService.java:3149)
12-29 01:52:03.748  1790  2862 E ActivityManager:       at android.os.Binder.execTransactInternal(Binder.java:1534)
12-29 01:52:03.748  1790  2862 E ActivityManager:       at android.os.Binder.execTransact(Binder.java:1460)
12-29 01:52:03.749  1790  1861 E TranExceptionReporterComponentImpl: init: ro.product.succ.bbcollect.log.support==1
12-29 01:52:03.749  1790  1861 E TranExceptionReporterComponentImpl: init: ro.product.succ.bbcollect.log.support==1
12-29 01:52:03.753  1790  1826 E ApplicationHelper: Fail to get PackageManager
12-29 01:52:03.754  1790  1826 E ApplicationHelper: Fail to get PackageManager
12-29 01:52:03.757  1790  1826 E ApplicationHelper: Fail to get PackageManager
12-29 01:52:03.761 30920 30964 E Finsky  : [6157] [Counters] attempted to use a non-positive increment for: 4752
12-29 01:52:03.762  1790  1826 E ApplicationHelper: Fail to get PackageManager
12-29 01:52:03.764 30920 30964 E Finsky  : [6157] [Counters] attempted to use a non-positive increment for: 4753
12-29 01:52:03.765  1790  1826 E ApplicationHelper: Fail to get PackageManager
12-29 01:52:03.766  1790  1826 E ApplicationHelper: Fail to get PackageManager
12-29 01:52:03.766  1790  1826 E ApplicationHelper: Fail to get PackageManager
12-29 01:52:03.769  1790  1826 E ApplicationHelper: Fail to get PackageManager
12-29 01:52:03.769  1790  1826 E ApplicationHelper: Fail to get PackageManager
12-29 01:52:03.781  1790  2788 E ActivityManager: Sending non-protected broadcast com.mediatek.action.UNREAD_CHANGED from system 30051:com.android.settings/1000 pkg com.android.settings
12-29 01:52:03.781  1790  2788 E ActivityManager: java.lang.Throwable
12-29 01:52:03.781  1790  2788 E ActivityManager:       at com.android.server.am.ActivityManagerService.checkBroadcastFromSystem(ActivityManagerService.java:16941)
12-29 01:52:03.781  1790  2788 E ActivityManager:       at com.android.server.am.ActivityManagerService.broadcastIntentLockedTraced(ActivityManagerService.java:17951)
12-29 01:52:03.781  1790  2788 E ActivityManager:       at com.android.server.am.ActivityManagerService.broadcastIntentLocked(ActivityManagerService.java:17110)
12-29 01:52:03.781  1790  2788 E ActivityManager:       at com.android.server.am.ActivityManagerService.broadcastIntentWithFeature(ActivityManagerService.java:18202)
12-29 01:52:03.781  1790  2788 E ActivityManager:       at android.app.IActivityManager$Stub.onTransact$broadcastIntentWithFeature$(IActivityManager.java:13167)
12-29 01:52:03.781  1790  2788 E ActivityManager:       at android.app.IActivityManager$Stub.onTransact(IActivityManager.java:3384)
12-29 01:52:03.781  1790  2788 E ActivityManager:       at com.android.server.am.ActivityManagerService.onTransact(ActivityManagerService.java:3149)
12-29 01:52:03.781  1790  2788 E ActivityManager:       at android.os.Binder.execTransactInternal(Binder.java:1534)
12-29 01:52:03.781  1790  2788 E ActivityManager:       at android.os.Binder.execTransact(Binder.java:1460)
12-29 01:52:03.784  1790  1861 E TranExceptionReporterComponentImpl: init: ro.product.succ.bbcollect.log.support==1
12-29 01:52:03.784  1790  1861 E TranExceptionReporterComponentImpl: init: ro.product.succ.bbcollect.log.support==1
12-29 01:52:03.799 27363 31245 E msgr.msys: E[N WCCConnectionMEM]_WCCConnectionMEMLifecycleEventHandler(2181)=>[INFO] connection/xmpp/lifecycle_event/will-handshake, [0.3995s]
12-29 01:52:03.801 27363 31245 E msgr.msys: E[N WCCConnectionMEM]_WCCConnectionMEMLifecycleEventHandler(2181)=>[INFO] connection/xmpp/lifecycle_event/did-handshake, [0.0016s]
12-29 01:52:03.801 27363 31245 E msgr.msys: E[N WCCConnectionMEM]_WCCConnectionMEMReceiveHandler(2353)=>[INFO] connection/receive/login-success
12-29 01:52:03.802 27363 31245 E msgr.msys: E[N WCCConnectionMEM]_WCCConnectionMEMEmitStateChange(3180)=>[INFO] connection/new_state/connected [connection_id=285233836, wcc_source=1, wcc_reason=0]
12-29 01:52:03.802 27363 31245 E msgr.msys: E[C MEMConnectionManager]_MEMConnectionManagerStateChangeHandler(649)=>[Critical] MEMConnectionState updated to ID: 2 with connectionId: 285233836
12-29 01:52:03.802  1790  1826 E ApplicationHelper: Fail to get PackageManager
12-29 01:52:03.804 27363 31246 E msgr.ZeroChatDHostController: Trying to add the same listener twice. This must be a bug.
12-29 01:52:03.805  1790  1826 E ApplicationHelper: Fail to get PackageManager
12-29 01:52:03.805 27363 31256 E msgr.msys: E[C mem.context]_ZeroRatingStateChangedOnExecutionContext(8511)=>[INFO] ZeroRatingStateChange: notify wa-msys with [host: chat-e2ee-mini.facebook.com, ipv4 fallback IPs are not set, ipv6 fallback IPs are not set]
12-29 01:52:03.818 30920 30953 E Finsky  : [6146] [Counters] attempted to use a non-positive increment for: 4752
12-29 01:52:03.832 30920 30960 E Finsky  : [6153] [Counters] attempted to use a non-positive increment for: 4753
12-29 01:52:03.867  1790  1826 E ApplicationHelper: Fail to get PackageManager
12-29 01:52:03.874  1790  1826 E ApplicationHelper: Fail to get PackageManager
12-29 01:52:03.875  7380  8075 E Dialer  : ExternalAccountType - Unsupported attribute readOnly
12-29 01:52:03.875  1790  1826 E ApplicationHelper: Fail to get PackageManager
12-29 01:52:03.877  1790  1826 E ApplicationHelper: Fail to get PackageManager
12-29 01:52:03.883  1790  1826 E ApplicationHelper: Fail to get PackageManager
12-29 01:52:03.917  1790  4786 E TranDynamicBarAnimControllerImpl: TranDynamicBarAnimControllerImpl setSimplifyAnimByLauncherType pkgName:com.example
12-29 01:52:03.917  1790  4786 E TranDynamicBarAnimControllerImpl: end setSimplifyAnimByLauncherType mSimplifyAnimOpenPkgName:com.example simplifyAnimByLauncherType:0
12-29 01:52:03.917  1790  4786 E ActivityTaskManager: agaresPreload error: activityInfo is null
12-29 01:52:03.943  1790  4786 E system_server: No package ID 7f found for resource ID 0x7f010000.
12-29 01:52:03.943  1790  4786 E system_server: No package ID 7f found for resource ID 0x7f020000.
12-29 01:52:03.943  1790  4786 E system_server: No package ID 7f found for resource ID 0x7f030000.
12-29 01:52:03.943  1790  4786 E system_server: No package ID 7f found for resource ID 0x7f040000.
12-29 01:52:03.943  1790  4786 E system_server: No package ID 7f found for resource ID 0x7f050000.
12-29 01:52:03.953  1790  4786 E ActivityTaskManager: AppLaunchTracker getTaskIndex error: task is null.
12-29 01:52:03.976  1790  1790 E MBrainLocalService: notifyAppSwitch failed
12-29 01:52:04.009  1790  1826 E ApplicationHelper: Fail to get PackageManager
12-29 01:52:04.064  1790  1826 E ApplicationHelper: Fail to get PackageManager
12-29 01:52:04.064  1790  1826 E ApplicationHelper: Fail to get PackageManager
12-29 01:52:04.064  1790  1826 E ApplicationHelper: Fail to get PackageManager
12-29 01:52:04.064  1790  1826 E ApplicationHelper: Fail to get PackageManager
12-29 01:52:04.064  1790  1826 E ApplicationHelper: Fail to get PackageManager
12-29 01:52:04.064  1790  1826 E ApplicationHelper: Fail to get PackageManager
12-29 01:52:04.064  1790  1826 E ApplicationHelper: Fail to get PackageManager
12-29 01:52:04.064  1790  1826 E ApplicationHelper: Fail to get PackageManager
12-29 01:52:04.064  1790  1826 E ApplicationHelper: Fail to get PackageManager
12-29 01:52:04.064  1790  1826 E ApplicationHelper: Fail to get PackageManager
12-29 01:52:04.064  1790  1826 E ApplicationHelper: Fail to get PackageManager
12-29 01:52:04.065  1790  1826 E ApplicationHelper: Fail to get PackageManager
12-29 01:52:04.065  1790  1826 E ApplicationHelper: Fail to get PackageManager
12-29 01:52:04.065  1790  1826 E ApplicationHelper: Fail to get PackageManager
12-29 01:52:04.065  1790  1826 E ApplicationHelper: Fail to get PackageManager
12-29 01:52:04.065  1790  1826 E ApplicationHelper: Fail to get PackageManager
12-29 01:52:04.065  1790  1826 E ApplicationHelper: Fail to get PackageManager
12-29 01:52:04.065  1790  1826 E ApplicationHelper: Fail to get PackageManager
12-29 01:52:04.065  1790  1826 E ApplicationHelper: Fail to get PackageManager
12-29 01:52:04.065  1790  1826 E ApplicationHelper: Fail to get PackageManager
12-29 01:52:04.065  1790  1826 E ApplicationHelper: Fail to get PackageManager
12-29 01:52:04.065  1790  1826 E ApplicationHelper: Fail to get PackageManager
12-29 01:52:04.065  1790  1826 E ApplicationHelper: Fail to get PackageManager
12-29 01:52:04.065  1790  1826 E ApplicationHelper: Fail to get PackageManager
12-29 01:52:04.065  1790  1826 E ApplicationHelper: Fail to get PackageManager
12-29 01:52:04.065  1790  1826 E ApplicationHelper: Fail to get PackageManager
12-29 01:52:04.065  1790  1826 E ApplicationHelper: Fail to get PackageManager
12-29 01:52:04.075  1013  1085 E surfaceflinger: == MALI DEBUG ===eglp_winsys_populate_image_templates ==12288
12-29 01:52:04.075  7380  8075 E Dialer  : ExternalAccountType - Unsupported attribute readOnly
12-29 01:52:04.155   956   983 E mtkpower@impl: [setMode] unknown type
12-29 01:52:04.155  1790  1826 E ApplicationHelper: Fail to get PackageManager
12-29 01:52:04.166  1790  1826 E ApplicationHelper: Fail to get PackageManager
12-29 01:52:04.166  1790  1826 E ApplicationHelper: Fail to get PackageManager
12-29 01:52:04.166  1790  1826 E ApplicationHelper: Fail to get PackageManager
12-29 01:52:04.187  1790  1826 E ApplicationHelper: Fail to get PackageManager
12-29 01:52:04.187  1790  1826 E ApplicationHelper: Fail to get PackageManager
12-29 01:52:04.187  1790  1826 E ApplicationHelper: Fail to get PackageManager
12-29 01:52:04.229  1790  1955 E JobScheduler.Concurrency: Error executing JobStatus{c72802f #u0a277/100050 com.microsoft.appmanager/com.microsoft.mmx.agents.EventAggregatorJob u=0 s=10277 TIME=-18h35m17s418ms:-17h23m17s418ms NET BATNOTLOW PERIODIC PERSISTED READY}
12-29 01:52:04.244  1790  1955 E JobScheduler.Concurrency: Error executing JobStatus{f6a97d3 #u0a277/3232 com.microsoft.appmanager/androidx.work.impl.background.systemjob.SystemJobService u=0 s=10277 TIME=-17h21m32s943ms:none NET READY}
12-29 01:52:04.250  1790  1955 E JobScheduler.Concurrency: Error executing JobStatus{1771c3c #u0a277/3233 com.microsoft.appmanager/androidx.work.impl.background.systemjob.SystemJobService u=0 s=10277 TIME=-17h21m32s785ms:none NET READY}
12-29 01:52:04.254  1790  1955 E JobScheduler.Concurrency: Error executing JobStatus{b0f5794 #u0a277/3244 com.microsoft.appmanager/androidx.work.impl.background.systemjob.SystemJobService u=0 s=10277 TIME=-19h13m44s958ms:none NET READY}
12-29 01:52:04.256  1790  1955 E JobScheduler.Concurrency: Error executing JobStatus{779a678 #u0a303/1701784087 com.fast.free.unblock.thunder.vpn/com.google.android.datatransport.runtime.scheduling.jobscheduling.JobInfoSchedulerService u=0 s=10303 TIME=-8h39m39s369ms:none NET READY}
12-29 01:52:04.264  1790  1826 E ApplicationHelper: Fail to get PackageManager
12-29 01:52:04.265  1790  1826 E ApplicationHelper: Fail to get PackageManager
12-29 01:52:04.269  1790  1826 E ApplicationHelper: Fail to get PackageManager
12-29 01:52:04.269  1790  1826 E ApplicationHelper: Fail to get PackageManager
12-29 01:52:04.364  1790  1826 E ApplicationHelper: Fail to get PackageManager
12-29 01:52:04.365  1790  1826 E ApplicationHelper: Fail to get PackageManager
12-29 01:52:04.393  1790  1826 E ApplicationHelper: Fail to get PackageManager
12-29 01:52:04.394  1790  1826 E ApplicationHelper: Fail to get PackageManager
12-29 01:52:04.402   956   983 E mtkpower@impl: [setMode] unknown type
12-29 01:52:04.409  1790  1826 E ApplicationHelper: Fail to get PackageManager
12-29 01:52:04.415  1790  1826 E ApplicationHelper: Fail to get PackageManager
12-29 01:52:04.415  1790  1826 E ApplicationHelper: Fail to get PackageManager
12-29 01:52:04.427  1790  2869 E ActivityManager: Sending non-protected broadcast com.mediatek.action.UNREAD_CHANGED from system 30051:com.android.settings/1000 pkg com.android.settings
12-29 01:52:04.427  1790  2869 E ActivityManager: java.lang.Throwable
12-29 01:52:04.427  1790  2869 E ActivityManager:       at com.android.server.am.ActivityManagerService.checkBroadcastFromSystem(ActivityManagerService.java:16941)
12-29 01:52:04.427  1790  2869 E ActivityManager:       at com.android.server.am.ActivityManagerService.broadcastIntentLockedTraced(ActivityManagerService.java:17951)
12-29 01:52:04.427  1790  2869 E ActivityManager:       at com.android.server.am.ActivityManagerService.broadcastIntentLocked(ActivityManagerService.java:17110)
12-29 01:52:04.427  1790  2869 E ActivityManager:       at com.android.server.am.ActivityManagerService.broadcastIntentWithFeature(ActivityManagerService.java:18202)
12-29 01:52:04.427  1790  2869 E ActivityManager:       at android.app.IActivityManager$Stub.onTransact$broadcastIntentWithFeature$(IActivityManager.java:13167)
12-29 01:52:04.427  1790  2869 E ActivityManager:       at android.app.IActivityManager$Stub.onTransact(IActivityManager.java:3384)
12-29 01:52:04.427  1790  2869 E ActivityManager:       at com.android.server.am.ActivityManagerService.onTransact(ActivityManagerService.java:3149)
12-29 01:52:04.427  1790  2869 E ActivityManager:       at android.os.Binder.execTransactInternal(Binder.java:1534)
12-29 01:52:04.427  1790  2869 E ActivityManager:       at android.os.Binder.execTransact(Binder.java:1460)
12-29 01:52:04.433  1790  1861 E TranExceptionReporterComponentImpl: init: ro.product.succ.bbcollect.log.support==1
12-29 01:52:04.433  1790  1861 E TranExceptionReporterComponentImpl: init: ro.product.succ.bbcollect.log.support==1
12-29 01:52:04.458  1790  1790 E MBrainLocalService: notifyAppSwitch failed
12-29 01:52:04.499  1790  1826 E ApplicationHelper: Fail to get PackageManager
12-29 01:52:04.567 22270 22270 E AndroidRuntime: FATAL EXCEPTION: main
12-29 01:52:04.567 22270 22270 E AndroidRuntime: Process: com.example, PID: 22270
12-29 01:52:04.567 22270 22270 E AndroidRuntime: java.lang.UnsatisfiedLinkError: dlopen failed: library "libhermes_executor.so" not found
12-29 01:52:04.567 22270 22270 E AndroidRuntime:        at java.lang.Runtime.loadLibrary0(Runtime.java:1097)
12-29 01:52:04.567 22270 22270 E AndroidRuntime:        at java.lang.Runtime.loadLibrary0(Runtime.java:1019)
12-29 01:52:04.567 22270 22270 E AndroidRuntime:        at java.lang.System.loadLibrary(System.java:1765)
12-29 01:52:04.567 22270 22270 E AndroidRuntime:        at com.facebook.soloader.nativeloader.SystemDelegate.loadLibrary(SystemDelegate.java:24)
12-29 01:52:04.567 22270 22270 E AndroidRuntime:        at com.facebook.soloader.nativeloader.NativeLoader.loadLibrary(NativeLoader.java:52)
12-29 01:52:04.567 22270 22270 E AndroidRuntime:        at com.facebook.soloader.nativeloader.NativeLoader.loadLibrary(NativeLoader.java:30)
12-29 01:52:04.567 22270 22270 E AndroidRuntime:        at com.facebook.soloader.SoLoader.loadLibrary(SoLoader.java:812)
12-29 01:52:04.567 22270 22270 E AndroidRuntime:        at com.facebook.hermes.reactexecutor.HermesExecutor.loadLibrary(HermesExecutor.java:27)
12-29 01:52:04.567 22270 22270 E AndroidRuntime:        at com.facebook.hermes.reactexecutor.HermesExecutor.<clinit>(HermesExecutor.java:20)
12-29 01:52:04.567 22270 22270 E AndroidRuntime:        at com.facebook.react.ReactInstanceManagerBuilder.getDefaultJSExecutorFactory(ReactInstanceManagerBuilder.java:407)
12-29 01:52:04.567 22270 22270 E AndroidRuntime:        at com.facebook.react.ReactInstanceManagerBuilder.build(ReactInstanceManagerBuilder.java:349)
12-29 01:52:04.567 22270 22270 E AndroidRuntime:        at com.facebook.react.ReactNativeHost.createReactInstanceManager(ReactNativeHost.java:87)
12-29 01:52:04.567 22270 22270 E AndroidRuntime:        at com.facebook.react.ReactNativeHost.getReactInstanceManager(ReactNativeHost.java:57)
12-29 01:52:04.567 22270 22270 E AndroidRuntime:        at com.facebook.react.ReactDelegate.loadApp(ReactDelegate.java:301)
12-29 01:52:04.567 22270 22270 E AndroidRuntime:        at com.facebook.react.ReactActivityDelegate.loadApp(ReactActivityDelegate.java:137)
12-29 01:52:04.567 22270 22270 E AndroidRuntime:        at com.facebook.react.ReactActivityDelegate.onCreate(ReactActivityDelegate.java:132)
12-29 01:52:04.567 22270 22270 E AndroidRuntime:        at com.facebook.react.ReactActivity.onCreate(ReactActivity.java:47)
12-29 01:52:04.567 22270 22270 E AndroidRuntime:        at android.app.Activity.performCreate(Activity.java:9028)
12-29 01:52:04.567 22270 22270 E AndroidRuntime:        at android.app.Activity.performCreate(Activity.java:9006)
12-29 01:52:04.567 22270 22270 E AndroidRuntime:        at android.app.Instrumentation.callActivityOnCreate(Instrumentation.java:1530)
12-29 01:52:04.567 22270 22270 E AndroidRuntime:        at android.app.ActivityThread.performLaunchActivity(ActivityThread.java:4285)
12-29 01:52:04.567 22270 22270 E AndroidRuntime:        at android.app.ActivityThread.handleLaunchActivity(ActivityThread.java:4494)
12-29 01:52:04.567 22270 22270 E AndroidRuntime:        at android.app.servertransaction.LaunchActivityItem.execute(LaunchActivityItem.java:123)
12-29 01:52:04.567 22270 22270 E AndroidRuntime:        at android.app.servertransaction.TransactionExecutor.executeNonLifecycleItem(TransactionExecutor.java:174)
12-29 01:52:04.567 22270 22270 E AndroidRuntime:        at android.app.servertransaction.TransactionExecutor.executeTransactionItems(TransactionExecutor.java:109)
12-29 01:52:04.567 22270 22270 E AndroidRuntime:        at android.app.servertransaction.TransactionExecutor.execute(TransactionExecutor.java:81)
12-29 01:52:04.567 22270 22270 E AndroidRuntime:        at android.app.ActivityThread$H.handleMessage(ActivityThread.java:2786)
12-29 01:52:04.567 22270 22270 E AndroidRuntime:        at android.os.Handler.dispatchMessage(Handler.java:107)
12-29 01:52:04.567 22270 22270 E AndroidRuntime:        at android.os.Looper.loopOnce(Looper.java:311)
12-29 01:52:04.567 22270 22270 E AndroidRuntime:        at android.os.Looper.loop(Looper.java:408)
12-29 01:52:04.567 22270 22270 E AndroidRuntime:        at android.app.ActivityThread.main(ActivityThread.java:9119)
12-29 01:52:04.567 22270 22270 E AndroidRuntime:        at java.lang.reflect.Method.invoke(Native Method)
12-29 01:52:04.567 22270 22270 E AndroidRuntime:        at com.android.internal.os.RuntimeInit$MethodAndArgsCaller.run(RuntimeInit.java:627)
12-29 01:52:04.567 22270 22270 E AndroidRuntime:        at com.android.internal.os.ZygoteInit.main(ZygoteInit.java:970)
12-29 01:52:04.583  1790  3027 E TranExceptionReporterComponentImpl: init: ro.product.succ.bbcollect.log.support==1
12-29 01:52:04.583  1790  3027 E TranExceptionReporterComponentImpl: init: ro.product.succ.bbcollect.log.support==1
12-29 01:52:04.593  1790  1826 E ApplicationHelper: Fail to get PackageManager
12-29 01:52:04.599  1790  1878 E TranCPUBooster: setTranSchedUxTags fail tid: 2403 threadName: wmshell.anim
12-29 01:52:04.599  1790  1878 E TranCPUBooster: setTranSchedUxTags fail tid: 2401 threadName: ux_exact_wmshell.main
12-29 01:52:04.600  1790  1790 E MBrainLocalService: notifyAppSwitch failed
12-29 01:52:04.646  1013  1085 E surfaceflinger: == MALI DEBUG ===eglp_winsys_populate_image_templates ==12288
12-29 01:52:04.652  2347  2674 E FrameEvents: addRelease: Did not find frame.
12-29 01:52:04.687  1790  1826 E ApplicationHelper: Fail to get PackageManager
12-29 01:52:04.722  1013  1085 E surfaceflinger: == MALI DEBUG ===eglp_winsys_populate_image_templates ==12288
12-29 01:52:04.732  1013  1085 E surfaceflinger: == MALI DEBUG ===eglp_winsys_populate_image_templates ==12288
12-29 01:52:04.740  1013  1085 E surfaceflinger: == MALI DEBUG ===eglp_winsys_populate_image_templates ==12288
12-29 01:52:04.751  1013  1085 E surfaceflinger: == MALI DEBUG ===eglp_winsys_populate_image_templates ==12288
12-29 01:52:04.768  1013  1085 E surfaceflinger: == MALI DEBUG ===eglp_winsys_populate_image_templates ==12288
12-29 01:52:04.768   956   983 E mtkpower@impl: [setMode] unknown type
12-29 01:52:04.784  1790  1840 E TranTabeServiceManager: PendingMessageList handle done.
12-29 01:52:04.784  1790  1826 E ApplicationHelper: Fail to get PackageManager
12-29 01:52:04.786  1013  1085 E surfaceflinger: == MALI DEBUG ===eglp_winsys_populate_image_templates ==12288
12-29 01:52:04.923   667   667 E android.system.suspend-service: Error opening kernel wakelock stats for: wakeup58 (../../devices/platform/extcon_usb/wakeup/wakeup58): Permission denied
12-29 01:52:04.927   667   667 E android.system.suspend-service: Error opening kernel wakelock stats for: wakeup48 (../../devices/platform/soc/11015000.i2c/i2c-3/3-002b/power_supply/wireless/wakeup48): Permission denied
12-29 01:52:04.950   956   983 E mtkpower@impl: [setMode] unknown type
12-29 01:52:04.958   667   667 E android.system.suspend-service: Error opening kernel wakelock stats for: wakeup26 (../../devices/platform/mtk_ctd/power_supply/mtk_charger_type/wakeup26): Permission denied
12-29 01:52:04.967   667   667 E android.system.suspend-service: Error opening kernel wakelock stats for: wakeup0 (../../devices/platform/soc/10228000.gce/wakeup/wakeup0): Permission denied
12-29 01:52:04.970   667   667 E android.system.suspend-service: Error opening kernel wakelock stats for: wakeup34 (../../devices/platform/soc/11f00000.i2c/i2c-7/7-0055/wakeup/wakeup34): Permission denied
12-29 01:52:04.981   667   667 E android.system.suspend-service: Error opening kernel wakelock stats for: wakeup14 (../../devices/platform/soc/11017000.i2c/i2c-5/5-006b/power_supply/charger/wakeup14): Permission denied
12-29 01:52:04.983   667   667 E android.system.suspend-service: Error opening kernel wakelock stats for: wakeup42 (../../devices/platform/soc/10026000.pwrap/10026000.pwrap:mt6366/mt6358-gauge/power_supply/battery/wakeup42): Permission denied
12-29 01:52:04.998   667   667 E android.system.suspend-service: Error opening kernel wakelock stats for: wakeup12 (../../devices/platform/soc/10026000.pwrap/10026000.pwrap:mt6366/mt6358-rtc/wakeup/wakeup12): Permission denied
12-29 01:52:05.005   667   667 E android.system.suspend-service: Error opening kernel wakelock stats for: wakeup30 (../../devices/platform/odm/odm:pid_chg/wakeup/wakeup30): Permission denied
12-29 01:52:05.011   667   667 E android.system.suspend-service: Error opening kernel wakelock stats for: wakeup49 (../../devices/platform/soc/11015000.i2c/i2c-3/3-002b/wakeup/wakeup49): Permission denied
12-29 01:52:05.020   667   667 E android.system.suspend-service: Error opening kernel wakelock stats for: wakeup29 (../../devices/platform/odm/odm:tran_auto_test/power_supply/tran-auto-test/wakeup29): Permission denied
12-29 01:52:05.026   667   667 E android.system.suspend-service: Error opening kernel wakelock stats for: wakeup47 (../../devices/platform/soc/11015000.i2c/i2c-3/3-002b/wakeup/wakeup47): Permission denied
12-29 01:52:05.030   667   667 E android.system.suspend-service: Error opening kernel wakelock stats for: wakeup258 (../../devices/platform/soc/11010000.spi1/spi_master/spi1/spi1.0/input/input5/wakeup258): Permission denied
12-29 01:52:05.030   667   667 E android.system.suspend-service: Error opening kernel wakelock stats for: wakeup37 (../../devices/platform/pe5/wakeup/wakeup37): Permission denied
12-29 01:52:05.043   667   667 E android.system.suspend-service: Error opening kernel wakelock stats for: wakeup256 (../../devices/platform/1a000000.camisp_legacy/wakeup/wakeup256): Permission denied
12-29 01:52:05.048   667   667 E android.system.suspend-service: Error opening kernel wakelock stats for: wakeup25 (../../devices/platform/soc/1101a000.i2c/i2c-6/6-004e/wakeup/wakeup25): Permission denied
12-29 01:52:05.054   667   667 E android.system.suspend-service: Error opening kernel wakelock stats for: wakeup43 (../../devices/platform/soc/10026000.pwrap/10026000.pwrap:mt6366/mt6358-gauge/power_supply/mtk-gauge/wakeup43): Permission denied
12-29 01:52:05.058   667   667 E android.system.suspend-service: Error opening kernel wakelock stats for: wakeup33 (../../devices/platform/soc/11017000.i2c/i2c-5/5-0054/wakeup/wakeup33): Permission denied
12-29 01:52:05.066   667   667 E android.system.suspend-service: Error opening kernel wakelock stats for: wakeup13 (../../devices/platform/soc/10026000.pwrap/10026000.pwrap:mt6366/mt6358-rtc/rtc/rtc0/alarmtimer.1.auto/wakeup/wakeup13): Permission denied
12-29 01:52:05.079   667   667 E android.system.suspend-service: Error opening kernel wakelock stats for: wakeup6 (../../devices/platform/soc/10026000.pwrap/10026000.pwrap:mt6366/mt635x-auxadc/wakeup/wakeup6): Permission denied
12-29 01:52:05.105  1790  1790 E MBrainLocalService: notifyAppSwitch failed
12-29 01:52:05.111  1790  1826 E ApplicationHelper: Fail to get PackageManager
12-29 01:52:05.111  1790  1826 E ApplicationHelper: Fail to get PackageManager
12-29 01:52:05.115  1790  1826 E ApplicationHelper: Fail to get PackageManager
12-29 01:52:05.115  1790  1826 E ApplicationHelper: Fail to get PackageManager
12-29 01:52:05.121  1790  1826 E ApplicationHelper: Fail to get PackageManager
12-29 01:52:05.121  1790  1826 E ApplicationHelper: Fail to get PackageManager
12-29 01:52:05.126  1013  1085 E surfaceflinger: == MALI DEBUG ===eglp_winsys_populate_image_templates ==12288
12-29 01:52:05.129  1790  1826 E ApplicationHelper: Fail to get PackageManager
12-29 01:52:05.129  1790  1826 E ApplicationHelper: Fail to get PackageManager
12-29 01:52:05.135   956   983 E mtkpower@impl: [setMode] unknown type
12-29 01:52:05.147  1790  1826 E ApplicationHelper: Fail to get PackageManager
12-29 01:52:05.147  1790  1826 E ApplicationHelper: Fail to get PackageManager
12-29 01:52:05.147  1790  1826 E ApplicationHelper: Fail to get PackageManager
12-29 01:52:05.147  1790  1826 E ApplicationHelper: Fail to get PackageManager
12-29 01:52:05.147  1790  1826 E ApplicationHelper: Fail to get PackageManager
12-29 01:52:05.147  1790  1826 E ApplicationHelper: Fail to get PackageManager
12-29 01:52:05.164  1790  1955 E JobScheduler.Concurrency: Error executing JobStatus{c72802f #u0a277/100050 com.microsoft.appmanager/com.microsoft.mmx.agents.EventAggregatorJob u=0 s=10277 TIME=-18h35m18s353ms:-17h23m18s353ms NET BATNOTLOW PERIODIC PERSISTED READY}
12-29 01:52:05.171  1790  1955 E JobScheduler.Concurrency: Error executing JobStatus{f6a97d3 #u0a277/3232 com.microsoft.appmanager/androidx.work.impl.background.systemjob.SystemJobService u=0 s=10277 TIME=-17h21m33s870ms:none NET READY}
12-29 01:52:05.176  1790  1955 E JobScheduler.Concurrency: Error executing JobStatus{1771c3c #u0a277/3233 com.microsoft.appmanager/androidx.work.impl.background.systemjob.SystemJobService u=0 s=10277 TIME=-17h21m33s710ms:none NET READY}
12-29 01:52:05.179  1790  1955 E JobScheduler.Concurrency: Error executing JobStatus{b0f5794 #u0a277/3244 com.microsoft.appmanager/androidx.work.impl.background.systemjob.SystemJobService u=0 s=10277 TIME=-19h13m45s883ms:none NET READY}
12-29 01:52:05.183  1790  1955 E JobScheduler.Concurrency: Error executing JobStatus{779a678 #u0a303/1701784087 com.fast.free.unblock.thunder.vpn/com.google.android.datatransport.runtime.scheduling.jobscheduling.JobInfoSchedulerService u=0 s=10303 TIME=-8h39m40s295ms:none NET READY}
12-29 01:52:05.482   956   983 E mtkpower@impl: [setMode] unknown type
12-29 01:52:05.505  1790  1826 E ApplicationHelper: Fail to get PackageManager
12-29 01:52:05.510  1790  2138 E system_server: == MALI DEBUG ===eglp_winsys_populate_image_templates ==12288
12-29 01:52:07.386  1790  1974 E TranDynamicBarAnimControllerImpl: TranDynamicBarAnimControllerImpl setFromDynamicIslandToWindow pkgName:com.facebook.services
12-29 01:52:07.386  1790  1974 E TranDynamicBarAnimControllerImpl: start setFromDynamicIslandToWindow startFromDynamicIsland:false
12-29 01:52:07.387  1790  1974 E TranDynamicBarAnimControllerImpl: end setFromDynamicIslandToWindow mDynamicIslandPkgName:com.facebook.services mStartFromDynamicIsland:false
12-29 01:52:07.393  1790  1826 E ApplicationHelper: Fail to get PackageManager
12-29 01:52:07.414  1790  1826 E ApplicationHelper: Fail to get PackageManager
12-29 01:52:08.076  1790  1826 E ApplicationHelper: Fail to get PackageManager
12-29 01:52:08.172  1790  1826 E ApplicationHelper: Fail to get PackageManager
12-29 01:52:08.241  1790  1826 E ApplicationHelper: Fail to get PackageManager
12-29 01:52:09.705  1790  1826 E ApplicationHelper: Fail to get PackageManager
12-29 01:52:09.750  1790  1826 E ApplicationHelper: Fail to get PackageManager
12-29 01:52:10.459  1790  1826 E ApplicationHelper: Fail to get PackageManager
12-29 01:52:10.508  1790  1826 E ApplicationHelper: Fail to get PackageManager
12-29 01:52:12.413  1790  1974 E TranDynamicBarAnimControllerImpl: TranDynamicBarAnimControllerImpl setFromDynamicIslandToWindow pkgName:com.facebook.services
12-29 01:52:12.413  1790  1974 E TranDynamicBarAnimControllerImpl: start setFromDynamicIslandToWindow startFromDynamicIsland:false
12-29 01:52:12.413  1790  1974 E TranDynamicBarAnimControllerImpl: end setFromDynamicIslandToWindow mDynamicIslandPkgName:com.facebook.services mStartFromDynamicIsland:false
12-29 01:52:12.419  1790  1826 E ApplicationHelper: Fail to get PackageManager
12-29 01:52:12.435  1790  1826 E ApplicationHelper: Fail to get PackageManager
12-29 01:52:13.029  1790  1826 E ApplicationHelper: Fail to get PackageManager
12-29 01:52:13.379  1790  1826 E ApplicationHelper: Fail to get PackageManager
12-29 01:52:13.382  1790  1826 E ApplicationHelper: Fail to get PackageManager
12-29 01:52:13.894  1790  1974 E TranDynamicBarAnimControllerImpl: TranDynamicBarAnimControllerImpl setFromDynamicIslandToWindow pkgName:com.google.android.gms
12-29 01:52:13.894  1790  1974 E TranDynamicBarAnimControllerImpl: start setFromDynamicIslandToWindow startFromDynamicIsland:false
12-29 01:52:13.895  1790  1974 E TranDynamicBarAnimControllerImpl: end setFromDynamicIslandToWindow mDynamicIslandPkgName:com.google.android.gms mStartFromDynamicIsland:false
12-29 01:52:13.904  1790  1826 E ApplicationHelper: Fail to get PackageManager
12-29 01:52:13.904  1790  1826 E ApplicationHelper: Fail to get PackageManager
12-29 01:52:13.925  1790  1826 E ApplicationHelper: Fail to get PackageManager
12-29 01:52:13.925  1790  1826 E ApplicationHelper: Fail to get PackageManager
12-29 01:52:13.972  1790  1826 E ApplicationHelper: Fail to get PackageManager
12-29 01:52:13.973  1790  1826 E ApplicationHelper: Fail to get PackageManager
12-29 01:52:13.973  1790  1826 E ApplicationHelper: Fail to get PackageManager
12-29 01:52:13.982  1790  1826 E ApplicationHelper: Fail to get PackageManager
12-29 01:52:13.982  1790  1826 E ApplicationHelper: Fail to get PackageManager
12-29 01:52:13.982  1790  1826 E ApplicationHelper: Fail to get PackageManager
12-29 01:52:13.994  1790  1826 E ApplicationHelper: Fail to get PackageManager
12-29 01:52:13.995  1790  1826 E ApplicationHelper: Fail to get PackageManager
12-29 01:52:13.995  1790  1826 E ApplicationHelper: Fail to get PackageManager
12-29 01:52:14.003  1790  1826 E ApplicationHelper: Fail to get PackageManager
12-29 01:52:14.003  1790  1826 E ApplicationHelper: Fail to get PackageManager
12-29 01:52:14.006  1790  1826 E ApplicationHelper: Fail to get PackageManager
12-29 01:52:14.006  1790  1826 E ApplicationHelper: Fail to get PackageManager
12-29 01:52:14.028  1790  1826 E ApplicationHelper: Fail to get PackageManager
